Archive member included to satisfy reference by file (symbol)

/usr/bin/../lib/gcc/arm-none-eabi/10.2.1/thumb/v6-m/nofp/libgcc.a(_dvmd_tls.o)
                              CMakeFiles/pico16470.dir/home/henry/code/pico-sdk/src/rp2_common/pico_divider/divider.S.obj (__aeabi_idiv0)
/usr/bin/../lib/gcc/arm-none-eabi/10.2.1/../../../../arm-none-eabi/lib/thumb/v6-m/nofp/libg.a(lib_a-calloc.o)
                              CMakeFiles/pico16470.dir/home/henry/code/pico-sdk/src/rp2_common/pico_malloc/pico_malloc.c.obj (calloc)
/usr/bin/../lib/gcc/arm-none-eabi/10.2.1/../../../../arm-none-eabi/lib/thumb/v6-m/nofp/libg.a(lib_a-callocr.o)
                              /usr/bin/../lib/gcc/arm-none-eabi/10.2.1/../../../../arm-none-eabi/lib/thumb/v6-m/nofp/libg.a(lib_a-calloc.o) (_calloc_r)
/usr/bin/../lib/gcc/arm-none-eabi/10.2.1/../../../../arm-none-eabi/lib/thumb/v6-m/nofp/libg.a(lib_a-impure.o)
                              /usr/bin/../lib/gcc/arm-none-eabi/10.2.1/../../../../arm-none-eabi/lib/thumb/v6-m/nofp/libg.a(lib_a-calloc.o) (_impure_ptr)
/usr/bin/../lib/gcc/arm-none-eabi/10.2.1/../../../../arm-none-eabi/lib/thumb/v6-m/nofp/libg.a(lib_a-init.o)
                              /usr/bin/../lib/gcc/arm-none-eabi/10.2.1/../../../../arm-none-eabi/lib/thumb/v6-m/nofp/crt0.o (__libc_init_array)
/usr/bin/../lib/gcc/arm-none-eabi/10.2.1/../../../../arm-none-eabi/lib/thumb/v6-m/nofp/libg.a(lib_a-malloc.o)
                              CMakeFiles/pico16470.dir/home/henry/code/pico-sdk/src/rp2_common/pico_malloc/pico_malloc.c.obj (malloc)
/usr/bin/../lib/gcc/arm-none-eabi/10.2.1/../../../../arm-none-eabi/lib/thumb/v6-m/nofp/libg.a(lib_a-mallocr.o)
                              /usr/bin/../lib/gcc/arm-none-eabi/10.2.1/../../../../arm-none-eabi/lib/thumb/v6-m/nofp/libg.a(lib_a-callocr.o) (_malloc_r)
/usr/bin/../lib/gcc/arm-none-eabi/10.2.1/../../../../arm-none-eabi/lib/thumb/v6-m/nofp/libg.a(lib_a-mlock.o)
                              /usr/bin/../lib/gcc/arm-none-eabi/10.2.1/../../../../arm-none-eabi/lib/thumb/v6-m/nofp/libg.a(lib_a-mallocr.o) (__malloc_lock)
/usr/bin/../lib/gcc/arm-none-eabi/10.2.1/../../../../arm-none-eabi/lib/thumb/v6-m/nofp/libg.a(lib_a-sbrkr.o)
                              /usr/bin/../lib/gcc/arm-none-eabi/10.2.1/../../../../arm-none-eabi/lib/thumb/v6-m/nofp/libg.a(lib_a-mallocr.o) (_sbrk_r)
/usr/bin/../lib/gcc/arm-none-eabi/10.2.1/../../../../arm-none-eabi/lib/thumb/v6-m/nofp/libg.a(lib_a-strlen-stub.o)
                              CMakeFiles/pico16470.dir/home/henry/code/pico-sdk/src/rp2_common/pico_stdio/stdio.c.obj (strlen)
/usr/bin/../lib/gcc/arm-none-eabi/10.2.1/../../../../arm-none-eabi/lib/thumb/v6-m/nofp/libg.a(lib_a-freer.o)
                              /usr/bin/../lib/gcc/arm-none-eabi/10.2.1/../../../../arm-none-eabi/lib/thumb/v6-m/nofp/libg.a(lib_a-malloc.o) (_free_r)
/usr/bin/../lib/gcc/arm-none-eabi/10.2.1/../../../../arm-none-eabi/lib/thumb/v6-m/nofp/libg.a(lib_a-lock.o)
                              /usr/bin/../lib/gcc/arm-none-eabi/10.2.1/../../../../arm-none-eabi/lib/thumb/v6-m/nofp/libg.a(lib_a-mlock.o) (__retarget_lock_acquire_recursive)
/usr/bin/../lib/gcc/arm-none-eabi/10.2.1/../../../../arm-none-eabi/lib/thumb/v6-m/nofp/libg.a(lib_a-reent.o)
                              /usr/bin/../lib/gcc/arm-none-eabi/10.2.1/../../../../arm-none-eabi/lib/thumb/v6-m/nofp/libg.a(lib_a-sbrkr.o) (errno)

Discarded input sections

 .text          0x0000000000000000        0x0 /usr/bin/../lib/gcc/arm-none-eabi/10.2.1/thumb/v6-m/nofp/crti.o
 .data          0x0000000000000000        0x0 /usr/bin/../lib/gcc/arm-none-eabi/10.2.1/thumb/v6-m/nofp/crti.o
 .bss           0x0000000000000000        0x0 /usr/bin/../lib/gcc/arm-none-eabi/10.2.1/thumb/v6-m/nofp/crti.o
 .data          0x0000000000000000        0x4 /usr/bin/../lib/gcc/arm-none-eabi/10.2.1/thumb/v6-m/nofp/crtbegin.o
 .rodata        0x0000000000000000       0x24 /usr/bin/../lib/gcc/arm-none-eabi/10.2.1/thumb/v6-m/nofp/crtbegin.o
 .fini_array    0x0000000000000000        0x4 /usr/bin/../lib/gcc/arm-none-eabi/10.2.1/thumb/v6-m/nofp/crtbegin.o
 .text          0x0000000000000000       0x80 /usr/bin/../lib/gcc/arm-none-eabi/10.2.1/../../../../arm-none-eabi/lib/thumb/v6-m/nofp/crt0.o
 .data          0x0000000000000000        0x0 /usr/bin/../lib/gcc/arm-none-eabi/10.2.1/../../../../arm-none-eabi/lib/thumb/v6-m/nofp/crt0.o
 .bss           0x0000000000000000        0x0 /usr/bin/../lib/gcc/arm-none-eabi/10.2.1/../../../../arm-none-eabi/lib/thumb/v6-m/nofp/crt0.o
 .ARM.extab     0x0000000000000000        0x0 /usr/bin/../lib/gcc/arm-none-eabi/10.2.1/../../../../arm-none-eabi/lib/thumb/v6-m/nofp/crt0.o
 .ARM.exidx     0x0000000000000000       0x10 /usr/bin/../lib/gcc/arm-none-eabi/10.2.1/../../../../arm-none-eabi/lib/thumb/v6-m/nofp/crt0.o
 .ARM.attributes
                0x0000000000000000       0x1b /usr/bin/../lib/gcc/arm-none-eabi/10.2.1/../../../../arm-none-eabi/lib/thumb/v6-m/nofp/crt0.o
[...]
Memory Configuration

Name             Origin             Length             Attributes
FLASH            0x0000000010000000 0x0000000000200000 xr
RAM              0x0000000020000000 0x0000000000040000 xrw
SCRATCH_X        0x0000000020040000 0x0000000000001000 xrw
SCRATCH_Y        0x0000000020041000 0x0000000000001000 xrw
*default*        0x0000000000000000 0xffffffffffffffff

Linker script and memory map

LOAD /usr/bin/../lib/gcc/arm-none-eabi/10.2.1/thumb/v6-m/nofp/crti.o
LOAD /usr/bin/../lib/gcc/arm-none-eabi/10.2.1/thumb/v6-m/nofp/crtbegin.o
LOAD /usr/bin/../lib/gcc/arm-none-eabi/10.2.1/../../../../arm-none-eabi/lib/thumb/v6-m/nofp/crt0.o

.flash_begin    0x0000000010000000        0x0
                0x0000000010000000                __flash_binary_start = .

.boot2          0x0000000010000000      0x100
                0x0000000010000000                __boot2_start__ = .
 *(.boot2)
 .boot2         0x0000000010000000      0x100 /tmp/ccEFeV2t.o
                0x0000000010000100                __boot2_end__ = .
                0x0000000000000001                ASSERT (((__boot2_end__ - __boot2_start__) == 0x100), ERROR: Pico second stage bootloader must be 256 bytes in size)

.text           0x0000000010000100     0x43e0
                0x0000000010000100                __logical_binary_start = .
 *(.vectors)
 .vectors       0x0000000010000100       0xd4 CMakeFiles/pico16470.dir/home/henry/code/pico-sdk/src/rp2_common/pico_standard_link/crt0.S.obj
                0x0000000010000100                __vectors
                0x0000000010000100                __VECTOR_TABLE
                0x00000000100001c0                isr_invalid
                0x00000000100001c0                __default_isrs_start
                0x00000000100001c2                isr_nmi
                0x00000000100001c4                isr_hardfault
                0x00000000100001c6                isr_svcall
                0x00000000100001c8                isr_pendsv
                0x00000000100001ca                isr_systick
                0x00000000100001cc                isr_irq30
                0x00000000100001cc                __unhandled_user_irq
                0x00000000100001cc                isr_irq13
                0x00000000100001cc                isr_irq27
                0x00000000100001cc                isr_irq31
                0x00000000100001cc                isr_irq5
                0x00000000100001cc                isr_irq11
                0x00000000100001cc                isr_irq23
                0x00000000100001cc                isr_irq18
                0x00000000100001cc                isr_irq28
                0x00000000100001cc                isr_irq19
                0x00000000100001cc                isr_irq0
                0x00000000100001cc                isr_irq6
                0x00000000100001cc                isr_irq22
                0x00000000100001cc                isr_irq17
                0x00000000100001cc                isr_irq14
                0x00000000100001cc                isr_irq2
                0x00000000100001cc                isr_irq10
                0x00000000100001cc                isr_irq8
                0x00000000100001cc                isr_irq24
                0x00000000100001cc                isr_irq1
                0x00000000100001cc                isr_irq7
                0x00000000100001cc                isr_irq21
                0x00000000100001cc                isr_irq20
                0x00000000100001cc                isr_irq15
                0x00000000100001cc                isr_irq25
                0x00000000100001cc                isr_irq4
                0x00000000100001cc                isr_irq16
                0x00000000100001cc                isr_irq29
                0x00000000100001cc                isr_irq26
                0x00000000100001cc                __default_isrs_end
                0x00000000100001cc                isr_irq3
                0x00000000100001cc                isr_irq12
                0x00000000100001cc                isr_irq9
                0x00000000100001d2                unhandled_user_irq_num_in_r0
 *(.binary_info_header)
 .binary_info_header
                0x00000000100001d4       0x14 CMakeFiles/pico16470.dir/home/henry/code/pico-sdk/src/rp2_common/pico_standard_link/crt0.S.obj
                0x00000000100001e8                __binary_info_header_end = .
 *(.reset)
 .reset         0x00000000100001e8       0xa8 CMakeFiles/pico16470.dir/home/henry/code/pico-sdk/src/rp2_common/pico_standard_link/crt0.S.obj
                0x00000000100001e8                _entry_point
                0x0000000010000266                __get_current_exception
 .reset         0x0000000010000290       0x30 CMakeFiles/pico16470.dir/home/henry/code/pico-sdk/src/rp2_common/pico_standard_link/binary_info.c.obj
 *(.init)
 .init          0x00000000100002c0        0x4 /usr/bin/../lib/gcc/arm-none-eabi/10.2.1/thumb/v6-m/nofp/crti.o
                0x00000000100002c0                _init
 *(EXCLUDE_FILE(*libm.a: *libc.a:*lib_a-mem*.o *libgcc.a:) .text*)
 .text          0x00000000100002c4       0x48 /usr/bin/../lib/gcc/arm-none-eabi/10.2.1/thumb/v6-m/nofp/crtbegin.o
 .text.IMU_SPI_Transfer
                0x000000001000030c       0x38 CMakeFiles/pico16470.dir/src/main.c.obj
                0x000000001000030c                IMU_SPI_Transfer
 .text.loop     0x0000000010000344       0x14 CMakeFiles/pico16470.dir/src/main.c.obj
                0x0000000010000344                loop
 .text.main     0x0000000010000358       0x60 CMakeFiles/pico16470.dir/src/main.c.obj
                0x0000000010000358                main
 .text.gpio_set_function
                0x00000000100003b8       0x30 CMakeFiles/pico16470.dir/home/henry/code/pico-sdk/src/rp2_common/hardware_gpio/gpio.c.obj
                0x00000000100003b8                gpio_set_function
 .text.gpio_init
                0x00000000100003e8       0x16 CMakeFiles/pico16470.dir/home/henry/code/pico-sdk/src/rp2_common/hardware_gpio/gpio.c.obj
                0x00000000100003e8                gpio_init
 *fill*         0x00000000100003fe        0x2 
 .text.hw_claim_lock
                0x0000000010000400       0x18 CMakeFiles/pico16470.dir/home/henry/code/pico-sdk/src/rp2_common/hardware_claim/claim.c.obj
                0x0000000010000400                hw_claim_lock
 .text.hw_claim_unlock
                0x0000000010000418       0x14 CMakeFiles/pico16470.dir/home/henry/code/pico-sdk/src/rp2_common/hardware_claim/claim.c.obj
                0x0000000010000418                hw_claim_unlock
 .text.hw_claim_or_assert
                0x000000001000042c       0x32 CMakeFiles/pico16470.dir/home/henry/code/pico-sdk/src/rp2_common/hardware_claim/claim.c.obj
                0x000000001000042c                hw_claim_or_assert
 *fill*         0x000000001000045e        0x2 
 .text.running_on_fpga
                0x0000000010000460       0x14 CMakeFiles/pico16470.dir/home/henry/code/pico-sdk/src/rp2_common/pico_platform/platform.c.obj
                0x0000000010000460                running_on_fpga
 .text.spin_locks_reset
                0x0000000010000474       0x20 CMakeFiles/pico16470.dir/home/henry/code/pico-sdk/src/rp2_common/hardware_sync/sync.c.obj
                0x0000000010000474                spin_locks_reset
 .text.next_striped_spin_lock_num
                0x0000000010000494       0x1c CMakeFiles/pico16470.dir/home/henry/code/pico-sdk/src/rp2_common/hardware_sync/sync.c.obj
                0x0000000010000494                next_striped_spin_lock_num
 .text.uart_set_baudrate
                0x00000000100004b0       0x5c CMakeFiles/pico16470.dir/home/henry/code/pico-sdk/src/rp2_common/hardware_uart/uart.c.obj
                0x00000000100004b0                uart_set_baudrate
 .text.uart_set_translate_crlf
                0x000000001000050c       0x28 CMakeFiles/pico16470.dir/home/henry/code/pico-sdk/src/rp2_common/hardware_uart/uart.c.obj
                0x000000001000050c                uart_set_translate_crlf
 .text.uart_init
                0x0000000010000534       0x80 CMakeFiles/pico16470.dir/home/henry/code/pico-sdk/src/rp2_common/hardware_uart/uart.c.obj
                0x0000000010000534                uart_init
 .text.alarm_pool_post_alloc_init
                0x00000000100005b4       0x40 CMakeFiles/pico16470.dir/home/henry/code/pico-sdk/src/common/pico_time/time.c.obj
 .text.sleep_until_callback
                0x00000000100005f4       0x30 CMakeFiles/pico16470.dir/home/henry/code/pico-sdk/src/common/pico_time/time.c.obj
 .text.timer_pool_entry_comparator
                0x0000000010000624       0x7c CMakeFiles/pico16470.dir/home/henry/code/pico-sdk/src/common/pico_time/time.c.obj
                0x0000000010000624                timer_pool_entry_comparator
 .text.ph_add_child_node
                0x00000000100006a0       0xa4 CMakeFiles/pico16470.dir/home/henry/code/pico-sdk/src/common/pico_time/time.c.obj
 .text.ph_merge_nodes
                0x0000000010000744       0x3e CMakeFiles/pico16470.dir/home/henry/code/pico-sdk/src/common/pico_time/time.c.obj
 *fill*         0x0000000010000782        0x2 
 .text.add_alarm_under_lock
                0x0000000010000784      0x174 CMakeFiles/pico16470.dir/home/henry/code/pico-sdk/src/common/pico_time/time.c.obj
 .text.alarm_pool_alarm_callback
                0x00000000100008f8      0x328 CMakeFiles/pico16470.dir/home/henry/code/pico-sdk/src/common/pico_time/time.c.obj
 .text.alarm_pool_init_default
                0x0000000010000c20       0x38 CMakeFiles/pico16470.dir/home/henry/code/pico-sdk/src/common/pico_time/time.c.obj
                0x0000000010000c20                alarm_pool_init_default
 .text.alarm_pool_get_default
                0x0000000010000c58       0x2c CMakeFiles/pico16470.dir/home/henry/code/pico-sdk/src/common/pico_time/time.c.obj
                0x0000000010000c58                alarm_pool_get_default
 .text.alarm_pool_add_alarm_at
                0x0000000010000c84      0x170 CMakeFiles/pico16470.dir/home/henry/code/pico-sdk/src/common/pico_time/time.c.obj
                0x0000000010000c84                alarm_pool_add_alarm_at
 .text.sleep_until
                0x0000000010000df4       0xfc CMakeFiles/pico16470.dir/home/henry/code/pico-sdk/src/common/pico_time/time.c.obj
                0x0000000010000df4                sleep_until
 .text.sleep_us
                0x0000000010000ef0       0x58 CMakeFiles/pico16470.dir/home/henry/code/pico-sdk/src/common/pico_time/time.c.obj
                0x0000000010000ef0                sleep_us
 .text.sleep_ms
                0x0000000010000f48       0x14 CMakeFiles/pico16470.dir/home/henry/code/pico-sdk/src/common/pico_time/time.c.obj
                0x0000000010000f48                sleep_ms
 .text.hardware_alarm_irq_handler
                0x0000000010000f5c       0x8c CMakeFiles/pico16470.dir/home/henry/code/pico-sdk/src/rp2_common/hardware_timer/timer.c.obj
 .text.hardware_alarm_claim
                0x0000000010000fe8       0x18 CMakeFiles/pico16470.dir/home/henry/code/pico-sdk/src/rp2_common/hardware_timer/timer.c.obj
                0x0000000010000fe8                hardware_alarm_claim
 .text.time_us_64
                0x0000000010001000       0x18 CMakeFiles/pico16470.dir/home/henry/code/pico-sdk/src/rp2_common/hardware_timer/timer.c.obj
                0x0000000010001000                time_us_64
 .text.busy_wait_until
                0x0000000010001018       0x28 CMakeFiles/pico16470.dir/home/henry/code/pico-sdk/src/rp2_common/hardware_timer/timer.c.obj
                0x0000000010001018                busy_wait_until
 .text.hardware_alarm_set_callback
                0x0000000010001040       0x90 CMakeFiles/pico16470.dir/home/henry/code/pico-sdk/src/rp2_common/hardware_timer/timer.c.obj
                0x0000000010001040                hardware_alarm_set_callback
 .text.hardware_alarm_set_target
                0x00000000100010d0       0xe8 CMakeFiles/pico16470.dir/home/henry/code/pico-sdk/src/rp2_common/hardware_timer/timer.c.obj
                0x00000000100010d0                hardware_alarm_set_target
 .text.hardware_alarm_cancel
                0x00000000100011b8       0x40 CMakeFiles/pico16470.dir/home/henry/code/pico-sdk/src/rp2_common/hardware_timer/timer.c.obj
                0x00000000100011b8                hardware_alarm_cancel
 .text.lock_init
                0x00000000100011f8       0x10 CMakeFiles/pico16470.dir/home/henry/code/pico-sdk/src/common/pico_sync/lock_core.c.obj
                0x00000000100011f8                lock_init
 .text.mutex_init
                0x0000000010001208       0x1a CMakeFiles/pico16470.dir/home/henry/code/pico-sdk/src/common/pico_sync/mutex.c.obj
                0x0000000010001208                mutex_init
 .text.recursive_mutex_init
                0x0000000010001222       0x1e CMakeFiles/pico16470.dir/home/henry/code/pico-sdk/src/common/pico_sync/mutex.c.obj
                0x0000000010001222                recursive_mutex_init
 .text.ph_add_child_node
                0x0000000010001240       0xa4 CMakeFiles/pico16470.dir/home/henry/code/pico-sdk/src/common/pico_util/pheap.c.obj
 .text.ph_merge_nodes
                0x00000000100012e4       0x3e CMakeFiles/pico16470.dir/home/henry/code/pico-sdk/src/common/pico_util/pheap.c.obj
 *fill*         0x0000000010001322        0x2 
 .text.ph_clear
                0x0000000010001324       0x70 CMakeFiles/pico16470.dir/home/henry/code/pico-sdk/src/common/pico_util/pheap.c.obj
                0x0000000010001324                ph_clear
 .text.ph_post_alloc_init
                0x0000000010001394        0xe CMakeFiles/pico16470.dir/home/henry/code/pico-sdk/src/common/pico_util/pheap.c.obj
                0x0000000010001394                ph_post_alloc_init
 *fill*         0x00000000100013a2        0x2 
 .text.ph_merge_two_pass
                0x00000000100013a4       0xa8 CMakeFiles/pico16470.dir/home/henry/code/pico-sdk/src/common/pico_util/pheap.c.obj
                0x00000000100013a4                ph_merge_two_pass
 .text.ph_remove_any_head
                0x000000001000144c      0x108 CMakeFiles/pico16470.dir/home/henry/code/pico-sdk/src/common/pico_util/pheap.c.obj
 .text.ph_remove_head
                0x0000000010001554       0x14 CMakeFiles/pico16470.dir/home/henry/code/pico-sdk/src/common/pico_util/pheap.c.obj
                0x0000000010001554                ph_remove_head
 .text.ph_remove_and_free_node
                0x0000000010001568       0xf8 CMakeFiles/pico16470.dir/home/henry/code/pico-sdk/src/common/pico_util/pheap.c.obj
                0x0000000010001568                ph_remove_and_free_node
 .text._exit    0x0000000010001660        0x4 CMakeFiles/pico16470.dir/home/henry/code/pico-sdk/src/rp2_common/pico_runtime/runtime.c.obj
                0x0000000010001660                _exit
 .text.exit     0x0000000010001664        0x6 CMakeFiles/pico16470.dir/home/henry/code/pico-sdk/src/rp2_common/pico_runtime/runtime.c.obj
                0x0000000010001664                exit
 *fill*         0x000000001000166a        0x2 
 .text.__assert_func
                0x000000001000166c       0x3c CMakeFiles/pico16470.dir/home/henry/code/pico-sdk/src/rp2_common/pico_runtime/runtime.c.obj
                0x000000001000166c                __assert_func
 .text.runtime_init
                0x00000000100016a8       0xf8 CMakeFiles/pico16470.dir/home/henry/code/pico-sdk/src/rp2_common/pico_runtime/runtime.c.obj
                0x00000000100016a8                runtime_init
 .text.panic    0x00000000100017a0       0x30 CMakeFiles/pico16470.dir/home/henry/code/pico-sdk/src/rp2_common/pico_runtime/runtime.c.obj
                0x00000000100017a0                panic
 .text.clock_configure
                0x00000000100017d0      0x104 CMakeFiles/pico16470.dir/home/henry/code/pico-sdk/src/rp2_common/hardware_clocks/clocks.c.obj
                0x00000000100017d0                clock_configure
 .text.clocks_init
                0x00000000100018d4      0x100 CMakeFiles/pico16470.dir/home/henry/code/pico-sdk/src/rp2_common/hardware_clocks/clocks.c.obj
                0x00000000100018d4                clocks_init
 .text.clock_get_hz
                0x00000000100019d4        0xc CMakeFiles/pico16470.dir/home/henry/code/pico-sdk/src/rp2_common/hardware_clocks/clocks.c.obj
                0x00000000100019d4                clock_get_hz
 .text.set_raw_irq_handler_and_unlock
                0x00000000100019e0       0x28 CMakeFiles/pico16470.dir/home/henry/code/pico-sdk/src/rp2_common/hardware_irq/irq.c.obj
 .text.make_branch
                0x0000000010001a08       0x34 CMakeFiles/pico16470.dir/home/henry/code/pico-sdk/src/rp2_common/hardware_irq/irq.c.obj
 .text.insert_branch_and_link
                0x0000000010001a3c       0x40 CMakeFiles/pico16470.dir/home/henry/code/pico-sdk/src/rp2_common/hardware_irq/irq.c.obj
 .text.irq_is_enabled
                0x0000000010001a7c       0x18 CMakeFiles/pico16470.dir/home/henry/code/pico-sdk/src/rp2_common/hardware_irq/irq.c.obj
                0x0000000010001a7c                irq_is_enabled
 .text.irq_set_mask_enabled
                0x0000000010001a94       0x20 CMakeFiles/pico16470.dir/home/henry/code/pico-sdk/src/rp2_common/hardware_irq/irq.c.obj
                0x0000000010001a94                irq_set_mask_enabled
 .text.irq_set_enabled
                0x0000000010001ab4        0xe CMakeFiles/pico16470.dir/home/henry/code/pico-sdk/src/rp2_common/hardware_irq/irq.c.obj
                0x0000000010001ab4                irq_set_enabled
 *fill*         0x0000000010001ac2        0x2 
 .text.irq_get_vtable_handler
                0x0000000010001ac4       0x10 CMakeFiles/pico16470.dir/home/henry/code/pico-sdk/src/rp2_common/hardware_irq/irq.c.obj
                0x0000000010001ac4                irq_get_vtable_handler
 .text.irq_set_exclusive_handler
                0x0000000010001ad4       0x54 CMakeFiles/pico16470.dir/home/henry/code/pico-sdk/src/rp2_common/hardware_irq/irq.c.obj
                0x0000000010001ad4                irq_set_exclusive_handler
 .text.irq_remove_handler
                0x0000000010001b28      0x1ac CMakeFiles/pico16470.dir/home/henry/code/pico-sdk/src/rp2_common/hardware_irq/irq.c.obj
                0x0000000010001b28                irq_remove_handler
 .text.irq_add_tail_to_free_list
                0x0000000010001cd4       0xf0 CMakeFiles/pico16470.dir/home/henry/code/pico-sdk/src/rp2_common/hardware_irq/irq.c.obj
                0x0000000010001cd4                irq_add_tail_to_free_list
 .text.irq_init_priorities
                0x0000000010001dc4       0x1c CMakeFiles/pico16470.dir/home/henry/code/pico-sdk/src/rp2_common/hardware_irq/irq.c.obj
                0x0000000010001dc4                irq_init_priorities
 .text.pll_init
                0x0000000010001de0      0x118 CMakeFiles/pico16470.dir/home/henry/code/pico-sdk/src/rp2_common/hardware_pll/pll.c.obj
                0x0000000010001de0                pll_init
 .text.watchdog_start_tick
                0x0000000010001ef8       0x10 CMakeFiles/pico16470.dir/home/henry/code/pico-sdk/src/rp2_common/hardware_watchdog/watchdog.c.obj
                0x0000000010001ef8                watchdog_start_tick
 .text.xosc_init
                0x0000000010001f08       0x28 CMakeFiles/pico16470.dir/home/henry/code/pico-sdk/src/rp2_common/hardware_xosc/xosc.c.obj
                0x0000000010001f08                xosc_init
 .text._out_null
                0x0000000010001f30        0x2 CMakeFiles/pico16470.dir/home/henry/code/pico-sdk/src/rp2_common/pico_printf/printf.c.obj
 .text._out_fct
                0x0000000010001f32        0xe CMakeFiles/pico16470.dir/home/henry/code/pico-sdk/src/rp2_common/pico_printf/printf.c.obj
 .text._atoi    0x0000000010001f40       0x24 CMakeFiles/pico16470.dir/home/henry/code/pico-sdk/src/rp2_common/pico_printf/printf.c.obj
 .text._out_rev
                0x0000000010001f64       0xae CMakeFiles/pico16470.dir/home/henry/code/pico-sdk/src/rp2_common/pico_printf/printf.c.obj
 .text._ntoa_format
                0x0000000010002012      0x112 CMakeFiles/pico16470.dir/home/henry/code/pico-sdk/src/rp2_common/pico_printf/printf.c.obj
 .text._ntoa_long
                0x0000000010002124       0xbc CMakeFiles/pico16470.dir/home/henry/code/pico-sdk/src/rp2_common/pico_printf/printf.c.obj
 .text._ntoa_long_long
                0x00000000100021e0       0xe2 CMakeFiles/pico16470.dir/home/henry/code/pico-sdk/src/rp2_common/pico_printf/printf.c.obj
 *fill*         0x00000000100022c2        0x2 
 .text._etoa    0x00000000100022c4      0x414 CMakeFiles/pico16470.dir/home/henry/code/pico-sdk/src/rp2_common/pico_printf/printf.c.obj
 .text._ftoa    0x00000000100026d8      0x354 CMakeFiles/pico16470.dir/home/henry/code/pico-sdk/src/rp2_common/pico_printf/printf.c.obj
 .text._vsnprintf
                0x0000000010002a2c      0x624 CMakeFiles/pico16470.dir/home/henry/code/pico-sdk/src/rp2_common/pico_printf/printf.c.obj
 .text.vfctprintf
                0x0000000010003050       0x20 CMakeFiles/pico16470.dir/home/henry/code/pico-sdk/src/rp2_common/pico_printf/printf.c.obj
                0x0000000010003050                vfctprintf
 .text          0x0000000010003070       0x10 CMakeFiles/pico16470.dir/home/henry/code/pico-sdk/src/rp2_common/pico_bit_ops/bit_ops_aeabi.S.obj
 .text.rom_func_lookup
                0x0000000010003080       0x10 CMakeFiles/pico16470.dir/home/henry/code/pico-sdk/src/rp2_common/pico_bootrom/bootrom.c.obj
                0x0000000010003080                rom_func_lookup
 .text.rom_data_lookup
                0x0000000010003090       0x10 CMakeFiles/pico16470.dir/home/henry/code/pico-sdk/src/rp2_common/pico_bootrom/bootrom.c.obj
                0x0000000010003090                rom_data_lookup
 .text.rom_funcs_lookup
                0x00000000100030a0       0x36 CMakeFiles/pico16470.dir/home/henry/code/pico-sdk/src/rp2_common/pico_bootrom/bootrom.c.obj
                0x00000000100030a0                rom_funcs_lookup
 *fill*         0x00000000100030d6        0x2 
 .text.__wrap___aeabi_idiv
                0x00000000100030d8       0x50 CMakeFiles/pico16470.dir/home/henry/code/pico-sdk/src/rp2_common/pico_divider/divider.S.obj
                0x00000000100030d8                __wrap___aeabi_idivmod
                0x00000000100030d8                divmod_s32s32
                0x00000000100030d8                div_s32s32
                0x00000000100030d8                __wrap___aeabi_idiv
                0x00000000100030e0                divmod_s32s32_unsafe
                0x000000001000310c                divmod_s32s32_savestate
 .text.__wrap___aeabi_uidiv
                0x0000000010003128       0x4c CMakeFiles/pico16470.dir/home/henry/code/pico-sdk/src/rp2_common/pico_divider/divider.S.obj
                0x0000000010003128                __wrap___aeabi_uidiv
                0x0000000010003128                __wrap___aeabi_uidivmod
                0x0000000010003128                div_u32u32
                0x0000000010003128                divmod_u32u32
                0x0000000010003130                divmod_u32u32_unsafe
                0x0000000010003158                divmod_u32u32_savestate
 .text.__wrap___aeabi_ldiv
                0x0000000010003174      0x434 CMakeFiles/pico16470.dir/home/henry/code/pico-sdk/src/rp2_common/pico_divider/divider.S.obj
                0x0000000010003174                div_s64s64
                0x0000000010003174                divmod_s64s64
                0x0000000010003174                __wrap___aeabi_ldivmod
                0x00000000100031ac                div_u64u64
                0x00000000100031ac                divmod_u64u64
                0x00000000100031ac                __wrap___aeabi_uldivmod
                0x00000000100031bc                divmod_u64u64_savestate
                0x00000000100031e4                divmod_s64s64_unsafe
                0x000000001000326c                divmod_u64u64_unsafe
 .text.__wrap___aeabi_darithmetic
                0x00000000100035a8       0x80 CMakeFiles/pico16470.dir/home/henry/code/pico-sdk/src/rp2_common/pico_double/double_aeabi.S.obj
                0x00000000100035a8                __wrap___aeabi_drsub
                0x00000000100035ae                __wrap___aeabi_dsub
                0x00000000100035c0                __wrap___aeabi_dadd
                0x00000000100035d2                __wrap___aeabi_ddiv
                0x000000001000360e                __wrap___aeabi_dmul
 .text.__wrap___aeabi_cdcmple
                0x0000000010003628       0x6c CMakeFiles/pico16470.dir/home/henry/code/pico-sdk/src/rp2_common/pico_double/double_aeabi.S.obj
                0x0000000010003628                __wrap___aeabi_cdrcmple
                0x0000000010003638                __wrap___aeabi_cdcmple
                0x0000000010003638                __wrap___aeabi_cdcmpeq
 .text.__wrap___aeabi_dcmplt
                0x0000000010003694        0xc CMakeFiles/pico16470.dir/home/henry/code/pico-sdk/src/rp2_common/pico_double/double_aeabi.S.obj
                0x0000000010003694                __wrap___aeabi_dcmplt
 .text.__wrap___aeabi_dcmple
                0x00000000100036a0       0x10 CMakeFiles/pico16470.dir/home/henry/code/pico-sdk/src/rp2_common/pico_double/double_aeabi.S.obj
                0x00000000100036a0                __wrap___aeabi_dcmple
 .text.__wrap___aeabi_dcmpge
                0x00000000100036b0       0x10 CMakeFiles/pico16470.dir/home/henry/code/pico-sdk/src/rp2_common/pico_double/double_aeabi.S.obj
                0x00000000100036b0                __wrap___aeabi_dcmpge
 .text.__wrap___aeabi_dcmpgt
                0x00000000100036c0        0xa CMakeFiles/pico16470.dir/home/henry/code/pico-sdk/src/rp2_common/pico_double/double_aeabi.S.obj
                0x00000000100036c0                __wrap___aeabi_dcmpgt
 .text.__wrap___aeabi_dcmpun
                0x00000000100036ca       0x1c CMakeFiles/pico16470.dir/home/henry/code/pico-sdk/src/rp2_common/pico_double/double_aeabi.S.obj
                0x00000000100036ca                __wrap___aeabi_dcmpun
 *fill*         0x00000000100036e6        0x2 
 .text.__wrap___aeabi_i2d
                0x00000000100036e8       0x38 CMakeFiles/pico16470.dir/home/henry/code/pico-sdk/src/rp2_common/pico_double/double_aeabi.S.obj
                0x00000000100036e8                __wrap___aeabi_ui2d
                0x00000000100036f0                __wrap___aeabi_i2d
 .text.__wrap___aeabi_d2iz
                0x0000000010003720       0x48 CMakeFiles/pico16470.dir/home/henry/code/pico-sdk/src/rp2_common/pico_double/double_aeabi.S.obj
                0x0000000010003720                __wrap___aeabi_d2iz
                0x0000000010003720                double2int_z
 .text.__wrap___aeabi_d2uiz
                0x0000000010003768       0x18 CMakeFiles/pico16470.dir/home/henry/code/pico-sdk/src/rp2_common/pico_double/double_aeabi.S.obj
                0x0000000010003768                double2uint
                0x0000000010003768                __wrap___aeabi_d2uiz
 .text.__aeabi_double_init
                0x0000000010003780       0xc8 CMakeFiles/pico16470.dir/home/henry/code/pico-sdk/src/rp2_common/pico_double/double_init_rom.c.obj
                0x0000000010003780                __aeabi_double_init
 .text.double_table_shim_on_use_helper
                0x0000000010003848       0x34 CMakeFiles/pico16470.dir/home/henry/code/pico-sdk/src/rp2_common/pico_double/double_v1_rom_shim.S.obj
                0x0000000010003848                double_table_shim_on_use_helper
 .text.__wrap___aeabi_dsub
                0x000000001000387c       0x10 CMakeFiles/pico16470.dir/home/henry/code/pico-sdk/src/rp2_common/pico_double/double_v1_rom_shim.S.obj
                0x000000001000387c                drsub_shim
                0x0000000010003882                dsub_shim
 .text.dadd_shim
                0x000000001000388c      0x15c CMakeFiles/pico16470.dir/home/henry/code/pico-sdk/src/rp2_common/pico_double/double_v1_rom_shim.S.obj
                0x000000001000388c                dadd_shim
 .text.dmul_shim
                0x00000000100039e8      0x15c CMakeFiles/pico16470.dir/home/henry/code/pico-sdk/src/rp2_common/pico_double/double_v1_rom_shim.S.obj
                0x00000000100039e8                dmul_shim
 .text.ddiv_shim
                0x0000000010003b44      0x1b0 CMakeFiles/pico16470.dir/home/henry/code/pico-sdk/src/rp2_common/pico_double/double_v1_rom_shim.S.obj
                0x0000000010003b44                ddiv_shim
 .text.double2uint_shim
                0x0000000010003cf4        0xe CMakeFiles/pico16470.dir/home/henry/code/pico-sdk/src/rp2_common/pico_double/double_v1_rom_shim.S.obj
                0x0000000010003cf4                double2uint_shim
                0x0000000010003cf6                double2ufix_shim
 *fill*         0x0000000010003d02        0x2 
 .text.double2uint64_shim
                0x0000000010003d04       0x70 CMakeFiles/pico16470.dir/home/henry/code/pico-sdk/src/rp2_common/pico_double/double_v1_rom_shim.S.obj
                0x0000000010003d04                double2uint64_shim
                0x0000000010003d06                double2ufix64_shim
                0x0000000010003d26                d2fix_a
 .text.dunpacks
                0x0000000010003d74       0x3c CMakeFiles/pico16470.dir/home/henry/code/pico-sdk/src/rp2_common/pico_double/double_v1_rom_shim.S.obj
                0x0000000010003d74                dunpacks
 .text.__aeabi_lmul
                0x0000000010003db0       0x32 CMakeFiles/pico16470.dir/home/henry/code/pico-sdk/src/rp2_common/pico_int64_ops/pico_int64_ops_aeabi.S.obj
                0x0000000010003db0                __wrap___aeabi_lmul
 *fill*         0x0000000010003de2        0x2 
 .text.__aeabi_float_init
                0x0000000010003de4       0xfc CMakeFiles/pico16470.dir/home/henry/code/pico-sdk/src/rp2_common/pico_float/float_init_rom.c.obj
                0x0000000010003de4                __aeabi_float_init
 .text.float_table_shim_on_use_helper
                0x0000000010003ee0       0x34 CMakeFiles/pico16470.dir/home/henry/code/pico-sdk/src/rp2_common/pico_float/float_v1_rom_shim.S.obj
                0x0000000010003ee0                float_table_shim_on_use_helper
 .text          0x0000000010003f14       0x10 CMakeFiles/pico16470.dir/home/henry/code/pico-sdk/src/rp2_common/pico_mem_ops/mem_ops_aeabi.S.obj
                0x0000000010003f14                __aeabi_mem_init
 .text.memset   0x0000000010003f24        0xc CMakeFiles/pico16470.dir/home/henry/code/pico-sdk/src/rp2_common/pico_mem_ops/mem_ops_aeabi.S.obj
                0x0000000010003f24                __wrap_memset
 .text.memcpy   0x0000000010003f30        0xc CMakeFiles/pico16470.dir/home/henry/code/pico-sdk/src/rp2_common/pico_mem_ops/mem_ops_aeabi.S.obj
                0x0000000010003f30                __wrap___aeabi_memcpy
                0x0000000010003f30                __wrap_memcpy
 .text.stdio_out_chars_no_crlf
                0x0000000010003f3c        0xe CMakeFiles/pico16470.dir/home/henry/code/pico-sdk/src/rp2_common/pico_stdio/stdio.c.obj
 *fill*         0x0000000010003f4a        0x2 
 .text.stdio_out_chars_crlf
                0x0000000010003f4c       0x80 CMakeFiles/pico16470.dir/home/henry/code/pico-sdk/src/rp2_common/pico_stdio/stdio.c.obj
 .text.stdio_stack_buffer_flush
                0x0000000010003fcc       0x44 CMakeFiles/pico16470.dir/home/henry/code/pico-sdk/src/rp2_common/pico_stdio/stdio.c.obj
 .text.stdio_buffered_printer
                0x0000000010004010       0x20 CMakeFiles/pico16470.dir/home/henry/code/pico-sdk/src/rp2_common/pico_stdio/stdio.c.obj
 .text.stdout_serialize_begin
                0x0000000010004030       0x30 CMakeFiles/pico16470.dir/home/henry/code/pico-sdk/src/rp2_common/pico_stdio/stdio.c.obj
                0x0000000010004030                stdout_serialize_begin
 .text.stdout_serialize_end
                0x0000000010004060       0x10 CMakeFiles/pico16470.dir/home/henry/code/pico-sdk/src/rp2_common/pico_stdio/stdio.c.obj
                0x0000000010004060                stdout_serialize_end
 .text.stdio_put_string
                0x0000000010004070       0x98 CMakeFiles/pico16470.dir/home/henry/code/pico-sdk/src/rp2_common/pico_stdio/stdio.c.obj
 .text.stdio_set_driver_enabled
                0x0000000010004108       0x38 CMakeFiles/pico16470.dir/home/henry/code/pico-sdk/src/rp2_common/pico_stdio/stdio.c.obj
                0x0000000010004108                stdio_set_driver_enabled
 .text.stdio_flush
                0x0000000010004140       0x20 CMakeFiles/pico16470.dir/home/henry/code/pico-sdk/src/rp2_common/pico_stdio/stdio.c.obj
                0x0000000010004140                stdio_flush
 .text.__wrap_puts
                0x0000000010004160       0x1e CMakeFiles/pico16470.dir/home/henry/code/pico-sdk/src/rp2_common/pico_stdio/stdio.c.obj
                0x0000000010004160                __wrap_puts
 *fill*         0x000000001000417e        0x2 
 .text.__wrap_vprintf
                0x0000000010004180       0x44 CMakeFiles/pico16470.dir/home/henry/code/pico-sdk/src/rp2_common/pico_stdio/stdio.c.obj
                0x0000000010004180                __wrap_vprintf
 .text.__wrap_printf
                0x00000000100041c4       0x18 CMakeFiles/pico16470.dir/home/henry/code/pico-sdk/src/rp2_common/pico_stdio/stdio.c.obj
                0x00000000100041c4                __wrap_printf
 .text.stdio_init_all
                0x00000000100041dc        0x8 CMakeFiles/pico16470.dir/home/henry/code/pico-sdk/src/rp2_common/pico_stdio/stdio.c.obj
                0x00000000100041dc                stdio_init_all
 .text.stdio_uart_out_chars
                0x00000000100041e4       0x74 CMakeFiles/pico16470.dir/home/henry/code/pico-sdk/src/rp2_common/pico_stdio_uart/stdio_uart.c.obj
 .text.stdio_uart_in_chars
                0x0000000010004258       0x58 CMakeFiles/pico16470.dir/home/henry/code/pico-sdk/src/rp2_common/pico_stdio_uart/stdio_uart.c.obj
                0x0000000010004258                stdio_uart_in_chars
 .text.stdio_uart_init_full
                0x00000000100042b0       0x3c CMakeFiles/pico16470.dir/home/henry/code/pico-sdk/src/rp2_common/pico_stdio_uart/stdio_uart.c.obj
                0x00000000100042b0                stdio_uart_init_full
 .text.stdio_uart_init
                0x00000000100042ec       0x28 CMakeFiles/pico16470.dir/home/henry/code/pico-sdk/src/rp2_common/pico_stdio_uart/stdio_uart.c.obj
                0x00000000100042ec                stdio_uart_init
 .text.spi_set_baudrate
                0x0000000010004314       0x92 CMakeFiles/pico16470.dir/home/henry/code/pico-sdk/src/rp2_common/hardware_spi/spi.c.obj
                0x0000000010004314                spi_set_baudrate
 *fill*         0x00000000100043a6        0x2 
 .text.spi_init
                0x00000000100043a8       0x68 CMakeFiles/pico16470.dir/home/henry/code/pico-sdk/src/rp2_common/hardware_spi/spi.c.obj
                0x00000000100043a8                spi_init
 .text.strlen   0x0000000010004410       0x5c /usr/bin/../lib/gcc/arm-none-eabi/10.2.1/../../../../arm-none-eabi/lib/thumb/v6-m/nofp/libg.a(lib_a-strlen-stub.o)
                0x0000000010004410                strlen
 *(.fini)
 .fini          0x000000001000446c        0x4 /usr/bin/../lib/gcc/arm-none-eabi/10.2.1/thumb/v6-m/nofp/crti.o
                0x000000001000446c                _fini
 .fini.__stub   0x0000000010004470       0x70 linker stubs
 *crtbegin.o(.ctors)
 *crtbegin?.o(.ctors)
 *(EXCLUDE_FILE(*crtend.o *crtend?.o) .ctors)
 *(SORT_BY_NAME(.ctors.*))
 *(.ctors)
 *crtbegin.o(.dtors)
 *crtbegin?.o(.dtors)
 *(EXCLUDE_FILE(*crtend.o *crtend?.o) .dtors)
 *(SORT_BY_NAME(.dtors.*))
 *(.dtors)
 *(.eh_frame*)
 .eh_frame      0x00000000100044e0        0x0 /usr/bin/../lib/gcc/arm-none-eabi/10.2.1/thumb/v6-m/nofp/crtbegin.o
                0x00000000100044e0                . = ALIGN (0x4)

.glue_7         0x00000000100044e0        0x0
 .glue_7        0x00000000100044e0        0x0 linker stubs

.glue_7t        0x00000000100044e0        0x0
 .glue_7t       0x00000000100044e0        0x0 linker stubs

.vfp11_veneer   0x00000000100044e0        0x0
 .vfp11_veneer  0x00000000100044e0        0x0 linker stubs

.v4_bx          0x00000000100044e0        0x0
 .v4_bx         0x00000000100044e0        0x0 linker stubs

.iplt           0x00000000100044e0        0x0
 .iplt          0x00000000100044e0        0x0 /usr/bin/../lib/gcc/arm-none-eabi/10.2.1/thumb/v6-m/nofp/crtbegin.o

.rodata         0x00000000100044e0      0xe34
 *(EXCLUDE_FILE(*libm.a: *libc.a:*lib_a-mem*.o *libgcc.a:) .rodata*)
 .rodata.repeating_timer_callback.str1.4
                0x00000000100044e0       0x4a CMakeFiles/pico16470.dir/home/henry/code/pico-sdk/src/common/pico_time/time.c.obj
 *fill*         0x000000001000452a        0x2 
 .rodata.alarm_pool_dump_key.str1.4
                0x000000001000452c       0x33 CMakeFiles/pico16470.dir/home/henry/code/pico-sdk/src/common/pico_time/time.c.obj
 *fill*         0x000000001000455f        0x1 
 .rodata.ph_add_child_node.str1.4
                0x0000000010004560       0x96 CMakeFiles/pico16470.dir/home/henry/code/pico-sdk/src/common/pico_time/time.c.obj
 *fill*         0x00000000100045f6        0x2 
 .rodata.add_alarm_under_lock.str1.4
                0x00000000100045f8       0x28 CMakeFiles/pico16470.dir/home/henry/code/pico-sdk/src/common/pico_time/time.c.obj
                                         0x2b (size before relaxing)
 .rodata.alarm_pool_alarm_callback.str1.4
                0x0000000010004620       0xe2 CMakeFiles/pico16470.dir/home/henry/code/pico-sdk/src/common/pico_time/time.c.obj
 *fill*         0x0000000010004702        0x2 
 .rodata.alarm_pool_get_default.str1.4
                0x0000000010004704       0x21 CMakeFiles/pico16470.dir/home/henry/code/pico-sdk/src/common/pico_time/time.c.obj
 *fill*         0x0000000010004725        0x3 
 .rodata.sleep_until.str1.4
                0x0000000010004728       0x4d CMakeFiles/pico16470.dir/home/henry/code/pico-sdk/src/common/pico_time/time.c.obj
 *fill*         0x0000000010004775        0x3 
 .rodata.__func__.10
                0x0000000010004778       0x15 CMakeFiles/pico16470.dir/home/henry/code/pico-sdk/src/common/pico_time/time.c.obj
 *fill*         0x000000001000478d        0x3 
 .rodata.__func__.11
                0x0000000010004790       0x1a CMakeFiles/pico16470.dir/home/henry/code/pico-sdk/src/common/pico_time/time.c.obj
 *fill*         0x00000000100047aa        0x2 
 .rodata.__func__.12
                0x00000000100047ac        0xa CMakeFiles/pico16470.dir/home/henry/code/pico-sdk/src/common/pico_time/time.c.obj
 *fill*         0x00000000100047b6        0x2 
 .rodata.__func__.3
                0x00000000100047b8       0x17 CMakeFiles/pico16470.dir/home/henry/code/pico-sdk/src/common/pico_time/time.c.obj
 *fill*         0x00000000100047cf        0x1 
 .rodata.__func__.4
                0x00000000100047d0       0x12 CMakeFiles/pico16470.dir/home/henry/code/pico-sdk/src/common/pico_time/time.c.obj
 *fill*         0x00000000100047e2        0x2 
 .rodata.__func__.5
                0x00000000100047e4        0xd CMakeFiles/pico16470.dir/home/henry/code/pico-sdk/src/common/pico_time/time.c.obj
 *fill*         0x00000000100047f1        0x3 
 .rodata.__func__.6
                0x00000000100047f4       0x12 CMakeFiles/pico16470.dir/home/henry/code/pico-sdk/src/common/pico_time/time.c.obj
 *fill*         0x0000000010004806        0x2 
 .rodata.__func__.7
                0x0000000010004808        0xf CMakeFiles/pico16470.dir/home/henry/code/pico-sdk/src/common/pico_time/time.c.obj
 *fill*         0x0000000010004817        0x1 
 .rodata.__func__.8
                0x0000000010004818        0xc CMakeFiles/pico16470.dir/home/henry/code/pico-sdk/src/common/pico_time/time.c.obj
 .rodata.__func__.9
                0x0000000010004824       0x15 CMakeFiles/pico16470.dir/home/henry/code/pico-sdk/src/common/pico_time/time.c.obj
 *fill*         0x0000000010004839        0x3 
 .rodata.hardware_alarm_claim.str1.4
                0x000000001000483c       0x22 CMakeFiles/pico16470.dir/home/henry/code/pico-sdk/src/rp2_common/hardware_timer/timer.c.obj
 *fill*         0x000000001000485e        0x2 
 .rodata.hardware_alarm_set_target.str1.4
                0x0000000010004860       0x64 CMakeFiles/pico16470.dir/home/henry/code/pico-sdk/src/rp2_common/hardware_timer/timer.c.obj
 .rodata.__func__.0
                0x00000000100048c4       0x1a CMakeFiles/pico16470.dir/home/henry/code/pico-sdk/src/rp2_common/hardware_timer/timer.c.obj
 *fill*         0x00000000100048de        0x2 
 .rodata.str1.4
                0x00000000100048e0       0x89 CMakeFiles/pico16470.dir/home/henry/code/pico-sdk/src/common/pico_sync/mutex.c.obj
                                         0xe9 (size before relaxing)
 *fill*         0x0000000010004969        0x3 
 .rodata.__func__.1
                0x000000001000496c        0xb CMakeFiles/pico16470.dir/home/henry/code/pico-sdk/src/common/pico_sync/mutex.c.obj
 .rodata.ph_add_child_node.str1.4
                0x0000000010004977       0x96 CMakeFiles/pico16470.dir/home/henry/code/pico-sdk/src/common/pico_util/pheap.c.obj
 *fill*         0x0000000010004977        0x1 
 .rodata.ph_remove_any_head.str1.4
                0x0000000010004978       0x8c CMakeFiles/pico16470.dir/home/henry/code/pico-sdk/src/common/pico_util/pheap.c.obj
 .rodata.ph_remove_and_free_node.str1.4
                0x0000000010004a04       0x26 CMakeFiles/pico16470.dir/home/henry/code/pico-sdk/src/common/pico_util/pheap.c.obj
 *fill*         0x0000000010004a2a        0x2 
 .rodata.__func__.0
                0x0000000010004a2c       0x18 CMakeFiles/pico16470.dir/home/henry/code/pico-sdk/src/common/pico_util/pheap.c.obj
 .rodata.__func__.1
                0x0000000010004a44       0x13 CMakeFiles/pico16470.dir/home/henry/code/pico-sdk/src/common/pico_util/pheap.c.obj
 *fill*         0x0000000010004a57        0x1 
 .rodata.__func__.2
                0x0000000010004a58       0x12 CMakeFiles/pico16470.dir/home/henry/code/pico-sdk/src/common/pico_util/pheap.c.obj
 *fill*         0x0000000010004a6a        0x2 
 .rodata.__func__.3
                0x0000000010004a6c        0xc CMakeFiles/pico16470.dir/home/henry/code/pico-sdk/src/common/pico_util/pheap.c.obj
 .rodata.__assert_func.str1.4
                0x0000000010004a78       0x3f CMakeFiles/pico16470.dir/home/henry/code/pico-sdk/src/rp2_common/pico_runtime/runtime.c.obj
                                         0x43 (size before relaxing)
 *fill*         0x0000000010004ab7        0x1 
 .rodata.runtime_init.str1.4
                0x0000000010004ab8       0x60 CMakeFiles/pico16470.dir/home/henry/code/pico-sdk/src/rp2_common/pico_runtime/runtime.c.obj
 .rodata.panic.str1.4
                0x0000000010004b18       0x12 CMakeFiles/pico16470.dir/home/henry/code/pico-sdk/src/rp2_common/pico_runtime/runtime.c.obj
 *fill*         0x0000000010004b2a        0x2 
 .rodata.__func__.1
                0x0000000010004b2c        0xd CMakeFiles/pico16470.dir/home/henry/code/pico-sdk/src/rp2_common/pico_runtime/runtime.c.obj
 *fill*         0x0000000010004b39        0x3 
 .rodata.clock_configure.str1.4
                0x0000000010004b3c       0x56 CMakeFiles/pico16470.dir/home/henry/code/pico-sdk/src/rp2_common/hardware_clocks/clocks.c.obj
 *fill*         0x0000000010004b92        0x2 
 .rodata.__func__.1
                0x0000000010004b94       0x10 CMakeFiles/pico16470.dir/home/henry/code/pico-sdk/src/rp2_common/hardware_clocks/clocks.c.obj
 .rodata.make_branch.str1.4
                0x0000000010004ba4       0x4c CMakeFiles/pico16470.dir/home/henry/code/pico-sdk/src/rp2_common/hardware_irq/irq.c.obj
 .rodata.irq_set_exclusive_handler.str1.4
                0x0000000010004bf0       0x36 CMakeFiles/pico16470.dir/home/henry/code/pico-sdk/src/rp2_common/hardware_irq/irq.c.obj
 *fill*         0x0000000010004c26        0x2 
 .rodata.irq_add_shared_handler.str1.4
                0x0000000010004c28       0xd9 CMakeFiles/pico16470.dir/home/henry/code/pico-sdk/src/rp2_common/hardware_irq/irq.c.obj
 *fill*         0x0000000010004d01        0x3 
 .rodata.irq_remove_handler.str1.4
                0x0000000010004d04       0x2a CMakeFiles/pico16470.dir/home/henry/code/pico-sdk/src/rp2_common/hardware_irq/irq.c.obj
 *fill*         0x0000000010004d2e        0x2 
 .rodata.irq_add_tail_to_free_list.str1.4
                0x0000000010004d30       0x32 CMakeFiles/pico16470.dir/home/henry/code/pico-sdk/src/rp2_common/hardware_irq/irq.c.obj
                                         0x3a (size before relaxing)
 *fill*         0x0000000010004d62        0x2 
 .rodata.__func__.0
                0x0000000010004d64       0x1a CMakeFiles/pico16470.dir/home/henry/code/pico-sdk/src/rp2_common/hardware_irq/irq.c.obj
 *fill*         0x0000000010004d7e        0x2 
 .rodata.__func__.1
                0x0000000010004d80       0x17 CMakeFiles/pico16470.dir/home/henry/code/pico-sdk/src/rp2_common/hardware_irq/irq.c.obj
 *fill*         0x0000000010004d97        0x1 
 .rodata.__func__.2
                0x0000000010004d98       0x13 CMakeFiles/pico16470.dir/home/henry/code/pico-sdk/src/rp2_common/hardware_irq/irq.c.obj
 *fill*         0x0000000010004dab        0x1 
 .rodata.__func__.3
                0x0000000010004dac        0xc CMakeFiles/pico16470.dir/home/henry/code/pico-sdk/src/rp2_common/hardware_irq/irq.c.obj
 .rodata.__func__.4
                0x0000000010004db8        0xf CMakeFiles/pico16470.dir/home/henry/code/pico-sdk/src/rp2_common/hardware_irq/irq.c.obj
 *fill*         0x0000000010004dc7        0x1 
 .rodata.__func__.6
                0x0000000010004dc8       0x1a CMakeFiles/pico16470.dir/home/henry/code/pico-sdk/src/rp2_common/hardware_irq/irq.c.obj
 *fill*         0x0000000010004de2        0x2 
 .rodata.pll_init.str1.4
                0x0000000010004de4       0xd7 CMakeFiles/pico16470.dir/home/henry/code/pico-sdk/src/rp2_common/hardware_pll/pll.c.obj
 *fill*         0x0000000010004ebb        0x1 
 .rodata.__func__.0
                0x0000000010004ebc        0x9 CMakeFiles/pico16470.dir/home/henry/code/pico-sdk/src/rp2_common/hardware_pll/pll.c.obj
 *fill*         0x0000000010004ec5        0x3 
 .rodata._ftoa.str1.4
                0x0000000010004ec8       0x15 CMakeFiles/pico16470.dir/home/henry/code/pico-sdk/src/rp2_common/pico_printf/printf.c.obj
 *fill*         0x0000000010004edd        0x3 
 .rodata._vsnprintf
                0x0000000010004ee0      0x1e0 CMakeFiles/pico16470.dir/home/henry/code/pico-sdk/src/rp2_common/pico_printf/printf.c.obj
 .rodata.pow10.0
                0x00000000100050c0       0x50 CMakeFiles/pico16470.dir/home/henry/code/pico-sdk/src/rp2_common/pico_printf/printf.c.obj
 .rodata.__aeabi_double_init.str1.4
                0x0000000010005110       0xa7 CMakeFiles/pico16470.dir/home/henry/code/pico-sdk/src/rp2_common/pico_double/double_init_rom.c.obj
 *fill*         0x00000000100051b7        0x1 
 .rodata.__func__.0
                0x00000000100051b8       0x14 CMakeFiles/pico16470.dir/home/henry/code/pico-sdk/src/rp2_common/pico_double/double_init_rom.c.obj
 .rodata.__aeabi_float_init.str1.4
                0x00000000100051cc       0x79 CMakeFiles/pico16470.dir/home/henry/code/pico-sdk/src/rp2_common/pico_float/float_init_rom.c.obj
                                         0x7d (size before relaxing)
 *fill*         0x0000000010005245        0x3 
 .rodata.__func__.0
                0x0000000010005248       0x13 CMakeFiles/pico16470.dir/home/henry/code/pico-sdk/src/rp2_common/pico_float/float_init_rom.c.obj
 *fill*         0x000000001000525b        0x1 
 .rodata.str1.4
                0x000000001000525c       0x44 CMakeFiles/pico16470.dir/home/henry/code/pico-sdk/src/rp2_common/pico_standard_link/binary_info.c.obj
 .rodata.__bi_44
                0x00000000100052a0        0xc CMakeFiles/pico16470.dir/home/henry/code/pico-sdk/src/rp2_common/pico_standard_link/binary_info.c.obj
 .rodata.__bi_56
                0x00000000100052ac        0xc CMakeFiles/pico16470.dir/home/henry/code/pico-sdk/src/rp2_common/pico_standard_link/binary_info.c.obj
 .rodata.__bi_75
                0x00000000100052b8        0xc CMakeFiles/pico16470.dir/home/henry/code/pico-sdk/src/rp2_common/pico_standard_link/binary_info.c.obj
 .rodata.__bi_81
                0x00000000100052c4        0xc CMakeFiles/pico16470.dir/home/henry/code/pico-sdk/src/rp2_common/pico_standard_link/binary_info.c.obj
 .rodata.crlf_str.3
                0x00000000100052d0        0x2 CMakeFiles/pico16470.dir/home/henry/code/pico-sdk/src/rp2_common/pico_stdio/stdio.c.obj
 *fill*         0x00000000100052d2        0x2 
 .rodata.str1.4
                0x00000000100052d4       0x2c CMakeFiles/pico16470.dir/home/henry/code/pico-sdk/src/rp2_common/pico_stdio_uart/stdio_uart.c.obj
 .rodata.__bi_28.4
                0x0000000010005300        0xc CMakeFiles/pico16470.dir/home/henry/code/pico-sdk/src/rp2_common/pico_stdio_uart/stdio_uart.c.obj
 .rodata.__bi_29.5
                0x000000001000530c        0x8 CMakeFiles/pico16470.dir/home/henry/code/pico-sdk/src/rp2_common/pico_stdio_uart/stdio_uart.c.obj
                0x0000000010005314                . = ALIGN (0x4)
 *(SORT_BY_ALIGNMENT(SORT_BY_NAME(.flashdata*)))
                0x0000000010005314                . = ALIGN (0x4)

.rel.dyn        0x0000000010005314        0x0
 .rel.iplt      0x0000000010005314        0x0 /usr/bin/../lib/gcc/arm-none-eabi/10.2.1/thumb/v6-m/nofp/crtbegin.o

.ARM.extab
 *(.ARM.extab* .gnu.linkonce.armextab.*)
                0x0000000010005314                __exidx_start = .

.ARM.exidx
 *(.ARM.exidx* .gnu.linkonce.armexidx.*)
                0x0000000010005314                __exidx_end = .
                0x0000000010005314                . = ALIGN (0x4)
                0x0000000010005314                __binary_info_start = .

.binary_info    0x0000000010005314       0x28
 *(.binary_info.keep.*)
 .binary_info.keep.__bi_ptr22
                0x0000000010005314        0x4 CMakeFiles/pico16470.dir/home/henry/code/pico-sdk/src/rp2_common/pico_standard_link/binary_info.c.obj
 .binary_info.keep.__bi_ptr30
                0x0000000010005318        0x4 CMakeFiles/pico16470.dir/home/henry/code/pico-sdk/src/rp2_common/pico_standard_link/binary_info.c.obj
 .binary_info.keep.__bi_ptr38
                0x000000001000531c        0x4 CMakeFiles/pico16470.dir/home/henry/code/pico-sdk/src/rp2_common/pico_standard_link/binary_info.c.obj
 .binary_info.keep.__bi_ptr44
                0x0000000010005320        0x4 CMakeFiles/pico16470.dir/home/henry/code/pico-sdk/src/rp2_common/pico_standard_link/binary_info.c.obj
 .binary_info.keep.__bi_ptr50
                0x0000000010005324        0x4 CMakeFiles/pico16470.dir/home/henry/code/pico-sdk/src/rp2_common/pico_standard_link/binary_info.c.obj
 .binary_info.keep.__bi_ptr56
                0x0000000010005328        0x4 CMakeFiles/pico16470.dir/home/henry/code/pico-sdk/src/rp2_common/pico_standard_link/binary_info.c.obj
 .binary_info.keep.__bi_ptr75
                0x000000001000532c        0x4 CMakeFiles/pico16470.dir/home/henry/code/pico-sdk/src/rp2_common/pico_standard_link/binary_info.c.obj
 .binary_info.keep.__bi_ptr81
                0x0000000010005330        0x4 CMakeFiles/pico16470.dir/home/henry/code/pico-sdk/src/rp2_common/pico_standard_link/binary_info.c.obj
 *(.binary_info.*)
 .binary_info.__bi_ptr28
                0x0000000010005334        0x4 CMakeFiles/pico16470.dir/home/henry/code/pico-sdk/src/rp2_common/pico_stdio_uart/stdio_uart.c.obj
 .binary_info.__bi_ptr29
                0x0000000010005338        0x4 CMakeFiles/pico16470.dir/home/henry/code/pico-sdk/src/rp2_common/pico_stdio_uart/stdio_uart.c.obj
                0x000000001000533c                __binary_info_end = .
                0x000000001000533c                . = ALIGN (0x4)
                0x000000001000533c                __etext = .

.ram_vector_table
                0x0000000020000000       0xc0
 *(.ram_vector_table)
 .ram_vector_table
                0x0000000020000000       0xc0 CMakeFiles/pico16470.dir/home/henry/code/pico-sdk/src/rp2_common/pico_runtime/runtime.c.obj
                0x0000000020000000                ram_vector_table

.data           0x00000000200000c0      0x240 load address 0x000000001000533c
                0x00000000200000c0                __data_start__ = .
 *(vtable)
 *(.time_critical*)
 .time_critical.mutex_enter_blocking
                0x00000000200000c0       0x48 CMakeFiles/pico16470.dir/home/henry/code/pico-sdk/src/common/pico_sync/mutex.c.obj
                0x00000000200000c0                mutex_enter_blocking
 .time_critical.mutex_try_enter
                0x0000000020000108       0x46 CMakeFiles/pico16470.dir/home/henry/code/pico-sdk/src/common/pico_sync/mutex.c.obj
                0x0000000020000108                mutex_try_enter
 *fill*         0x000000002000014e        0x2 
 .time_critical.mutex_exit
                0x0000000020000150       0x4c CMakeFiles/pico16470.dir/home/henry/code/pico-sdk/src/common/pico_sync/mutex.c.obj
                0x0000000020000150                mutex_exit
 .time_critical.spi_write16_blocking
                0x000000002000019c       0x3c CMakeFiles/pico16470.dir/home/henry/code/pico-sdk/src/rp2_common/hardware_spi/spi.c.obj
                0x000000002000019c                spi_write16_blocking
 .time_critical.spi_read16_blocking
                0x00000000200001d8       0x3e CMakeFiles/pico16470.dir/home/henry/code/pico-sdk/src/rp2_common/hardware_spi/spi.c.obj
                0x00000000200001d8                spi_read16_blocking
 *(.text*)
 *fill*         0x0000000020000216        0x2 
 .text          0x0000000020000218        0x4 /usr/bin/../lib/gcc/arm-none-eabi/10.2.1/thumb/v6-m/nofp/libgcc.a(_dvmd_tls.o)
                0x0000000020000218                __aeabi_ldiv0
                0x0000000020000218                __aeabi_idiv0
 *fill*         0x000000002000021c        0x4 
 .text.__stub   0x0000000020000220       0x10 linker stubs
                0x0000000020000230                . = ALIGN (0x4)
 *(.rodata*)
                0x0000000020000230                . = ALIGN (0x4)
 *(.data*)
 .data.striped_spin_lock_num
                0x0000000020000230        0x1 CMakeFiles/pico16470.dir/home/henry/code/pico-sdk/src/rp2_common/hardware_sync/sync.c.obj
 *fill*         0x0000000020000231        0x3 
 .data.default_alarm_pool
                0x0000000020000234       0x18 CMakeFiles/pico16470.dir/home/henry/code/pico-sdk/src/common/pico_time/time.c.obj
 .data.default_alarm_pool_heap
                0x000000002000024c       0x10 CMakeFiles/pico16470.dir/home/henry/code/pico-sdk/src/common/pico_time/time.c.obj
 .data          0x000000002000025c       0x48 CMakeFiles/pico16470.dir/home/henry/code/pico-sdk/src/rp2_common/hardware_irq/irq_handler_chain.S.obj
                0x000000002000025c                irq_handler_chain_slots
                0x000000002000028c                irq_handler_chain_first_slot
                0x0000000020000296                irq_handler_chain_remove_tail
 *fill*         0x00000000200002a4        0xc 
 .data.aeabi_bits_funcs
                0x00000000200002b0       0x10 CMakeFiles/pico16470.dir/home/henry/code/pico-sdk/src/rp2_common/pico_bit_ops/bit_ops_aeabi.S.obj
                0x00000000200002b0                aeabi_bits_funcs
                0x00000000200002c0                aeabi_bits_funcs_end
 .data.aeabi_mem_funcs
                0x00000000200002c0       0x10 CMakeFiles/pico16470.dir/home/henry/code/pico-sdk/src/rp2_common/pico_mem_ops/mem_ops_aeabi.S.obj
                0x00000000200002c0                aeabi_mem_funcs
                0x00000000200002d0                aeabi_mem_funcs_end
 .data.stdio_uart
                0x00000000200002d0       0x14 CMakeFiles/pico16470.dir/home/henry/code/pico-sdk/src/rp2_common/pico_stdio_uart/stdio_uart.c.obj
                0x00000000200002d0                stdio_uart
                0x00000000200002e4                . = ALIGN (0x4)
 *(.after_data.*)
                0x00000000200002e4                . = ALIGN (0x4)
                0x00000000200002e4                PROVIDE (__mutex_array_start = .)
 *(SORT_BY_NAME(.mutex_array.*))
 *(.mutex_array)
 .mutex_array   0x00000000200002e4        0x8 CMakeFiles/pico16470.dir/home/henry/code/pico-sdk/src/rp2_common/pico_stdio/stdio.c.obj
                0x00000000200002ec                PROVIDE (__mutex_array_end = .)
                0x00000000200002ec                . = ALIGN (0x4)
                0x00000000200002ec                PROVIDE (__preinit_array_start = .)
 *(SORT_BY_NAME(.preinit_array.*))
 .preinit_array.00001
                0x00000000200002ec        0x4 CMakeFiles/pico16470.dir/home/henry/code/pico-sdk/src/rp2_common/pico_mem_ops/mem_ops_aeabi.S.obj
 .preinit_array.00010
                0x00000000200002f0        0x4 CMakeFiles/pico16470.dir/home/henry/code/pico-sdk/src/rp2_common/pico_bit_ops/bit_ops_aeabi.S.obj
 .preinit_array.00020
                0x00000000200002f4        0x4 CMakeFiles/pico16470.dir/home/henry/code/pico-sdk/src/rp2_common/pico_double/double_aeabi.S.obj
 .preinit_array.00020
                0x00000000200002f8        0x4 CMakeFiles/pico16470.dir/home/henry/code/pico-sdk/src/rp2_common/pico_float/float_aeabi.S.obj
 *(.preinit_array)
                0x00000000200002fc                PROVIDE (__preinit_array_end = .)
                0x00000000200002fc                . = ALIGN (0x4)
                0x00000000200002fc                PROVIDE (__init_array_start = .)
 *(SORT_BY_NAME(.init_array.*))
 *(.init_array)
 .init_array    0x00000000200002fc        0x4 /usr/bin/../lib/gcc/arm-none-eabi/10.2.1/thumb/v6-m/nofp/crtbegin.o
                0x0000000020000300                PROVIDE (__init_array_end = .)
                0x0000000020000300                . = ALIGN (0x4)
                [!provide]                        PROVIDE (__fini_array_start = .)
 *(SORT_BY_NAME(.fini_array.*))
 *(.fini_array)
                [!provide]                        PROVIDE (__fini_array_end = .)
 *(.jcr)
                0x0000000020000300                . = ALIGN (0x4)
                0x0000000020000300                __data_end__ = .

.igot.plt       0x0000000020000300        0x0 load address 0x000000001000557c
 .igot.plt      0x0000000020000300        0x0 /usr/bin/../lib/gcc/arm-none-eabi/10.2.1/thumb/v6-m/nofp/crtbegin.o

.uninitialized_data
                0x0000000020000300        0x0 load address 0x000000001000557c
                0x0000000020000300                . = ALIGN (0x4)
 *(.uninitialized_data*)

.scratch_x      0x0000000020040000        0x0 load address 0x000000001000557c
                0x0000000020040000                __scratch_x_start__ = .
 *(.scratch_x.*)
                0x0000000020040000                . = ALIGN (0x4)
                0x0000000020040000                __scratch_x_end__ = .
                0x000000001000557c                __scratch_x_source__ = LOADADDR (.scratch_x)

.scratch_y      0x0000000020041000        0x0 load address 0x000000001000557c
                0x0000000020041000                __scratch_y_start__ = .
 *(.scratch_y.*)
                0x0000000020041000                . = ALIGN (0x4)
                0x0000000020041000                __scratch_y_end__ = .
                0x000000001000557c                __scratch_y_source__ = LOADADDR (.scratch_y)

.bss            0x0000000020000300      0x3d0
                0x0000000020000300                . = ALIGN (0x4)
                0x0000000020000300                __bss_start__ = .
 *(SORT_BY_ALIGNMENT(SORT_BY_NAME(.bss*)))
 .bss.default_alarm_pool_entries
                0x0000000020000300      0x100 CMakeFiles/pico16470.dir/home/henry/code/pico-sdk/src/common/pico_time/time.c.obj
 .bss           0x0000000020000400       0x1c /usr/bin/../lib/gcc/arm-none-eabi/10.2.1/thumb/v6-m/nofp/crtbegin.o
 .bss.alarm_callbacks
                0x000000002000041c       0x10 CMakeFiles/pico16470.dir/home/henry/code/pico-sdk/src/rp2_common/hardware_timer/timer.c.obj
 .bss.configured_freq
                0x000000002000042c       0x28 CMakeFiles/pico16470.dir/home/henry/code/pico-sdk/src/rp2_common/hardware_clocks/clocks.c.obj
 .bss.default_alarm_pool_entry_ids_high
                0x0000000020000454       0x10 CMakeFiles/pico16470.dir/home/henry/code/pico-sdk/src/common/pico_time/time.c.obj
 .bss.default_alarm_pool_heap_nodes
                0x0000000020000464       0x30 CMakeFiles/pico16470.dir/home/henry/code/pico-sdk/src/common/pico_time/time.c.obj
 .bss.drivers   0x0000000020000494        0x4 CMakeFiles/pico16470.dir/home/henry/code/pico-sdk/src/rp2_common/pico_stdio/stdio.c.obj
 .bss.filter    0x0000000020000498        0x4 CMakeFiles/pico16470.dir/home/henry/code/pico-sdk/src/rp2_common/pico_stdio/stdio.c.obj
 .bss.pools     0x000000002000049c       0x10 CMakeFiles/pico16470.dir/home/henry/code/pico-sdk/src/common/pico_time/time.c.obj
 .bss.sd_table  0x00000000200004ac      0x100 CMakeFiles/pico16470.dir/home/henry/code/pico-sdk/src/rp2_common/pico_double/double_init_rom.c.obj
                0x00000000200004ac                sd_table
 .bss.sf_clz_func
                0x00000000200005ac        0x4 CMakeFiles/pico16470.dir/home/henry/code/pico-sdk/src/rp2_common/pico_double/double_init_rom.c.obj
                0x00000000200005ac                sf_clz_func
 .bss.sf_table  0x00000000200005b0      0x100 CMakeFiles/pico16470.dir/home/henry/code/pico-sdk/src/rp2_common/pico_float/float_init_rom.c.obj
                0x00000000200005b0                sf_table
 .bss.sleep_notifier
                0x00000000200006b0        0x4 CMakeFiles/pico16470.dir/home/henry/code/pico-sdk/src/common/pico_time/time.c.obj
 .bss.target_hi
                0x00000000200006b4       0x10 CMakeFiles/pico16470.dir/home/henry/code/pico-sdk/src/rp2_common/hardware_timer/timer.c.obj
 .bss.uart_char_to_line_feed
                0x00000000200006c4        0x4 CMakeFiles/pico16470.dir/home/henry/code/pico-sdk/src/rp2_common/hardware_uart/uart.c.obj
                0x00000000200006c4                uart_char_to_line_feed
 .bss.uart_instance
                0x00000000200006c8        0x4 CMakeFiles/pico16470.dir/home/henry/code/pico-sdk/src/rp2_common/pico_stdio_uart/stdio_uart.c.obj
 .bss.claimed   0x00000000200006cc        0x1 CMakeFiles/pico16470.dir/home/henry/code/pico-sdk/src/rp2_common/hardware_timer/timer.c.obj
 .bss.irq_hander_chain_free_slot_head
                0x00000000200006cd        0x1 CMakeFiles/pico16470.dir/home/henry/code/pico-sdk/src/rp2_common/hardware_irq/irq.c.obj
 .bss.timer_callbacks_pending
                0x00000000200006ce        0x1 CMakeFiles/pico16470.dir/home/henry/code/pico-sdk/src/rp2_common/hardware_timer/timer.c.obj
 *(COMMON)
                0x00000000200006d0                . = ALIGN (0x4)
 *fill*         0x00000000200006cf        0x1 
                0x00000000200006d0                __bss_end__ = .

.heap           0x00000000200006d0      0x800
                0x00000000200006d0                __end__ = .
                0x00000000200006d0                end = __end__
 *(.heap*)
 .heap          0x00000000200006d0      0x800 CMakeFiles/pico16470.dir/home/henry/code/pico-sdk/src/rp2_common/pico_standard_link/crt0.S.obj
                0x0000000020000ed0                __HeapLimit = .

.stack1_dummy   0x0000000020040000        0x0
 *(.stack1*)

.stack_dummy    0x0000000020041000      0x800
 *(.stack*)
 .stack         0x0000000020041000      0x800 CMakeFiles/pico16470.dir/home/henry/code/pico-sdk/src/rp2_common/pico_standard_link/crt0.S.obj

.flash_end      0x000000001000557c        0x0
                0x000000001000557c                __flash_binary_end = .
                0x0000000020040000                __StackLimit = (ORIGIN (RAM) + LENGTH (RAM))
                0x0000000020041000                __StackOneTop = (ORIGIN (SCRATCH_X) + LENGTH (SCRATCH_X))
                0x0000000020042000                __StackTop = (ORIGIN (SCRATCH_Y) + LENGTH (SCRATCH_Y))
                0x0000000020041000                __StackOneBottom = (__StackOneTop - SIZEOF (.stack1_dummy))
                0x0000000020041800                __StackBottom = (__StackTop - SIZEOF (.stack_dummy))
                0x0000000020042000                PROVIDE (__stack = __StackTop)
                0x0000000000000001                ASSERT ((__StackLimit >= __HeapLimit), region RAM overflowed)
                0x0000000000000001                ASSERT (((__binary_info_header_end - __logical_binary_start) <= 0x100), Binary info must be in first 256 bytes of the binary)
LOAD CMakeFiles/pico16470.dir/src/main.c.obj
LOAD CMakeFiles/pico16470.dir/src/imu.c.obj
LOAD CMakeFiles/pico16470.dir/home/henry/code/pico-sdk/src/rp2_common/pico_stdlib/stdlib.c.obj
LOAD CMakeFiles/pico16470.dir/home/henry/code/pico-sdk/src/rp2_common/hardware_gpio/gpio.c.obj
LOAD CMakeFiles/pico16470.dir/home/henry/code/pico-sdk/src/rp2_common/hardware_claim/claim.c.obj
LOAD CMakeFiles/pico16470.dir/home/henry/code/pico-sdk/src/rp2_common/pico_platform/platform.c.obj
LOAD CMakeFiles/pico16470.dir/home/henry/code/pico-sdk/src/rp2_common/hardware_sync/sync.c.obj
LOAD CMakeFiles/pico16470.dir/home/henry/code/pico-sdk/src/rp2_common/hardware_uart/uart.c.obj
LOAD CMakeFiles/pico16470.dir/home/henry/code/pico-sdk/src/rp2_common/hardware_divider/divider.S.obj
LOAD CMakeFiles/pico16470.dir/home/henry/code/pico-sdk/src/common/pico_time/time.c.obj
LOAD CMakeFiles/pico16470.dir/home/henry/code/pico-sdk/src/common/pico_time/timeout_helper.c.obj
LOAD CMakeFiles/pico16470.dir/home/henry/code/pico-sdk/src/rp2_common/hardware_timer/timer.c.obj
LOAD CMakeFiles/pico16470.dir/home/henry/code/pico-sdk/src/common/pico_sync/sem.c.obj
LOAD CMakeFiles/pico16470.dir/home/henry/code/pico-sdk/src/common/pico_sync/lock_core.c.obj
LOAD CMakeFiles/pico16470.dir/home/henry/code/pico-sdk/src/common/pico_sync/mutex.c.obj
LOAD CMakeFiles/pico16470.dir/home/henry/code/pico-sdk/src/common/pico_sync/critical_section.c.obj
LOAD CMakeFiles/pico16470.dir/home/henry/code/pico-sdk/src/common/pico_util/datetime.c.obj
LOAD CMakeFiles/pico16470.dir/home/henry/code/pico-sdk/src/common/pico_util/pheap.c.obj
LOAD CMakeFiles/pico16470.dir/home/henry/code/pico-sdk/src/common/pico_util/queue.c.obj
LOAD CMakeFiles/pico16470.dir/home/henry/code/pico-sdk/src/rp2_common/pico_runtime/runtime.c.obj
LOAD CMakeFiles/pico16470.dir/home/henry/code/pico-sdk/src/rp2_common/hardware_clocks/clocks.c.obj
LOAD CMakeFiles/pico16470.dir/home/henry/code/pico-sdk/src/rp2_common/hardware_irq/irq.c.obj
LOAD CMakeFiles/pico16470.dir/home/henry/code/pico-sdk/src/rp2_common/hardware_irq/irq_handler_chain.S.obj
LOAD CMakeFiles/pico16470.dir/home/henry/code/pico-sdk/src/rp2_common/hardware_pll/pll.c.obj
LOAD CMakeFiles/pico16470.dir/home/henry/code/pico-sdk/src/rp2_common/hardware_vreg/vreg.c.obj
LOAD CMakeFiles/pico16470.dir/home/henry/code/pico-sdk/src/rp2_common/hardware_watchdog/watchdog.c.obj
LOAD CMakeFiles/pico16470.dir/home/henry/code/pico-sdk/src/rp2_common/hardware_xosc/xosc.c.obj
LOAD CMakeFiles/pico16470.dir/home/henry/code/pico-sdk/src/rp2_common/pico_printf/printf.c.obj
LOAD CMakeFiles/pico16470.dir/home/henry/code/pico-sdk/src/rp2_common/pico_bit_ops/bit_ops_aeabi.S.obj
LOAD CMakeFiles/pico16470.dir/home/henry/code/pico-sdk/src/rp2_common/pico_bootrom/bootrom.c.obj
LOAD CMakeFiles/pico16470.dir/home/henry/code/pico-sdk/src/rp2_common/pico_divider/divider.S.obj
LOAD CMakeFiles/pico16470.dir/home/henry/code/pico-sdk/src/rp2_common/pico_double/double_aeabi.S.obj
LOAD CMakeFiles/pico16470.dir/home/henry/code/pico-sdk/src/rp2_common/pico_double/double_init_rom.c.obj
LOAD CMakeFiles/pico16470.dir/home/henry/code/pico-sdk/src/rp2_common/pico_double/double_math.c.obj
LOAD CMakeFiles/pico16470.dir/home/henry/code/pico-sdk/src/rp2_common/pico_double/double_v1_rom_shim.S.obj
LOAD CMakeFiles/pico16470.dir/home/henry/code/pico-sdk/src/rp2_common/pico_int64_ops/pico_int64_ops_aeabi.S.obj
LOAD CMakeFiles/pico16470.dir/home/henry/code/pico-sdk/src/rp2_common/pico_float/float_aeabi.S.obj
LOAD CMakeFiles/pico16470.dir/home/henry/code/pico-sdk/src/rp2_common/pico_float/float_init_rom.c.obj
LOAD CMakeFiles/pico16470.dir/home/henry/code/pico-sdk/src/rp2_common/pico_float/float_math.c.obj
LOAD CMakeFiles/pico16470.dir/home/henry/code/pico-sdk/src/rp2_common/pico_float/float_v1_rom_shim.S.obj
LOAD CMakeFiles/pico16470.dir/home/henry/code/pico-sdk/src/rp2_common/pico_malloc/pico_malloc.c.obj
LOAD CMakeFiles/pico16470.dir/home/henry/code/pico-sdk/src/rp2_common/pico_mem_ops/mem_ops_aeabi.S.obj
LOAD CMakeFiles/pico16470.dir/home/henry/code/pico-sdk/src/rp2_common/pico_standard_link/crt0.S.obj
LOAD CMakeFiles/pico16470.dir/home/henry/code/pico-sdk/src/rp2_common/pico_standard_link/new_delete.cpp.obj
LOAD CMakeFiles/pico16470.dir/home/henry/code/pico-sdk/src/rp2_common/pico_standard_link/binary_info.c.obj
LOAD CMakeFiles/pico16470.dir/home/henry/code/pico-sdk/src/rp2_common/pico_stdio/stdio.c.obj
LOAD CMakeFiles/pico16470.dir/home/henry/code/pico-sdk/src/rp2_common/pico_stdio_uart/stdio_uart.c.obj
LOAD CMakeFiles/pico16470.dir/home/henry/code/pico-sdk/src/rp2_common/hardware_spi/spi.c.obj
LOAD CMakeFiles/pico16470.dir/home/henry/code/pico-sdk/src/rp2_common/hardware_dma/dma.c.obj
LOAD CMakeFiles/pico16470.dir/home/henry/code/pico-sdk/src/rp2_common/hardware_pio/pio.c.obj
LOAD /tmp/ccEFeV2t.o
LOAD /usr/bin/../lib/gcc/arm-none-eabi/10.2.1/../../../../arm-none-eabi/lib/thumb/v6-m/nofp/libstdc++.a
LOAD /usr/bin/../lib/gcc/arm-none-eabi/10.2.1/../../../../arm-none-eabi/lib/thumb/v6-m/nofp/libm.a
START GROUP
LOAD /usr/bin/../lib/gcc/arm-none-eabi/10.2.1/thumb/v6-m/nofp/libgcc.a
LOAD /usr/bin/../lib/gcc/arm-none-eabi/10.2.1/../../../../arm-none-eabi/lib/thumb/v6-m/nofp/libg.a
LOAD /usr/bin/../lib/gcc/arm-none-eabi/10.2.1/../../../../arm-none-eabi/lib/thumb/v6-m/nofp/libc.a
END GROUP
START GROUP
LOAD /usr/bin/../lib/gcc/arm-none-eabi/10.2.1/thumb/v6-m/nofp/libgcc.a
LOAD /usr/bin/../lib/gcc/arm-none-eabi/10.2.1/../../../../arm-none-eabi/lib/thumb/v6-m/nofp/libc.a
LOAD /usr/bin/../lib/gcc/arm-none-eabi/10.2.1/../../../../arm-none-eabi/lib/thumb/v6-m/nofp/libnosys.a
END GROUP
LOAD /usr/bin/../lib/gcc/arm-none-eabi/10.2.1/thumb/v6-m/nofp/crtend.o
LOAD /usr/bin/../lib/gcc/arm-none-eabi/10.2.1/thumb/v6-m/nofp/crtn.o
OUTPUT(pico16470.elf elf32-littlearm)
LOAD linker stubs

.ARM.attributes
                0x0000000000000000       0x28
 .ARM.attributes
                0x0000000000000000       0x1e /usr/bin/../lib/gcc/arm-none-eabi/10.2.1/thumb/v6-m/nofp/crti.o
 .ARM.attributes
                0x000000000000001e       0x2c /usr/bin/../lib/gcc/arm-none-eabi/10.2.1/thumb/v6-m/nofp/crtbegin.o
 .ARM.attributes
                0x000000000000004a       0x2c CMakeFiles/pico16470.dir/src/main.c.obj
 .ARM.attributes
                0x0000000000000076       0x2c CMakeFiles/pico16470.dir/home/henry/code/pico-sdk/src/rp2_common/hardware_gpio/gpio.c.obj
 .ARM.attributes
                0x00000000000000a2       0x2c CMakeFiles/pico16470.dir/home/henry/code/pico-sdk/src/rp2_common/hardware_claim/claim.c.obj
 .ARM.attributes
                0x00000000000000ce       0x2c CMakeFiles/pico16470.dir/home/henry/code/pico-sdk/src/rp2_common/pico_platform/platform.c.obj
 .ARM.attributes
                0x00000000000000fa       0x2c CMakeFiles/pico16470.dir/home/henry/code/pico-sdk/src/rp2_common/hardware_sync/sync.c.obj
 .ARM.attributes
                0x0000000000000126       0x2c CMakeFiles/pico16470.dir/home/henry/code/pico-sdk/src/rp2_common/hardware_uart/uart.c.obj
 .ARM.attributes
                0x0000000000000152       0x2c CMakeFiles/pico16470.dir/home/henry/code/pico-sdk/src/common/pico_time/time.c.obj
 .ARM.attributes
                0x000000000000017e       0x2c CMakeFiles/pico16470.dir/home/henry/code/pico-sdk/src/rp2_common/hardware_timer/timer.c.obj
 .ARM.attributes
                0x00000000000001aa       0x2c CMakeFiles/pico16470.dir/home/henry/code/pico-sdk/src/common/pico_sync/lock_core.c.obj
 .ARM.attributes
                0x00000000000001d6       0x2c CMakeFiles/pico16470.dir/home/henry/code/pico-sdk/src/common/pico_sync/mutex.c.obj
 .ARM.attributes
                0x0000000000000202       0x2c CMakeFiles/pico16470.dir/home/henry/code/pico-sdk/src/common/pico_util/pheap.c.obj
 .ARM.attributes
                0x000000000000022e       0x2c CMakeFiles/pico16470.dir/home/henry/code/pico-sdk/src/rp2_common/pico_runtime/runtime.c.obj
 .ARM.attributes
                0x000000000000025a       0x2c CMakeFiles/pico16470.dir/home/henry/code/pico-sdk/src/rp2_common/hardware_clocks/clocks.c.obj
 .ARM.attributes
                0x0000000000000286       0x2c CMakeFiles/pico16470.dir/home/henry/code/pico-sdk/src/rp2_common/hardware_irq/irq.c.obj
 .ARM.attributes
                0x00000000000002b2       0x22 CMakeFiles/pico16470.dir/home/henry/code/pico-sdk/src/rp2_common/hardware_irq/irq_handler_chain.S.obj
 .ARM.attributes
                0x00000000000002d4       0x2c CMakeFiles/pico16470.dir/home/henry/code/pico-sdk/src/rp2_common/hardware_pll/pll.c.obj
 .ARM.attributes
                0x0000000000000300       0x2c CMakeFiles/pico16470.dir/home/henry/code/pico-sdk/src/rp2_common/hardware_watchdog/watchdog.c.obj
 .ARM.attributes
                0x000000000000032c       0x2c CMakeFiles/pico16470.dir/home/henry/code/pico-sdk/src/rp2_common/hardware_xosc/xosc.c.obj
 .ARM.attributes
                0x0000000000000358       0x2c CMakeFiles/pico16470.dir/home/henry/code/pico-sdk/src/rp2_common/pico_printf/printf.c.obj
 .ARM.attributes
                0x0000000000000384       0x22 CMakeFiles/pico16470.dir/home/henry/code/pico-sdk/src/rp2_common/pico_bit_ops/bit_ops_aeabi.S.obj
 .ARM.attributes
                0x00000000000003a6       0x2c CMakeFiles/pico16470.dir/home/henry/code/pico-sdk/src/rp2_common/pico_bootrom/bootrom.c.obj
 .ARM.attributes
                0x00000000000003d2       0x22 CMakeFiles/pico16470.dir/home/henry/code/pico-sdk/src/rp2_common/pico_divider/divider.S.obj
 .ARM.attributes
                0x00000000000003f4       0x22 CMakeFiles/pico16470.dir/home/henry/code/pico-sdk/src/rp2_common/pico_double/double_aeabi.S.obj
 .ARM.attributes
                0x0000000000000416       0x2c CMakeFiles/pico16470.dir/home/henry/code/pico-sdk/src/rp2_common/pico_double/double_init_rom.c.obj
 .ARM.attributes
                0x0000000000000442       0x22 CMakeFiles/pico16470.dir/home/henry/code/pico-sdk/src/rp2_common/pico_double/double_v1_rom_shim.S.obj
 .ARM.attributes
                0x0000000000000464       0x22 CMakeFiles/pico16470.dir/home/henry/code/pico-sdk/src/rp2_common/pico_int64_ops/pico_int64_ops_aeabi.S.obj
 .ARM.attributes
                0x0000000000000486       0x22 CMakeFiles/pico16470.dir/home/henry/code/pico-sdk/src/rp2_common/pico_float/float_aeabi.S.obj
 .ARM.attributes
                0x00000000000004a8       0x2c CMakeFiles/pico16470.dir/home/henry/code/pico-sdk/src/rp2_common/pico_float/float_init_rom.c.obj
 .ARM.attributes
                0x00000000000004d4       0x22 CMakeFiles/pico16470.dir/home/henry/code/pico-sdk/src/rp2_common/pico_float/float_v1_rom_shim.S.obj
 .ARM.attributes
                0x00000000000004f6       0x22 CMakeFiles/pico16470.dir/home/henry/code/pico-sdk/src/rp2_common/pico_mem_ops/mem_ops_aeabi.S.obj
 .ARM.attributes
                0x0000000000000518       0x22 CMakeFiles/pico16470.dir/home/henry/code/pico-sdk/src/rp2_common/pico_standard_link/crt0.S.obj
 .ARM.attributes
                0x000000000000053a       0x32 CMakeFiles/pico16470.dir/home/henry/code/pico-sdk/src/rp2_common/pico_standard_link/binary_info.c.obj
 .ARM.attributes
                0x000000000000056c       0x2c CMakeFiles/pico16470.dir/home/henry/code/pico-sdk/src/rp2_common/pico_stdio/stdio.c.obj
 .ARM.attributes
                0x0000000000000598       0x2c CMakeFiles/pico16470.dir/home/henry/code/pico-sdk/src/rp2_common/pico_stdio_uart/stdio_uart.c.obj
 .ARM.attributes
                0x00000000000005c4       0x2c CMakeFiles/pico16470.dir/home/henry/code/pico-sdk/src/rp2_common/hardware_spi/spi.c.obj
 .ARM.attributes
                0x00000000000005f0       0x22 /tmp/ccEFeV2t.o
 .ARM.attributes
                0x0000000000000612       0x1e /usr/bin/../lib/gcc/arm-none-eabi/10.2.1/thumb/v6-m/nofp/libgcc.a(_dvmd_tls.o)
 .ARM.attributes
                0x0000000000000630       0x2c /usr/bin/../lib/gcc/arm-none-eabi/10.2.1/../../../../arm-none-eabi/lib/thumb/v6-m/nofp/libg.a(lib_a-strlen-stub.o)

.comment        0x0000000000000000       0x4d
 .comment       0x0000000000000000       0x4d CMakeFiles/pico16470.dir/src/main.c.obj
                                         0x4e (size before relaxing)
 .comment       0x000000000000004d       0x4e CMakeFiles/pico16470.dir/home/henry/code/pico-sdk/src/rp2_common/hardware_gpio/gpio.c.obj
 .comment       0x000000000000004d       0x4e CMakeFiles/pico16470.dir/home/henry/code/pico-sdk/src/rp2_common/hardware_claim/claim.c.obj
 .comment       0x000000000000004d       0x4e CMakeFiles/pico16470.dir/home/henry/code/pico-sdk/src/rp2_common/pico_platform/platform.c.obj
 .comment       0x000000000000004d       0x4e CMakeFiles/pico16470.dir/home/henry/code/pico-sdk/src/rp2_common/hardware_sync/sync.c.obj
 .comment       0x000000000000004d       0x4e CMakeFiles/pico16470.dir/home/henry/code/pico-sdk/src/rp2_common/hardware_uart/uart.c.obj
 .comment       0x000000000000004d       0x4e CMakeFiles/pico16470.dir/home/henry/code/pico-sdk/src/common/pico_time/time.c.obj
 .comment       0x000000000000004d       0x4e CMakeFiles/pico16470.dir/home/henry/code/pico-sdk/src/rp2_common/hardware_timer/timer.c.obj
 .comment       0x000000000000004d       0x4e CMakeFiles/pico16470.dir/home/henry/code/pico-sdk/src/common/pico_sync/lock_core.c.obj
 .comment       0x000000000000004d       0x4e CMakeFiles/pico16470.dir/home/henry/code/pico-sdk/src/common/pico_sync/mutex.c.obj
 .comment       0x000000000000004d       0x4e CMakeFiles/pico16470.dir/home/henry/code/pico-sdk/src/common/pico_util/pheap.c.obj
 .comment       0x000000000000004d       0x4e CMakeFiles/pico16470.dir/home/henry/code/pico-sdk/src/rp2_common/pico_runtime/runtime.c.obj
 .comment       0x000000000000004d       0x4e CMakeFiles/pico16470.dir/home/henry/code/pico-sdk/src/rp2_common/hardware_clocks/clocks.c.obj
 .comment       0x000000000000004d       0x4e CMakeFiles/pico16470.dir/home/henry/code/pico-sdk/src/rp2_common/hardware_irq/irq.c.obj
 .comment       0x000000000000004d       0x4e CMakeFiles/pico16470.dir/home/henry/code/pico-sdk/src/rp2_common/hardware_pll/pll.c.obj
 .comment       0x000000000000004d       0x4e CMakeFiles/pico16470.dir/home/henry/code/pico-sdk/src/rp2_common/hardware_watchdog/watchdog.c.obj
 .comment       0x000000000000004d       0x4e CMakeFiles/pico16470.dir/home/henry/code/pico-sdk/src/rp2_common/hardware_xosc/xosc.c.obj
 .comment       0x000000000000004d       0x4e CMakeFiles/pico16470.dir/home/henry/code/pico-sdk/src/rp2_common/pico_printf/printf.c.obj
 .comment       0x000000000000004d       0x4e CMakeFiles/pico16470.dir/home/henry/code/pico-sdk/src/rp2_common/pico_bootrom/bootrom.c.obj
 .comment       0x000000000000004d       0x4e CMakeFiles/pico16470.dir/home/henry/code/pico-sdk/src/rp2_common/pico_double/double_init_rom.c.obj
 .comment       0x000000000000004d       0x4e CMakeFiles/pico16470.dir/home/henry/code/pico-sdk/src/rp2_common/pico_float/float_init_rom.c.obj
 .comment       0x000000000000004d       0x4e CMakeFiles/pico16470.dir/home/henry/code/pico-sdk/src/rp2_common/pico_standard_link/binary_info.c.obj
 .comment       0x000000000000004d       0x4e CMakeFiles/pico16470.dir/home/henry/code/pico-sdk/src/rp2_common/pico_stdio/stdio.c.obj
 .comment       0x000000000000004d       0x4e CMakeFiles/pico16470.dir/home/henry/code/pico-sdk/src/rp2_common/pico_stdio_uart/stdio_uart.c.obj
 .comment       0x000000000000004d       0x4e CMakeFiles/pico16470.dir/home/henry/code/pico-sdk/src/rp2_common/hardware_spi/spi.c.obj

.debug_info     0x0000000000000000    0x1502b
 .debug_info    0x0000000000000000      0xb7c CMakeFiles/pico16470.dir/src/main.c.obj
 .debug_info    0x0000000000000b7c     0x1491 CMakeFiles/pico16470.dir/home/henry/code/pico-sdk/src/rp2_common/hardware_gpio/gpio.c.obj
 .debug_info    0x000000000000200d      0x6bb CMakeFiles/pico16470.dir/home/henry/code/pico-sdk/src/rp2_common/hardware_claim/claim.c.obj
 .debug_info    0x00000000000026c8      0x1e3 CMakeFiles/pico16470.dir/home/henry/code/pico-sdk/src/rp2_common/pico_platform/platform.c.obj
 .debug_info    0x00000000000028ab      0x58e CMakeFiles/pico16470.dir/home/henry/code/pico-sdk/src/rp2_common/hardware_sync/sync.c.obj
 .debug_info    0x0000000000002e39      0xb65 CMakeFiles/pico16470.dir/home/henry/code/pico-sdk/src/rp2_common/hardware_uart/uart.c.obj
 .debug_info    0x000000000000399e     0x3b3b CMakeFiles/pico16470.dir/home/henry/code/pico-sdk/src/common/pico_time/time.c.obj
 .debug_info    0x00000000000074d9     0x1134 CMakeFiles/pico16470.dir/home/henry/code/pico-sdk/src/rp2_common/hardware_timer/timer.c.obj
 .debug_info    0x000000000000860d      0x1a4 CMakeFiles/pico16470.dir/home/henry/code/pico-sdk/src/common/pico_sync/lock_core.c.obj
 .debug_info    0x00000000000087b1     0x2022 CMakeFiles/pico16470.dir/home/henry/code/pico-sdk/src/common/pico_sync/mutex.c.obj
 .debug_info    0x000000000000a7d3     0x120c CMakeFiles/pico16470.dir/home/henry/code/pico-sdk/src/common/pico_util/pheap.c.obj
 .debug_info    0x000000000000b9df      0xa87 CMakeFiles/pico16470.dir/home/henry/code/pico-sdk/src/rp2_common/pico_runtime/runtime.c.obj
 .debug_info    0x000000000000c466      0xf6c CMakeFiles/pico16470.dir/home/henry/code/pico-sdk/src/rp2_common/hardware_clocks/clocks.c.obj
 .debug_info    0x000000000000d3d2     0x1968 CMakeFiles/pico16470.dir/home/henry/code/pico-sdk/src/rp2_common/hardware_irq/irq.c.obj
 .debug_info    0x000000000000ed3a       0x26 CMakeFiles/pico16470.dir/home/henry/code/pico-sdk/src/rp2_common/hardware_irq/irq_handler_chain.S.obj
 .debug_info    0x000000000000ed60      0x51b CMakeFiles/pico16470.dir/home/henry/code/pico-sdk/src/rp2_common/hardware_pll/pll.c.obj
 .debug_info    0x000000000000f27b      0x4ee CMakeFiles/pico16470.dir/home/henry/code/pico-sdk/src/rp2_common/hardware_watchdog/watchdog.c.obj
 .debug_info    0x000000000000f769      0x1d8 CMakeFiles/pico16470.dir/home/henry/code/pico-sdk/src/rp2_common/hardware_xosc/xosc.c.obj
 .debug_info    0x000000000000f941     0x1a5f CMakeFiles/pico16470.dir/home/henry/code/pico-sdk/src/rp2_common/pico_printf/printf.c.obj
 .debug_info    0x00000000000113a0       0x22 CMakeFiles/pico16470.dir/home/henry/code/pico-sdk/src/rp2_common/pico_bit_ops/bit_ops_aeabi.S.obj
 .debug_info    0x00000000000113c2      0x27c CMakeFiles/pico16470.dir/home/henry/code/pico-sdk/src/rp2_common/pico_bootrom/bootrom.c.obj
 .debug_info    0x000000000001163e       0x22 CMakeFiles/pico16470.dir/home/henry/code/pico-sdk/src/rp2_common/pico_divider/divider.S.obj
 .debug_info    0x0000000000011660       0x22 CMakeFiles/pico16470.dir/home/henry/code/pico-sdk/src/rp2_common/pico_double/double_aeabi.S.obj
 .debug_info    0x0000000000011682      0x2d1 CMakeFiles/pico16470.dir/home/henry/code/pico-sdk/src/rp2_common/pico_double/double_init_rom.c.obj
 .debug_info    0x0000000000011953       0x22 CMakeFiles/pico16470.dir/home/henry/code/pico-sdk/src/rp2_common/pico_double/double_v1_rom_shim.S.obj
 .debug_info    0x0000000000011975       0x26 CMakeFiles/pico16470.dir/home/henry/code/pico-sdk/src/rp2_common/pico_int64_ops/pico_int64_ops_aeabi.S.obj
 .debug_info    0x000000000001199b       0x22 CMakeFiles/pico16470.dir/home/henry/code/pico-sdk/src/rp2_common/pico_float/float_aeabi.S.obj
 .debug_info    0x00000000000119bd      0x2eb CMakeFiles/pico16470.dir/home/henry/code/pico-sdk/src/rp2_common/pico_float/float_init_rom.c.obj
 .debug_info    0x0000000000011ca8       0x22 CMakeFiles/pico16470.dir/home/henry/code/pico-sdk/src/rp2_common/pico_float/float_v1_rom_shim.S.obj
 .debug_info    0x0000000000011cca       0x22 CMakeFiles/pico16470.dir/home/henry/code/pico-sdk/src/rp2_common/pico_mem_ops/mem_ops_aeabi.S.obj
 .debug_info    0x0000000000011cec       0x22 CMakeFiles/pico16470.dir/home/henry/code/pico-sdk/src/rp2_common/pico_standard_link/crt0.S.obj
 .debug_info    0x0000000000011d0e      0x327 CMakeFiles/pico16470.dir/home/henry/code/pico-sdk/src/rp2_common/pico_standard_link/binary_info.c.obj
 .debug_info    0x0000000000012035     0x12ed CMakeFiles/pico16470.dir/home/henry/code/pico-sdk/src/rp2_common/pico_stdio/stdio.c.obj
 .debug_info    0x0000000000013322      0xc41 CMakeFiles/pico16470.dir/home/henry/code/pico-sdk/src/rp2_common/pico_stdio_uart/stdio_uart.c.obj
 .debug_info    0x0000000000013f63     0x10c8 CMakeFiles/pico16470.dir/home/henry/code/pico-sdk/src/rp2_common/hardware_spi/spi.c.obj

.debug_abbrev   0x0000000000000000     0x4326
 .debug_abbrev  0x0000000000000000      0x2c3 CMakeFiles/pico16470.dir/src/main.c.obj
 .debug_abbrev  0x00000000000002c3      0x2c4 CMakeFiles/pico16470.dir/home/henry/code/pico-sdk/src/rp2_common/hardware_gpio/gpio.c.obj
 .debug_abbrev  0x0000000000000587      0x2e9 CMakeFiles/pico16470.dir/home/henry/code/pico-sdk/src/rp2_common/hardware_claim/claim.c.obj
 .debug_abbrev  0x0000000000000870       0xeb CMakeFiles/pico16470.dir/home/henry/code/pico-sdk/src/rp2_common/pico_platform/platform.c.obj
 .debug_abbrev  0x000000000000095b      0x21b CMakeFiles/pico16470.dir/home/henry/code/pico-sdk/src/rp2_common/hardware_sync/sync.c.obj
 .debug_abbrev  0x0000000000000b76      0x2d2 CMakeFiles/pico16470.dir/home/henry/code/pico-sdk/src/rp2_common/hardware_uart/uart.c.obj
 .debug_abbrev  0x0000000000000e48      0x54d CMakeFiles/pico16470.dir/home/henry/code/pico-sdk/src/common/pico_time/time.c.obj
 .debug_abbrev  0x0000000000001395      0x3a2 CMakeFiles/pico16470.dir/home/henry/code/pico-sdk/src/rp2_common/hardware_timer/timer.c.obj
 .debug_abbrev  0x0000000000001737      0x116 CMakeFiles/pico16470.dir/home/henry/code/pico-sdk/src/common/pico_sync/lock_core.c.obj
 .debug_abbrev  0x000000000000184d      0x386 CMakeFiles/pico16470.dir/home/henry/code/pico-sdk/src/common/pico_sync/mutex.c.obj
 .debug_abbrev  0x0000000000001bd3      0x297 CMakeFiles/pico16470.dir/home/henry/code/pico-sdk/src/common/pico_util/pheap.c.obj
 .debug_abbrev  0x0000000000001e6a      0x3aa CMakeFiles/pico16470.dir/home/henry/code/pico-sdk/src/rp2_common/pico_runtime/runtime.c.obj
 .debug_abbrev  0x0000000000002214      0x3a5 CMakeFiles/pico16470.dir/home/henry/code/pico-sdk/src/rp2_common/hardware_clocks/clocks.c.obj
 .debug_abbrev  0x00000000000025b9      0x4cd CMakeFiles/pico16470.dir/home/henry/code/pico-sdk/src/rp2_common/hardware_irq/irq.c.obj
 .debug_abbrev  0x0000000000002a86       0x14 CMakeFiles/pico16470.dir/home/henry/code/pico-sdk/src/rp2_common/hardware_irq/irq_handler_chain.S.obj
 .debug_abbrev  0x0000000000002a9a      0x1ea CMakeFiles/pico16470.dir/home/henry/code/pico-sdk/src/rp2_common/hardware_pll/pll.c.obj
 .debug_abbrev  0x0000000000002c84      0x1a8 CMakeFiles/pico16470.dir/home/henry/code/pico-sdk/src/rp2_common/hardware_watchdog/watchdog.c.obj
 .debug_abbrev  0x0000000000002e2c      0x109 CMakeFiles/pico16470.dir/home/henry/code/pico-sdk/src/rp2_common/hardware_xosc/xosc.c.obj
 .debug_abbrev  0x0000000000002f35      0x384 CMakeFiles/pico16470.dir/home/henry/code/pico-sdk/src/rp2_common/pico_printf/printf.c.obj
 .debug_abbrev  0x00000000000032b9       0x12 CMakeFiles/pico16470.dir/home/henry/code/pico-sdk/src/rp2_common/pico_bit_ops/bit_ops_aeabi.S.obj
 .debug_abbrev  0x00000000000032cb      0x13b CMakeFiles/pico16470.dir/home/henry/code/pico-sdk/src/rp2_common/pico_bootrom/bootrom.c.obj
 .debug_abbrev  0x0000000000003406       0x12 CMakeFiles/pico16470.dir/home/henry/code/pico-sdk/src/rp2_common/pico_divider/divider.S.obj
 .debug_abbrev  0x0000000000003418       0x12 CMakeFiles/pico16470.dir/home/henry/code/pico-sdk/src/rp2_common/pico_double/double_aeabi.S.obj
 .debug_abbrev  0x000000000000342a      0x179 CMakeFiles/pico16470.dir/home/henry/code/pico-sdk/src/rp2_common/pico_double/double_init_rom.c.obj
 .debug_abbrev  0x00000000000035a3       0x12 CMakeFiles/pico16470.dir/home/henry/code/pico-sdk/src/rp2_common/pico_double/double_v1_rom_shim.S.obj
 .debug_abbrev  0x00000000000035b5       0x14 CMakeFiles/pico16470.dir/home/henry/code/pico-sdk/src/rp2_common/pico_int64_ops/pico_int64_ops_aeabi.S.obj
 .debug_abbrev  0x00000000000035c9       0x12 CMakeFiles/pico16470.dir/home/henry/code/pico-sdk/src/rp2_common/pico_float/float_aeabi.S.obj
 .debug_abbrev  0x00000000000035db      0x18c CMakeFiles/pico16470.dir/home/henry/code/pico-sdk/src/rp2_common/pico_float/float_init_rom.c.obj
 .debug_abbrev  0x0000000000003767       0x12 CMakeFiles/pico16470.dir/home/henry/code/pico-sdk/src/rp2_common/pico_float/float_v1_rom_shim.S.obj
 .debug_abbrev  0x0000000000003779       0x12 CMakeFiles/pico16470.dir/home/henry/code/pico-sdk/src/rp2_common/pico_mem_ops/mem_ops_aeabi.S.obj
 .debug_abbrev  0x000000000000378b       0x12 CMakeFiles/pico16470.dir/home/henry/code/pico-sdk/src/rp2_common/pico_standard_link/crt0.S.obj
 .debug_abbrev  0x000000000000379d       0xad CMakeFiles/pico16470.dir/home/henry/code/pico-sdk/src/rp2_common/pico_standard_link/binary_info.c.obj
 .debug_abbrev  0x000000000000384a      0x4a7 CMakeFiles/pico16470.dir/home/henry/code/pico-sdk/src/rp2_common/pico_stdio/stdio.c.obj
 .debug_abbrev  0x0000000000003cf1      0x386 CMakeFiles/pico16470.dir/home/henry/code/pico-sdk/src/rp2_common/pico_stdio_uart/stdio_uart.c.obj
 .debug_abbrev  0x0000000000004077      0x2af CMakeFiles/pico16470.dir/home/henry/code/pico-sdk/src/rp2_common/hardware_spi/spi.c.obj

.debug_loc      0x0000000000000000     0xe19d
 .debug_loc     0x0000000000000000      0x23b CMakeFiles/pico16470.dir/src/main.c.obj
 .debug_loc     0x000000000000023b      0xede CMakeFiles/pico16470.dir/home/henry/code/pico-sdk/src/rp2_common/hardware_gpio/gpio.c.obj
 .debug_loc     0x0000000000001119      0x45f CMakeFiles/pico16470.dir/home/henry/code/pico-sdk/src/rp2_common/hardware_claim/claim.c.obj
 .debug_loc     0x0000000000001578       0xe9 CMakeFiles/pico16470.dir/home/henry/code/pico-sdk/src/rp2_common/pico_platform/platform.c.obj
 .debug_loc     0x0000000000001661      0x233 CMakeFiles/pico16470.dir/home/henry/code/pico-sdk/src/rp2_common/hardware_sync/sync.c.obj
 .debug_loc     0x0000000000001894      0x520 CMakeFiles/pico16470.dir/home/henry/code/pico-sdk/src/rp2_common/hardware_uart/uart.c.obj
 .debug_loc     0x0000000000001db4     0x2e2a CMakeFiles/pico16470.dir/home/henry/code/pico-sdk/src/common/pico_time/time.c.obj
 .debug_loc     0x0000000000004bde      0x952 CMakeFiles/pico16470.dir/home/henry/code/pico-sdk/src/rp2_common/hardware_timer/timer.c.obj
 .debug_loc     0x0000000000005530       0x60 CMakeFiles/pico16470.dir/home/henry/code/pico-sdk/src/common/pico_sync/lock_core.c.obj
 .debug_loc     0x0000000000005590     0x1469 CMakeFiles/pico16470.dir/home/henry/code/pico-sdk/src/common/pico_sync/mutex.c.obj
 .debug_loc     0x00000000000069f9     0x1439 CMakeFiles/pico16470.dir/home/henry/code/pico-sdk/src/common/pico_util/pheap.c.obj
 .debug_loc     0x0000000000007e32      0x3ff CMakeFiles/pico16470.dir/home/henry/code/pico-sdk/src/rp2_common/pico_runtime/runtime.c.obj
 .debug_loc     0x0000000000008231      0x7eb CMakeFiles/pico16470.dir/home/henry/code/pico-sdk/src/rp2_common/hardware_clocks/clocks.c.obj
 .debug_loc     0x0000000000008a1c     0x1274 CMakeFiles/pico16470.dir/home/henry/code/pico-sdk/src/rp2_common/hardware_irq/irq.c.obj
 .debug_loc     0x0000000000009c90      0x300 CMakeFiles/pico16470.dir/home/henry/code/pico-sdk/src/rp2_common/hardware_pll/pll.c.obj
 .debug_loc     0x0000000000009f90      0x2ec CMakeFiles/pico16470.dir/home/henry/code/pico-sdk/src/rp2_common/hardware_watchdog/watchdog.c.obj
 .debug_loc     0x000000000000a27c       0x71 CMakeFiles/pico16470.dir/home/henry/code/pico-sdk/src/rp2_common/hardware_xosc/xosc.c.obj
 .debug_loc     0x000000000000a2ed     0x2095 CMakeFiles/pico16470.dir/home/henry/code/pico-sdk/src/rp2_common/pico_printf/printf.c.obj
 .debug_loc     0x000000000000c382      0x1a1 CMakeFiles/pico16470.dir/home/henry/code/pico-sdk/src/rp2_common/pico_bootrom/bootrom.c.obj
 .debug_loc     0x000000000000c523       0x59 CMakeFiles/pico16470.dir/home/henry/code/pico-sdk/src/rp2_common/pico_double/double_init_rom.c.obj
 .debug_loc     0x000000000000c57c       0x73 CMakeFiles/pico16470.dir/home/henry/code/pico-sdk/src/rp2_common/pico_float/float_init_rom.c.obj
 .debug_loc     0x000000000000c5ef      0xbad CMakeFiles/pico16470.dir/home/henry/code/pico-sdk/src/rp2_common/pico_stdio/stdio.c.obj
 .debug_loc     0x000000000000d19c      0x54c CMakeFiles/pico16470.dir/home/henry/code/pico-sdk/src/rp2_common/pico_stdio_uart/stdio_uart.c.obj
 .debug_loc     0x000000000000d6e8      0xab5 CMakeFiles/pico16470.dir/home/henry/code/pico-sdk/src/rp2_common/hardware_spi/spi.c.obj

.debug_aranges  0x0000000000000000      0xdf8
 .debug_aranges
                0x0000000000000000       0x30 CMakeFiles/pico16470.dir/src/main.c.obj
 .debug_aranges
                0x0000000000000030       0xd8 CMakeFiles/pico16470.dir/home/henry/code/pico-sdk/src/rp2_common/hardware_gpio/gpio.c.obj
 .debug_aranges
                0x0000000000000108       0x48 CMakeFiles/pico16470.dir/home/henry/code/pico-sdk/src/rp2_common/hardware_claim/claim.c.obj
 .debug_aranges
                0x0000000000000150       0x28 CMakeFiles/pico16470.dir/home/henry/code/pico-sdk/src/rp2_common/pico_platform/platform.c.obj
 .debug_aranges
                0x0000000000000178       0x58 CMakeFiles/pico16470.dir/home/henry/code/pico-sdk/src/rp2_common/hardware_sync/sync.c.obj
 .debug_aranges
                0x00000000000001d0       0x40 CMakeFiles/pico16470.dir/home/henry/code/pico-sdk/src/rp2_common/hardware_uart/uart.c.obj
 .debug_aranges
                0x0000000000000210       0xd0 CMakeFiles/pico16470.dir/home/henry/code/pico-sdk/src/common/pico_time/time.c.obj
 .debug_aranges
                0x00000000000002e0       0x78 CMakeFiles/pico16470.dir/home/henry/code/pico-sdk/src/rp2_common/hardware_timer/timer.c.obj
 .debug_aranges
                0x0000000000000358       0x20 CMakeFiles/pico16470.dir/home/henry/code/pico-sdk/src/common/pico_sync/lock_core.c.obj
 .debug_aranges
                0x0000000000000378       0x88 CMakeFiles/pico16470.dir/home/henry/code/pico-sdk/src/common/pico_sync/mutex.c.obj
 .debug_aranges
                0x0000000000000400       0x78 CMakeFiles/pico16470.dir/home/henry/code/pico-sdk/src/common/pico_util/pheap.c.obj
 .debug_aranges