Archive member included to satisfy reference by file (symbol)

/usr/bin/../lib/gcc/arm-none-eabi/10.2.1/thumb/v6-m/nofp/libgcc.a(_dvmd_tls.o)
                              CMakeFiles/pico16470.dir/home/henry/code/pico-sdk/src/rp2_common/pico_divider/divider.S.obj (__aeabi_idiv0)
/usr/bin/../lib/gcc/arm-none-eabi/10.2.1/../../../../arm-none-eabi/lib/thumb/v6-m/nofp/libg.a(lib_a-calloc.o)
                              CMakeFiles/pico16470.dir/home/henry/code/pico-sdk/src/rp2_common/pico_malloc/pico_malloc.c.obj (calloc)
/usr/bin/../lib/gcc/arm-none-eabi/10.2.1/../../../../arm-none-eabi/lib/thumb/v6-m/nofp/libg.a(lib_a-callocr.o)
                              /usr/bin/../lib/gcc/arm-none-eabi/10.2.1/../../../../arm-none-eabi/lib/thumb/v6-m/nofp/libg.a(lib_a-calloc.o) (_calloc_r)
/usr/bin/../lib/gcc/arm-none-eabi/10.2.1/../../../../arm-none-eabi/lib/thumb/v6-m/nofp/libg.a(lib_a-impure.o)
                              /usr/bin/../lib/gcc/arm-none-eabi/10.2.1/../../../../arm-none-eabi/lib/thumb/v6-m/nofp/libg.a(lib_a-calloc.o) (_impure_ptr)
/usr/bin/../lib/gcc/arm-none-eabi/10.2.1/../../../../arm-none-eabi/lib/thumb/v6-m/nofp/libg.a(lib_a-init.o)
                              /usr/bin/../lib/gcc/arm-none-eabi/10.2.1/../../../../arm-none-eabi/lib/thumb/v6-m/nofp/crt0.o (__libc_init_array)
/usr/bin/../lib/gcc/arm-none-eabi/10.2.1/../../../../arm-none-eabi/lib/thumb/v6-m/nofp/libg.a(lib_a-malloc.o)
                              CMakeFiles/pico16470.dir/home/henry/code/pico-sdk/src/rp2_common/pico_malloc/pico_malloc.c.obj (malloc)
/usr/bin/../lib/gcc/arm-none-eabi/10.2.1/../../../../arm-none-eabi/lib/thumb/v6-m/nofp/libg.a(lib_a-mallocr.o)
                              /usr/bin/../lib/gcc/arm-none-eabi/10.2.1/../../../../arm-none-eabi/lib/thumb/v6-m/nofp/libg.a(lib_a-callocr.o) (_malloc_r)
/usr/bin/../lib/gcc/arm-none-eabi/10.2.1/../../../../arm-none-eabi/lib/thumb/v6-m/nofp/libg.a(lib_a-mlock.o)
                              /usr/bin/../lib/gcc/arm-none-eabi/10.2.1/../../../../arm-none-eabi/lib/thumb/v6-m/nofp/libg.a(lib_a-mallocr.o) (__malloc_lock)
/usr/bin/../lib/gcc/arm-none-eabi/10.2.1/../../../../arm-none-eabi/lib/thumb/v6-m/nofp/libg.a(lib_a-sbrkr.o)
                              /usr/bin/../lib/gcc/arm-none-eabi/10.2.1/../../../../arm-none-eabi/lib/thumb/v6-m/nofp/libg.a(lib_a-mallocr.o) (_sbrk_r)
/usr/bin/../lib/gcc/arm-none-eabi/10.2.1/../../../../arm-none-eabi/lib/thumb/v6-m/nofp/libg.a(lib_a-strlen-stub.o)
                              CMakeFiles/pico16470.dir/home/henry/code/pico-sdk/src/rp2_common/pico_stdio/stdio.c.obj (strlen)
/usr/bin/../lib/gcc/arm-none-eabi/10.2.1/../../../../arm-none-eabi/lib/thumb/v6-m/nofp/libg.a(lib_a-freer.o)
                              /usr/bin/../lib/gcc/arm-none-eabi/10.2.1/../../../../arm-none-eabi/lib/thumb/v6-m/nofp/libg.a(lib_a-malloc.o) (_free_r)
/usr/bin/../lib/gcc/arm-none-eabi/10.2.1/../../../../arm-none-eabi/lib/thumb/v6-m/nofp/libg.a(lib_a-lock.o)
                              /usr/bin/../lib/gcc/arm-none-eabi/10.2.1/../../../../arm-none-eabi/lib/thumb/v6-m/nofp/libg.a(lib_a-mlock.o) (__retarget_lock_acquire_recursive)
/usr/bin/../lib/gcc/arm-none-eabi/10.2.1/../../../../arm-none-eabi/lib/thumb/v6-m/nofp/libg.a(lib_a-reent.o)
                              /usr/bin/../lib/gcc/arm-none-eabi/10.2.1/../../../../arm-none-eabi/lib/thumb/v6-m/nofp/libg.a(lib_a-sbrkr.o) (errno)

Discarded input sections

 .text          0x0000000000000000        0x0 /usr/bin/../lib/gcc/arm-none-eabi/10.2.1/thumb/v6-m/nofp/crti.o
 .data          0x0000000000000000        0x0 /usr/bin/../lib/gcc/arm-none-eabi/10.2.1/thumb/v6-m/nofp/crti.o
 .bss           0x0000000000000000        0x0 /usr/bin/../lib/gcc/arm-none-eabi/10.2.1/thumb/v6-m/nofp/crti.o
 .data          0x0000000000000000        0x4 /usr/bin/../lib/gcc/arm-none-eabi/10.2.1/thumb/v6-m/nofp/crtbegin.o
 .rodata        0x0000000000000000       0x24 /usr/bin/../lib/gcc/arm-none-eabi/10.2.1/thumb/v6-m/nofp/crtbegin.o
 .fini_array    0x0000000000000000        0x4 /usr/bin/../lib/gcc/arm-none-eabi/10.2.1/thumb/v6-m/nofp/crtbegin.o
 .text          0x0000000000000000       0x80 /usr/bin/../lib/gcc/arm-none-eabi/10.2.1/../../../../arm-none-eabi/lib/thumb/v6-m/nofp/crt0.o
 .data          0x0000000000000000        0x0 /usr/bin/../lib/gcc/arm-none-eabi/10.2.1/../../../../arm-none-eabi/lib/thumb/v6-m/nofp/crt0.o
 .bss           0x0000000000000000        0x0 /usr/bin/../lib/gcc/arm-none-eabi/10.2.1/../../../../arm-none-eabi/lib/thumb/v6-m/nofp/crt0.o
 .ARM.extab     0x0000000000000000        0x0 /usr/bin/../lib/gcc/arm-none-eabi/10.2.1/../../../../arm-none-eabi/lib/thumb/v6-m/nofp/crt0.o
 .ARM.exidx     0x0000000000000000       0x10 /usr/bin/../lib/gcc/arm-none-eabi/10.2.1/../../../../arm-none-eabi/lib/thumb/v6-m/nofp/crt0.o
 .ARM.attributes
                0x0000000000000000       0x1b /usr/bin/../lib/gcc/arm-none-eabi/10.2.1/../../../../arm-none-eabi/lib/thumb/v6-m/nofp/crt0.o
[...]
Memory Configuration

Name             Origin             Length             Attributes
FLASH            0x0000000010000000 0x0000000000200000 xr
RAM              0x0000000020000000 0x0000000000040000 xrw
SCRATCH_X        0x0000000020040000 0x0000000000001000 xrw
SCRATCH_Y        0x0000000020041000 0x0000000000001000 xrw
*default*        0x0000000000000000 0xffffffffffffffff

Linker script and memory map

LOAD /usr/bin/../lib/gcc/arm-none-eabi/10.2.1/thumb/v6-m/nofp/crti.o
LOAD /usr/bin/../lib/gcc/arm-none-eabi/10.2.1/thumb/v6-m/nofp/crtbegin.o
LOAD /usr/bin/../lib/gcc/arm-none-eabi/10.2.1/../../../../arm-none-eabi/lib/thumb/v6-m/nofp/crt0.o

.flash_begin    0x0000000010000000        0x0
                0x0000000010000000                __flash_binary_start = .

.boot2          0x0000000010000000      0x100
                0x0000000010000000                __boot2_start__ = .
 *(.boot2)
 .boot2         0x0000000010000000      0x100 /tmp/cc5HSMXM.o
                0x0000000010000100                __boot2_end__ = .
                0x0000000000000001                ASSERT (((__boot2_end__ - __boot2_start__) == 0x100), ERROR: Pico second stage bootloader must be 256 bytes in size)

.text           0x0000000010000100     0x3fd8
                0x0000000010000100                __logical_binary_start = .
 *(.vectors)
 .vectors       0x0000000010000100       0xd4 CMakeFiles/pico16470.dir/home/henry/code/pico-sdk/src/rp2_common/pico_standard_link/crt0.S.obj
                0x0000000010000100                __vectors
                0x0000000010000100                __VECTOR_TABLE
                0x00000000100001c0                isr_invalid
                0x00000000100001c0                __default_isrs_start
                0x00000000100001c2                isr_nmi
                0x00000000100001c4                isr_hardfault
                0x00000000100001c6                isr_svcall
                0x00000000100001c8                isr_pendsv
                0x00000000100001ca                isr_systick
                0x00000000100001cc                isr_irq30
                0x00000000100001cc                __unhandled_user_irq
                0x00000000100001cc                isr_irq13
                0x00000000100001cc                isr_irq27
                0x00000000100001cc                isr_irq31
                0x00000000100001cc                isr_irq5
                0x00000000100001cc                isr_irq11
                0x00000000100001cc                isr_irq23
                0x00000000100001cc                isr_irq18
                0x00000000100001cc                isr_irq28
                0x00000000100001cc                isr_irq19
                0x00000000100001cc                isr_irq0
                0x00000000100001cc                isr_irq6
                0x00000000100001cc                isr_irq22
                0x00000000100001cc                isr_irq17
                0x00000000100001cc                isr_irq14
                0x00000000100001cc                isr_irq2
                0x00000000100001cc                isr_irq10
                0x00000000100001cc                isr_irq8
                0x00000000100001cc                isr_irq24
                0x00000000100001cc                isr_irq1
                0x00000000100001cc                isr_irq7
                0x00000000100001cc                isr_irq21
                0x00000000100001cc                isr_irq20
                0x00000000100001cc                isr_irq15
                0x00000000100001cc                isr_irq25
                0x00000000100001cc                isr_irq4
                0x00000000100001cc                isr_irq16
                0x00000000100001cc                isr_irq29
                0x00000000100001cc                isr_irq26
                0x00000000100001cc                __default_isrs_end
                0x00000000100001cc                isr_irq3
                0x00000000100001cc                isr_irq12
                0x00000000100001cc                isr_irq9
                0x00000000100001d2                unhandled_user_irq_num_in_r0
 *(.binary_info_header)
 .binary_info_header
                0x00000000100001d4       0x14 CMakeFiles/pico16470.dir/home/henry/code/pico-sdk/src/rp2_common/pico_standard_link/crt0.S.obj
                0x00000000100001e8                __binary_info_header_end = .
 *(.reset)
 .reset         0x00000000100001e8       0xa8 CMakeFiles/pico16470.dir/home/henry/code/pico-sdk/src/rp2_common/pico_standard_link/crt0.S.obj
                0x00000000100001e8                _entry_point
                0x0000000010000266                __get_current_exception
 .reset         0x0000000010000290       0x30 CMakeFiles/pico16470.dir/home/henry/code/pico-sdk/src/rp2_common/pico_standard_link/binary_info.c.obj
 *(.init)
 .init          0x00000000100002c0        0x4 /usr/bin/../lib/gcc/arm-none-eabi/10.2.1/thumb/v6-m/nofp/crti.o
                0x00000000100002c0                _init
 *(EXCLUDE_FILE(*libm.a: *libc.a:*lib_a-mem*.o *libgcc.a:) .text*)
 .text          0x00000000100002c4       0x48 /usr/bin/../lib/gcc/arm-none-eabi/10.2.1/thumb/v6-m/nofp/crtbegin.o
 .text.init     0x000000001000030c       0x14 CMakeFiles/pico16470.dir/src/main.c.obj
                0x000000001000030c                init
 .text.loop     0x0000000010000320       0x1c CMakeFiles/pico16470.dir/src/main.c.obj
                0x0000000010000320                loop
 .text.main     0x000000001000033c        0xc CMakeFiles/pico16470.dir/src/main.c.obj
                0x000000001000033c                main
 .text.gpio_set_function
                0x0000000010000348       0x30 CMakeFiles/pico16470.dir/home/henry/code/pico-sdk/src/rp2_common/hardware_gpio/gpio.c.obj
                0x0000000010000348                gpio_set_function
 .text.gpio_init
                0x0000000010000378       0x16 CMakeFiles/pico16470.dir/home/henry/code/pico-sdk/src/rp2_common/hardware_gpio/gpio.c.obj
                0x0000000010000378                gpio_init
 *fill*         0x000000001000038e        0x2 
 .text.hw_claim_lock
                0x0000000010000390       0x18 CMakeFiles/pico16470.dir/home/henry/code/pico-sdk/src/rp2_common/hardware_claim/claim.c.obj
                0x0000000010000390                hw_claim_lock
 .text.hw_claim_unlock
                0x00000000100003a8       0x14 CMakeFiles/pico16470.dir/home/henry/code/pico-sdk/src/rp2_common/hardware_claim/claim.c.obj
                0x00000000100003a8                hw_claim_unlock
 .text.hw_claim_or_assert
                0x00000000100003bc       0x32 CMakeFiles/pico16470.dir/home/henry/code/pico-sdk/src/rp2_common/hardware_claim/claim.c.obj
                0x00000000100003bc                hw_claim_or_assert
 *fill*         0x00000000100003ee        0x2 
 .text.running_on_fpga
                0x00000000100003f0       0x14 CMakeFiles/pico16470.dir/home/henry/code/pico-sdk/src/rp2_common/pico_platform/platform.c.obj
                0x00000000100003f0                running_on_fpga
 .text.spin_locks_reset
                0x0000000010000404       0x20 CMakeFiles/pico16470.dir/home/henry/code/pico-sdk/src/rp2_common/hardware_sync/sync.c.obj
                0x0000000010000404                spin_locks_reset
 .text.next_striped_spin_lock_num
                0x0000000010000424       0x1c CMakeFiles/pico16470.dir/home/henry/code/pico-sdk/src/rp2_common/hardware_sync/sync.c.obj
                0x0000000010000424                next_striped_spin_lock_num
 .text.alarm_pool_post_alloc_init
                0x0000000010000440       0x40 CMakeFiles/pico16470.dir/home/henry/code/pico-sdk/src/common/pico_time/time.c.obj
 .text.sleep_until_callback
                0x0000000010000480       0x30 CMakeFiles/pico16470.dir/home/henry/code/pico-sdk/src/common/pico_time/time.c.obj
 .text.timer_pool_entry_comparator
                0x00000000100004b0       0x7c CMakeFiles/pico16470.dir/home/henry/code/pico-sdk/src/common/pico_time/time.c.obj
                0x00000000100004b0                timer_pool_entry_comparator
 .text.ph_add_child_node
                0x000000001000052c       0xa4 CMakeFiles/pico16470.dir/home/henry/code/pico-sdk/src/common/pico_time/time.c.obj
 .text.ph_merge_nodes
                0x00000000100005d0       0x3e CMakeFiles/pico16470.dir/home/henry/code/pico-sdk/src/common/pico_time/time.c.obj
 *fill*         0x000000001000060e        0x2 
 .text.add_alarm_under_lock
                0x0000000010000610      0x174 CMakeFiles/pico16470.dir/home/henry/code/pico-sdk/src/common/pico_time/time.c.obj
 .text.alarm_pool_alarm_callback
                0x0000000010000784      0x328 CMakeFiles/pico16470.dir/home/henry/code/pico-sdk/src/common/pico_time/time.c.obj
 .text.alarm_pool_init_default
                0x0000000010000aac       0x38 CMakeFiles/pico16470.dir/home/henry/code/pico-sdk/src/common/pico_time/time.c.obj
                0x0000000010000aac                alarm_pool_init_default
 .text.alarm_pool_get_default
                0x0000000010000ae4       0x2c CMakeFiles/pico16470.dir/home/henry/code/pico-sdk/src/common/pico_time/time.c.obj
                0x0000000010000ae4                alarm_pool_get_default
 .text.alarm_pool_add_alarm_at
                0x0000000010000b10      0x170 CMakeFiles/pico16470.dir/home/henry/code/pico-sdk/src/common/pico_time/time.c.obj
                0x0000000010000b10                alarm_pool_add_alarm_at
 .text.sleep_until
                0x0000000010000c80       0xfc CMakeFiles/pico16470.dir/home/henry/code/pico-sdk/src/common/pico_time/time.c.obj
                0x0000000010000c80                sleep_until
 .text.sleep_us
                0x0000000010000d7c       0x58 CMakeFiles/pico16470.dir/home/henry/code/pico-sdk/src/common/pico_time/time.c.obj
                0x0000000010000d7c                sleep_us
 .text.sleep_ms
                0x0000000010000dd4       0x14 CMakeFiles/pico16470.dir/home/henry/code/pico-sdk/src/common/pico_time/time.c.obj
                0x0000000010000dd4                sleep_ms
 .text.hardware_alarm_irq_handler
                0x0000000010000de8       0x8c CMakeFiles/pico16470.dir/home/henry/code/pico-sdk/src/rp2_common/hardware_timer/timer.c.obj
 .text.hardware_alarm_claim
                0x0000000010000e74       0x18 CMakeFiles/pico16470.dir/home/henry/code/pico-sdk/src/rp2_common/hardware_timer/timer.c.obj
                0x0000000010000e74                hardware_alarm_claim
 .text.time_us_64
                0x0000000010000e8c       0x18 CMakeFiles/pico16470.dir/home/henry/code/pico-sdk/src/rp2_common/hardware_timer/timer.c.obj
                0x0000000010000e8c                time_us_64
 .text.busy_wait_until
                0x0000000010000ea4       0x28 CMakeFiles/pico16470.dir/home/henry/code/pico-sdk/src/rp2_common/hardware_timer/timer.c.obj
                0x0000000010000ea4                busy_wait_until
 .text.hardware_alarm_set_callback
                0x0000000010000ecc       0x90 CMakeFiles/pico16470.dir/home/henry/code/pico-sdk/src/rp2_common/hardware_timer/timer.c.obj
                0x0000000010000ecc                hardware_alarm_set_callback
 .text.hardware_alarm_set_target
                0x0000000010000f5c       0xe8 CMakeFiles/pico16470.dir/home/henry/code/pico-sdk/src/rp2_common/hardware_timer/timer.c.obj
                0x0000000010000f5c                hardware_alarm_set_target
 .text.hardware_alarm_cancel
                0x0000000010001044       0x40 CMakeFiles/pico16470.dir/home/henry/code/pico-sdk/src/rp2_common/hardware_timer/timer.c.obj
                0x0000000010001044                hardware_alarm_cancel
 .text.lock_init
                0x0000000010001084       0x10 CMakeFiles/pico16470.dir/home/henry/code/pico-sdk/src/common/pico_sync/lock_core.c.obj
                0x0000000010001084                lock_init
 .text.mutex_init
                0x0000000010001094       0x1a CMakeFiles/pico16470.dir/home/henry/code/pico-sdk/src/common/pico_sync/mutex.c.obj
                0x0000000010001094                mutex_init
 .text.recursive_mutex_init
                0x00000000100010ae       0x1e CMakeFiles/pico16470.dir/home/henry/code/pico-sdk/src/common/pico_sync/mutex.c.obj
                0x00000000100010ae                recursive_mutex_init
 .text.ph_add_child_node
                0x00000000100010cc       0xa4 CMakeFiles/pico16470.dir/home/henry/code/pico-sdk/src/common/pico_util/pheap.c.obj
 .text.ph_merge_nodes
                0x0000000010001170       0x3e CMakeFiles/pico16470.dir/home/henry/code/pico-sdk/src/common/pico_util/pheap.c.obj
 *fill*         0x00000000100011ae        0x2 
 .text.ph_clear
                0x00000000100011b0       0x70 CMakeFiles/pico16470.dir/home/henry/code/pico-sdk/src/common/pico_util/pheap.c.obj
                0x00000000100011b0                ph_clear
 .text.ph_post_alloc_init
                0x0000000010001220        0xe CMakeFiles/pico16470.dir/home/henry/code/pico-sdk/src/common/pico_util/pheap.c.obj
                0x0000000010001220                ph_post_alloc_init
 *fill*         0x000000001000122e        0x2 
 .text.ph_merge_two_pass
                0x0000000010001230       0xa8 CMakeFiles/pico16470.dir/home/henry/code/pico-sdk/src/common/pico_util/pheap.c.obj
                0x0000000010001230                ph_merge_two_pass
 .text.ph_remove_any_head
                0x00000000100012d8      0x108 CMakeFiles/pico16470.dir/home/henry/code/pico-sdk/src/common/pico_util/pheap.c.obj
 .text.ph_remove_head
                0x00000000100013e0       0x14 CMakeFiles/pico16470.dir/home/henry/code/pico-sdk/src/common/pico_util/pheap.c.obj
                0x00000000100013e0                ph_remove_head
 .text.ph_remove_and_free_node
                0x00000000100013f4       0xf8 CMakeFiles/pico16470.dir/home/henry/code/pico-sdk/src/common/pico_util/pheap.c.obj
                0x00000000100013f4                ph_remove_and_free_node
 .text._exit    0x00000000100014ec        0x4 CMakeFiles/pico16470.dir/home/henry/code/pico-sdk/src/rp2_common/pico_runtime/runtime.c.obj
                0x00000000100014ec                _exit
 .text.exit     0x00000000100014f0        0x6 CMakeFiles/pico16470.dir/home/henry/code/pico-sdk/src/rp2_common/pico_runtime/runtime.c.obj
                0x00000000100014f0                exit
 *fill*         0x00000000100014f6        0x2 
 .text.__assert_func
                0x00000000100014f8       0x3c CMakeFiles/pico16470.dir/home/henry/code/pico-sdk/src/rp2_common/pico_runtime/runtime.c.obj
                0x00000000100014f8                __assert_func
 .text.runtime_init
                0x0000000010001534       0xf8 CMakeFiles/pico16470.dir/home/henry/code/pico-sdk/src/rp2_common/pico_runtime/runtime.c.obj
                0x0000000010001534                runtime_init
 .text.panic    0x000000001000162c       0x30 CMakeFiles/pico16470.dir/home/henry/code/pico-sdk/src/rp2_common/pico_runtime/runtime.c.obj
                0x000000001000162c                panic
 .text.clock_configure
                0x000000001000165c      0x104 CMakeFiles/pico16470.dir/home/henry/code/pico-sdk/src/rp2_common/hardware_clocks/clocks.c.obj
                0x000000001000165c                clock_configure
 .text.clocks_init
                0x0000000010001760      0x100 CMakeFiles/pico16470.dir/home/henry/code/pico-sdk/src/rp2_common/hardware_clocks/clocks.c.obj
                0x0000000010001760                clocks_init
 .text.set_raw_irq_handler_and_unlock
                0x0000000010001860       0x28 CMakeFiles/pico16470.dir/home/henry/code/pico-sdk/src/rp2_common/hardware_irq/irq.c.obj
 .text.make_branch
                0x0000000010001888       0x34 CMakeFiles/pico16470.dir/home/henry/code/pico-sdk/src/rp2_common/hardware_irq/irq.c.obj
 .text.insert_branch_and_link
                0x00000000100018bc       0x40 CMakeFiles/pico16470.dir/home/henry/code/pico-sdk/src/rp2_common/hardware_irq/irq.c.obj
 .text.irq_is_enabled
                0x00000000100018fc       0x18 CMakeFiles/pico16470.dir/home/henry/code/pico-sdk/src/rp2_common/hardware_irq/irq.c.obj
                0x00000000100018fc                irq_is_enabled
 .text.irq_set_mask_enabled
                0x0000000010001914       0x20 CMakeFiles/pico16470.dir/home/henry/code/pico-sdk/src/rp2_common/hardware_irq/irq.c.obj
                0x0000000010001914                irq_set_mask_enabled
 .text.irq_set_enabled
                0x0000000010001934        0xe CMakeFiles/pico16470.dir/home/henry/code/pico-sdk/src/rp2_common/hardware_irq/irq.c.obj
                0x0000000010001934                irq_set_enabled
 *fill*         0x0000000010001942        0x2 
 .text.irq_get_vtable_handler
                0x0000000010001944       0x10 CMakeFiles/pico16470.dir/home/henry/code/pico-sdk/src/rp2_common/hardware_irq/irq.c.obj
                0x0000000010001944                irq_get_vtable_handler
 .text.irq_set_exclusive_handler
                0x0000000010001954       0x54 CMakeFiles/pico16470.dir/home/henry/code/pico-sdk/src/rp2_common/hardware_irq/irq.c.obj
                0x0000000010001954                irq_set_exclusive_handler
 .text.irq_remove_handler
                0x00000000100019a8      0x1ac CMakeFiles/pico16470.dir/home/henry/code/pico-sdk/src/rp2_common/hardware_irq/irq.c.obj
                0x00000000100019a8                irq_remove_handler
 .text.irq_add_tail_to_free_list
                0x0000000010001b54       0xf0 CMakeFiles/pico16470.dir/home/henry/code/pico-sdk/src/rp2_common/hardware_irq/irq.c.obj
                0x0000000010001b54                irq_add_tail_to_free_list
 .text.irq_init_priorities
                0x0000000010001c44       0x1c CMakeFiles/pico16470.dir/home/henry/code/pico-sdk/src/rp2_common/hardware_irq/irq.c.obj
                0x0000000010001c44                irq_init_priorities
 .text.pll_init
                0x0000000010001c60      0x118 CMakeFiles/pico16470.dir/home/henry/code/pico-sdk/src/rp2_common/hardware_pll/pll.c.obj
                0x0000000010001c60                pll_init
 .text.watchdog_start_tick
                0x0000000010001d78       0x10 CMakeFiles/pico16470.dir/home/henry/code/pico-sdk/src/rp2_common/hardware_watchdog/watchdog.c.obj
                0x0000000010001d78                watchdog_start_tick
 .text.xosc_init
                0x0000000010001d88       0x28 CMakeFiles/pico16470.dir/home/henry/code/pico-sdk/src/rp2_common/hardware_xosc/xosc.c.obj
                0x0000000010001d88                xosc_init
 .text._out_null
                0x0000000010001db0        0x2 CMakeFiles/pico16470.dir/home/henry/code/pico-sdk/src/rp2_common/pico_printf/printf.c.obj
 .text._out_fct
                0x0000000010001db2        0xe CMakeFiles/pico16470.dir/home/henry/code/pico-sdk/src/rp2_common/pico_printf/printf.c.obj
 .text._atoi    0x0000000010001dc0       0x24 CMakeFiles/pico16470.dir/home/henry/code/pico-sdk/src/rp2_common/pico_printf/printf.c.obj
 .text._out_rev
                0x0000000010001de4       0xae CMakeFiles/pico16470.dir/home/henry/code/pico-sdk/src/rp2_common/pico_printf/printf.c.obj
 .text._ntoa_format
                0x0000000010001e92      0x112 CMakeFiles/pico16470.dir/home/henry/code/pico-sdk/src/rp2_common/pico_printf/printf.c.obj
 .text._ntoa_long
                0x0000000010001fa4       0xbc CMakeFiles/pico16470.dir/home/henry/code/pico-sdk/src/rp2_common/pico_printf/printf.c.obj
 .text._ntoa_long_long
                0x0000000010002060       0xe2 CMakeFiles/pico16470.dir/home/henry/code/pico-sdk/src/rp2_common/pico_printf/printf.c.obj
 *fill*         0x0000000010002142        0x2 
 .text._etoa    0x0000000010002144      0x414 CMakeFiles/pico16470.dir/home/henry/code/pico-sdk/src/rp2_common/pico_printf/printf.c.obj
 .text._ftoa    0x0000000010002558      0x354 CMakeFiles/pico16470.dir/home/henry/code/pico-sdk/src/rp2_common/pico_printf/printf.c.obj
 .text._vsnprintf
                0x00000000100028ac      0x624 CMakeFiles/pico16470.dir/home/henry/code/pico-sdk/src/rp2_common/pico_printf/printf.c.obj
 .text.vfctprintf
                0x0000000010002ed0       0x20 CMakeFiles/pico16470.dir/home/henry/code/pico-sdk/src/rp2_common/pico_printf/printf.c.obj
                0x0000000010002ed0                vfctprintf
 .text          0x0000000010002ef0       0x10 CMakeFiles/pico16470.dir/home/henry/code/pico-sdk/src/rp2_common/pico_bit_ops/bit_ops_aeabi.S.obj
 .text.rom_func_lookup
                0x0000000010002f00       0x10 CMakeFiles/pico16470.dir/home/henry/code/pico-sdk/src/rp2_common/pico_bootrom/bootrom.c.obj
                0x0000000010002f00                rom_func_lookup
 .text.rom_data_lookup
                0x0000000010002f10       0x10 CMakeFiles/pico16470.dir/home/henry/code/pico-sdk/src/rp2_common/pico_bootrom/bootrom.c.obj
                0x0000000010002f10                rom_data_lookup
 .text.rom_funcs_lookup
                0x0000000010002f20       0x36 CMakeFiles/pico16470.dir/home/henry/code/pico-sdk/src/rp2_common/pico_bootrom/bootrom.c.obj
                0x0000000010002f20                rom_funcs_lookup
 *fill*         0x0000000010002f56        0x2 
 .text.__wrap___aeabi_idiv
                0x0000000010002f58       0x50 CMakeFiles/pico16470.dir/home/henry/code/pico-sdk/src/rp2_common/pico_divider/divider.S.obj
                0x0000000010002f58                __wrap___aeabi_idivmod
                0x0000000010002f58                divmod_s32s32
                0x0000000010002f58                div_s32s32
                0x0000000010002f58                __wrap___aeabi_idiv
                0x0000000010002f60                divmod_s32s32_unsafe
                0x0000000010002f8c                divmod_s32s32_savestate
 .text.__wrap___aeabi_uidiv
                0x0000000010002fa8       0x4c CMakeFiles/pico16470.dir/home/henry/code/pico-sdk/src/rp2_common/pico_divider/divider.S.obj
                0x0000000010002fa8                __wrap___aeabi_uidiv
                0x0000000010002fa8                __wrap___aeabi_uidivmod
                0x0000000010002fa8                div_u32u32
                0x0000000010002fa8                divmod_u32u32
                0x0000000010002fb0                divmod_u32u32_unsafe
                0x0000000010002fd8                divmod_u32u32_savestate
 .text.__wrap___aeabi_ldiv
                0x0000000010002ff4      0x434 CMakeFiles/pico16470.dir/home/henry/code/pico-sdk/src/rp2_common/pico_divider/divider.S.obj
                0x0000000010002ff4                div_s64s64
                0x0000000010002ff4                divmod_s64s64
                0x0000000010002ff4                __wrap___aeabi_ldivmod
                0x000000001000302c                div_u64u64
                0x000000001000302c                divmod_u64u64
                0x000000001000302c                __wrap___aeabi_uldivmod
                0x000000001000303c                divmod_u64u64_savestate
                0x0000000010003064                divmod_s64s64_unsafe
                0x00000000100030ec                divmod_u64u64_unsafe
 .text.__wrap___aeabi_darithmetic
                0x0000000010003428       0x80 CMakeFiles/pico16470.dir/home/henry/code/pico-sdk/src/rp2_common/pico_double/double_aeabi.S.obj
                0x0000000010003428                __wrap___aeabi_drsub
                0x000000001000342e                __wrap___aeabi_dsub
                0x0000000010003440                __wrap___aeabi_dadd
                0x0000000010003452                __wrap___aeabi_ddiv
                0x000000001000348e                __wrap___aeabi_dmul
 .text.__wrap___aeabi_cdcmple
                0x00000000100034a8       0x6c CMakeFiles/pico16470.dir/home/henry/code/pico-sdk/src/rp2_common/pico_double/double_aeabi.S.obj
                0x00000000100034a8                __wrap___aeabi_cdrcmple
                0x00000000100034b8                __wrap___aeabi_cdcmple
                0x00000000100034b8                __wrap___aeabi_cdcmpeq
 .text.__wrap___aeabi_dcmplt
                0x0000000010003514        0xc CMakeFiles/pico16470.dir/home/henry/code/pico-sdk/src/rp2_common/pico_double/double_aeabi.S.obj
                0x0000000010003514                __wrap___aeabi_dcmplt
 .text.__wrap___aeabi_dcmple
                0x0000000010003520       0x10 CMakeFiles/pico16470.dir/home/henry/code/pico-sdk/src/rp2_common/pico_double/double_aeabi.S.obj
                0x0000000010003520                __wrap___aeabi_dcmple
 .text.__wrap___aeabi_dcmpge
                0x0000000010003530       0x10 CMakeFiles/pico16470.dir/home/henry/code/pico-sdk/src/rp2_common/pico_double/double_aeabi.S.obj
                0x0000000010003530                __wrap___aeabi_dcmpge
 .text.__wrap___aeabi_dcmpgt
                0x0000000010003540        0xa CMakeFiles/pico16470.dir/home/henry/code/pico-sdk/src/rp2_common/pico_double/double_aeabi.S.obj
                0x0000000010003540                __wrap___aeabi_dcmpgt
 .text.__wrap___aeabi_dcmpun
                0x000000001000354a       0x1c CMakeFiles/pico16470.dir/home/henry/code/pico-sdk/src/rp2_common/pico_double/double_aeabi.S.obj
                0x000000001000354a                __wrap___aeabi_dcmpun
 *fill*         0x0000000010003566        0x2 
 .text.__wrap___aeabi_i2d
                0x0000000010003568       0x38 CMakeFiles/pico16470.dir/home/henry/code/pico-sdk/src/rp2_common/pico_double/double_aeabi.S.obj
                0x0000000010003568                __wrap___aeabi_ui2d
                0x0000000010003570                __wrap___aeabi_i2d
 .text.__wrap___aeabi_d2iz
                0x00000000100035a0       0x48 CMakeFiles/pico16470.dir/home/henry/code/pico-sdk/src/rp2_common/pico_double/double_aeabi.S.obj
                0x00000000100035a0                __wrap___aeabi_d2iz
                0x00000000100035a0                double2int_z
 .text.__wrap___aeabi_d2uiz
                0x00000000100035e8       0x18 CMakeFiles/pico16470.dir/home/henry/code/pico-sdk/src/rp2_common/pico_double/double_aeabi.S.obj
                0x00000000100035e8                double2uint
                0x00000000100035e8                __wrap___aeabi_d2uiz
 .text.__aeabi_double_init
                0x0000000010003600       0xc8 CMakeFiles/pico16470.dir/home/henry/code/pico-sdk/src/rp2_common/pico_double/double_init_rom.c.obj
                0x0000000010003600                __aeabi_double_init
 .text.double_table_shim_on_use_helper
                0x00000000100036c8       0x34 CMakeFiles/pico16470.dir/home/henry/code/pico-sdk/src/rp2_common/pico_double/double_v1_rom_shim.S.obj
                0x00000000100036c8                double_table_shim_on_use_helper
 .text.__wrap___aeabi_dsub
                0x00000000100036fc       0x10 CMakeFiles/pico16470.dir/home/henry/code/pico-sdk/src/rp2_common/pico_double/double_v1_rom_shim.S.obj
                0x00000000100036fc                drsub_shim
                0x0000000010003702                dsub_shim
 .text.dadd_shim
                0x000000001000370c      0x15c CMakeFiles/pico16470.dir/home/henry/code/pico-sdk/src/rp2_common/pico_double/double_v1_rom_shim.S.obj
                0x000000001000370c                dadd_shim
 .text.dmul_shim
                0x0000000010003868      0x15c CMakeFiles/pico16470.dir/home/henry/code/pico-sdk/src/rp2_common/pico_double/double_v1_rom_shim.S.obj
                0x0000000010003868                dmul_shim
 .text.ddiv_shim
                0x00000000100039c4      0x1b0 CMakeFiles/pico16470.dir/home/henry/code/pico-sdk/src/rp2_common/pico_double/double_v1_rom_shim.S.obj
                0x00000000100039c4                ddiv_shim
 .text.double2uint_shim
                0x0000000010003b74        0xe CMakeFiles/pico16470.dir/home/henry/code/pico-sdk/src/rp2_common/pico_double/double_v1_rom_shim.S.obj
                0x0000000010003b74                double2uint_shim
                0x0000000010003b76                double2ufix_shim
 *fill*         0x0000000010003b82        0x2 
 .text.double2uint64_shim
                0x0000000010003b84       0x70 CMakeFiles/pico16470.dir/home/henry/code/pico-sdk/src/rp2_common/pico_double/double_v1_rom_shim.S.obj
                0x0000000010003b84                double2uint64_shim
                0x0000000010003b86                double2ufix64_shim
                0x0000000010003ba6                d2fix_a
 .text.dunpacks
                0x0000000010003bf4       0x3c CMakeFiles/pico16470.dir/home/henry/code/pico-sdk/src/rp2_common/pico_double/double_v1_rom_shim.S.obj
                0x0000000010003bf4                dunpacks
 .text.__aeabi_lmul
                0x0000000010003c30       0x32 CMakeFiles/pico16470.dir/home/henry/code/pico-sdk/src/rp2_common/pico_int64_ops/pico_int64_ops_aeabi.S.obj
                0x0000000010003c30                __wrap___aeabi_lmul
 *fill*         0x0000000010003c62        0x2 
 .text.__aeabi_float_init
                0x0000000010003c64       0xfc CMakeFiles/pico16470.dir/home/henry/code/pico-sdk/src/rp2_common/pico_float/float_init_rom.c.obj
                0x0000000010003c64                __aeabi_float_init
 .text.float_table_shim_on_use_helper
                0x0000000010003d60       0x34 CMakeFiles/pico16470.dir/home/henry/code/pico-sdk/src/rp2_common/pico_float/float_v1_rom_shim.S.obj
                0x0000000010003d60                float_table_shim_on_use_helper
 .text          0x0000000010003d94       0x10 CMakeFiles/pico16470.dir/home/henry/code/pico-sdk/src/rp2_common/pico_mem_ops/mem_ops_aeabi.S.obj
                0x0000000010003d94                __aeabi_mem_init
 .text.memset   0x0000000010003da4        0xc CMakeFiles/pico16470.dir/home/henry/code/pico-sdk/src/rp2_common/pico_mem_ops/mem_ops_aeabi.S.obj
                0x0000000010003da4                __wrap_memset
 .text.memcpy   0x0000000010003db0        0xc CMakeFiles/pico16470.dir/home/henry/code/pico-sdk/src/rp2_common/pico_mem_ops/mem_ops_aeabi.S.obj
                0x0000000010003db0                __wrap___aeabi_memcpy
                0x0000000010003db0                __wrap_memcpy
 .text.stdio_out_chars_no_crlf
                0x0000000010003dbc        0xe CMakeFiles/pico16470.dir/home/henry/code/pico-sdk/src/rp2_common/pico_stdio/stdio.c.obj
 *fill*         0x0000000010003dca        0x2 
 .text.stdio_out_chars_crlf
                0x0000000010003dcc       0x80 CMakeFiles/pico16470.dir/home/henry/code/pico-sdk/src/rp2_common/pico_stdio/stdio.c.obj
 .text.stdio_stack_buffer_flush
                0x0000000010003e4c       0x44 CMakeFiles/pico16470.dir/home/henry/code/pico-sdk/src/rp2_common/pico_stdio/stdio.c.obj
 .text.stdio_buffered_printer
                0x0000000010003e90       0x20 CMakeFiles/pico16470.dir/home/henry/code/pico-sdk/src/rp2_common/pico_stdio/stdio.c.obj
 .text.stdout_serialize_begin
                0x0000000010003eb0       0x30 CMakeFiles/pico16470.dir/home/henry/code/pico-sdk/src/rp2_common/pico_stdio/stdio.c.obj
                0x0000000010003eb0                stdout_serialize_begin
 .text.stdout_serialize_end
                0x0000000010003ee0       0x10 CMakeFiles/pico16470.dir/home/henry/code/pico-sdk/src/rp2_common/pico_stdio/stdio.c.obj
                0x0000000010003ee0                stdout_serialize_end
 .text.stdio_put_string
                0x0000000010003ef0       0x98 CMakeFiles/pico16470.dir/home/henry/code/pico-sdk/src/rp2_common/pico_stdio/stdio.c.obj
 .text.stdio_flush
                0x0000000010003f88       0x20 CMakeFiles/pico16470.dir/home/henry/code/pico-sdk/src/rp2_common/pico_stdio/stdio.c.obj
                0x0000000010003f88                stdio_flush
 .text.__wrap_puts
                0x0000000010003fa8       0x1e CMakeFiles/pico16470.dir/home/henry/code/pico-sdk/src/rp2_common/pico_stdio/stdio.c.obj
                0x0000000010003fa8                __wrap_puts
 *fill*         0x0000000010003fc6        0x2 
 .text.__wrap_vprintf
                0x0000000010003fc8       0x44 CMakeFiles/pico16470.dir/home/henry/code/pico-sdk/src/rp2_common/pico_stdio/stdio.c.obj
                0x0000000010003fc8                __wrap_vprintf
 .text.__wrap_printf
                0x000000001000400c       0x18 CMakeFiles/pico16470.dir/home/henry/code/pico-sdk/src/rp2_common/pico_stdio/stdio.c.obj
                0x000000001000400c                __wrap_printf
 .text.strlen   0x0000000010004024       0x5c /usr/bin/../lib/gcc/arm-none-eabi/10.2.1/../../../../arm-none-eabi/lib/thumb/v6-m/nofp/libg.a(lib_a-strlen-stub.o)
                0x0000000010004024                strlen
 *(.fini)
 .fini          0x0000000010004080        0x4 /usr/bin/../lib/gcc/arm-none-eabi/10.2.1/thumb/v6-m/nofp/crti.o
                0x0000000010004080                _fini
 *fill*         0x0000000010004084        0x4 
 .fini.__stub   0x0000000010004088       0x50 linker stubs
 *crtbegin.o(.ctors)
 *crtbegin?.o(.ctors)
 *(EXCLUDE_FILE(*crtend.o *crtend?.o) .ctors)
 *(SORT_BY_NAME(.ctors.*))
 *(.ctors)
 *crtbegin.o(.dtors)
 *crtbegin?.o(.dtors)
 *(EXCLUDE_FILE(*crtend.o *crtend?.o) .dtors)
 *(SORT_BY_NAME(.dtors.*))
 *(.dtors)
 *(.eh_frame*)
 .eh_frame      0x00000000100040d8        0x0 /usr/bin/../lib/gcc/arm-none-eabi/10.2.1/thumb/v6-m/nofp/crtbegin.o
                0x00000000100040d8                . = ALIGN (0x4)

.glue_7         0x00000000100040d8        0x0
 .glue_7        0x00000000100040d8        0x0 linker stubs

.glue_7t        0x00000000100040d8        0x0
 .glue_7t       0x00000000100040d8        0x0 linker stubs

.vfp11_veneer   0x00000000100040d8        0x0
 .vfp11_veneer  0x00000000100040d8        0x0 linker stubs

.v4_bx          0x00000000100040d8        0x0
 .v4_bx         0x00000000100040d8        0x0 linker stubs

.iplt           0x00000000100040d8        0x0
 .iplt          0x00000000100040d8        0x0 /usr/bin/../lib/gcc/arm-none-eabi/10.2.1/thumb/v6-m/nofp/crtbegin.o

.rodata         0x00000000100040d8      0xdf4
 *(EXCLUDE_FILE(*libm.a: *libc.a:*lib_a-mem*.o *libgcc.a:) .rodata*)
 .rodata.repeating_timer_callback.str1.4
                0x00000000100040d8       0x4a CMakeFiles/pico16470.dir/home/henry/code/pico-sdk/src/common/pico_time/time.c.obj
 *fill*         0x0000000010004122        0x2 
 .rodata.alarm_pool_dump_key.str1.4
                0x0000000010004124       0x33 CMakeFiles/pico16470.dir/home/henry/code/pico-sdk/src/common/pico_time/time.c.obj
 *fill*         0x0000000010004157        0x1 
 .rodata.ph_add_child_node.str1.4
                0x0000000010004158       0x96 CMakeFiles/pico16470.dir/home/henry/code/pico-sdk/src/common/pico_time/time.c.obj
 *fill*         0x00000000100041ee        0x2 
 .rodata.add_alarm_under_lock.str1.4
                0x00000000100041f0       0x28 CMakeFiles/pico16470.dir/home/henry/code/pico-sdk/src/common/pico_time/time.c.obj
                                         0x2b (size before relaxing)
 .rodata.alarm_pool_alarm_callback.str1.4
                0x0000000010004218       0xe2 CMakeFiles/pico16470.dir/home/henry/code/pico-sdk/src/common/pico_time/time.c.obj
 *fill*         0x00000000100042fa        0x2 
 .rodata.alarm_pool_get_default.str1.4
                0x00000000100042fc       0x21 CMakeFiles/pico16470.dir/home/henry/code/pico-sdk/src/common/pico_time/time.c.obj
 *fill*         0x000000001000431d        0x3 
 .rodata.sleep_until.str1.4
                0x0000000010004320       0x4d CMakeFiles/pico16470.dir/home/henry/code/pico-sdk/src/common/pico_time/time.c.obj
 *fill*         0x000000001000436d        0x3 
 .rodata.__func__.10
                0x0000000010004370       0x15 CMakeFiles/pico16470.dir/home/henry/code/pico-sdk/src/common/pico_time/time.c.obj
 *fill*         0x0000000010004385        0x3 
 .rodata.__func__.11
                0x0000000010004388       0x1a CMakeFiles/pico16470.dir/home/henry/code/pico-sdk/src/common/pico_time/time.c.obj
 *fill*         0x00000000100043a2        0x2 
 .rodata.__func__.12
                0x00000000100043a4        0xa CMakeFiles/pico16470.dir/home/henry/code/pico-sdk/src/common/pico_time/time.c.obj
 *fill*         0x00000000100043ae        0x2 
 .rodata.__func__.3
                0x00000000100043b0       0x17 CMakeFiles/pico16470.dir/home/henry/code/pico-sdk/src/common/pico_time/time.c.obj
 *fill*         0x00000000100043c7        0x1 
 .rodata.__func__.4
                0x00000000100043c8       0x12 CMakeFiles/pico16470.dir/home/henry/code/pico-sdk/src/common/pico_time/time.c.obj
 *fill*         0x00000000100043da        0x2 
 .rodata.__func__.5
                0x00000000100043dc        0xd CMakeFiles/pico16470.dir/home/henry/code/pico-sdk/src/common/pico_time/time.c.obj
 *fill*         0x00000000100043e9        0x3 
 .rodata.__func__.6
                0x00000000100043ec       0x12 CMakeFiles/pico16470.dir/home/henry/code/pico-sdk/src/common/pico_time/time.c.obj
 *fill*         0x00000000100043fe        0x2 
 .rodata.__func__.7
                0x0000000010004400        0xf CMakeFiles/pico16470.dir/home/henry/code/pico-sdk/src/common/pico_time/time.c.obj
 *fill*         0x000000001000440f        0x1 
 .rodata.__func__.8
                0x0000000010004410        0xc CMakeFiles/pico16470.dir/home/henry/code/pico-sdk/src/common/pico_time/time.c.obj
 .rodata.__func__.9
                0x000000001000441c       0x15 CMakeFiles/pico16470.dir/home/henry/code/pico-sdk/src/common/pico_time/time.c.obj
 *fill*         0x0000000010004431        0x3 
 .rodata.hardware_alarm_claim.str1.4
                0x0000000010004434       0x22 CMakeFiles/pico16470.dir/home/henry/code/pico-sdk/src/rp2_common/hardware_timer/timer.c.obj
 *fill*         0x0000000010004456        0x2 
 .rodata.hardware_alarm_set_target.str1.4
                0x0000000010004458       0x64 CMakeFiles/pico16470.dir/home/henry/code/pico-sdk/src/rp2_common/hardware_timer/timer.c.obj
 .rodata.__func__.0
                0x00000000100044bc       0x1a CMakeFiles/pico16470.dir/home/henry/code/pico-sdk/src/rp2_common/hardware_timer/timer.c.obj
 *fill*         0x00000000100044d6        0x2 
 .rodata.str1.4
                0x00000000100044d8       0x89 CMakeFiles/pico16470.dir/home/henry/code/pico-sdk/src/common/pico_sync/mutex.c.obj
                                         0xe9 (size before relaxing)
 *fill*         0x0000000010004561        0x3 
 .rodata.__func__.1
                0x0000000010004564        0xb CMakeFiles/pico16470.dir/home/henry/code/pico-sdk/src/common/pico_sync/mutex.c.obj
 .rodata.ph_add_child_node.str1.4
                0x000000001000456f       0x96 CMakeFiles/pico16470.dir/home/henry/code/pico-sdk/src/common/pico_util/pheap.c.obj
 *fill*         0x000000001000456f        0x1 
 .rodata.ph_remove_any_head.str1.4
                0x0000000010004570       0x8c CMakeFiles/pico16470.dir/home/henry/code/pico-sdk/src/common/pico_util/pheap.c.obj
 .rodata.ph_remove_and_free_node.str1.4
                0x00000000100045fc       0x26 CMakeFiles/pico16470.dir/home/henry/code/pico-sdk/src/common/pico_util/pheap.c.obj
 *fill*         0x0000000010004622        0x2 
 .rodata.__func__.0
                0x0000000010004624       0x18 CMakeFiles/pico16470.dir/home/henry/code/pico-sdk/src/common/pico_util/pheap.c.obj
 .rodata.__func__.1
                0x000000001000463c       0x13 CMakeFiles/pico16470.dir/home/henry/code/pico-sdk/src/common/pico_util/pheap.c.obj
 *fill*         0x000000001000464f        0x1 
 .rodata.__func__.2
                0x0000000010004650       0x12 CMakeFiles/pico16470.dir/home/henry/code/pico-sdk/src/common/pico_util/pheap.c.obj
 *fill*         0x0000000010004662        0x2 
 .rodata.__func__.3
                0x0000000010004664        0xc CMakeFiles/pico16470.dir/home/henry/code/pico-sdk/src/common/pico_util/pheap.c.obj
 .rodata.__assert_func.str1.4
                0x0000000010004670       0x3f CMakeFiles/pico16470.dir/home/henry/code/pico-sdk/src/rp2_common/pico_runtime/runtime.c.obj
                                         0x43 (size before relaxing)
 *fill*         0x00000000100046af        0x1 
 .rodata.runtime_init.str1.4
                0x00000000100046b0       0x60 CMakeFiles/pico16470.dir/home/henry/code/pico-sdk/src/rp2_common/pico_runtime/runtime.c.obj
 .rodata.panic.str1.4
                0x0000000010004710       0x12 CMakeFiles/pico16470.dir/home/henry/code/pico-sdk/src/rp2_common/pico_runtime/runtime.c.obj
 *fill*         0x0000000010004722        0x2 
 .rodata.__func__.1
                0x0000000010004724        0xd CMakeFiles/pico16470.dir/home/henry/code/pico-sdk/src/rp2_common/pico_runtime/runtime.c.obj
 *fill*         0x0000000010004731        0x3 
 .rodata.clock_configure.str1.4
                0x0000000010004734       0x56 CMakeFiles/pico16470.dir/home/henry/code/pico-sdk/src/rp2_common/hardware_clocks/clocks.c.obj
 *fill*         0x000000001000478a        0x2 
 .rodata.__func__.1
                0x000000001000478c       0x10 CMakeFiles/pico16470.dir/home/henry/code/pico-sdk/src/rp2_common/hardware_clocks/clocks.c.obj
 .rodata.make_branch.str1.4
                0x000000001000479c       0x4c CMakeFiles/pico16470.dir/home/henry/code/pico-sdk/src/rp2_common/hardware_irq/irq.c.obj
 .rodata.irq_set_exclusive_handler.str1.4
                0x00000000100047e8       0x36 CMakeFiles/pico16470.dir/home/henry/code/pico-sdk/src/rp2_common/hardware_irq/irq.c.obj
 *fill*         0x000000001000481e        0x2 
 .rodata.irq_add_shared_handler.str1.4
                0x0000000010004820       0xd9 CMakeFiles/pico16470.dir/home/henry/code/pico-sdk/src/rp2_common/hardware_irq/irq.c.obj
 *fill*         0x00000000100048f9        0x3 
 .rodata.irq_remove_handler.str1.4
                0x00000000100048fc       0x2a CMakeFiles/pico16470.dir/home/henry/code/pico-sdk/src/rp2_common/hardware_irq/irq.c.obj
 *fill*         0x0000000010004926        0x2 
 .rodata.irq_add_tail_to_free_list.str1.4
                0x0000000010004928       0x32 CMakeFiles/pico16470.dir/home/henry/code/pico-sdk/src/rp2_common/hardware_irq/irq.c.obj
                                         0x3a (size before relaxing)
 *fill*         0x000000001000495a        0x2 
 .rodata.__func__.0
                0x000000001000495c       0x1a CMakeFiles/pico16470.dir/home/henry/code/pico-sdk/src/rp2_common/hardware_irq/irq.c.obj
 *fill*         0x0000000010004976        0x2 
 .rodata.__func__.1
                0x0000000010004978       0x17 CMakeFiles/pico16470.dir/home/henry/code/pico-sdk/src/rp2_common/hardware_irq/irq.c.obj
 *fill*         0x000000001000498f        0x1 
 .rodata.__func__.2
                0x0000000010004990       0x13 CMakeFiles/pico16470.dir/home/henry/code/pico-sdk/src/rp2_common/hardware_irq/irq.c.obj
 *fill*         0x00000000100049a3        0x1 
 .rodata.__func__.3
                0x00000000100049a4        0xc CMakeFiles/pico16470.dir/home/henry/code/pico-sdk/src/rp2_common/hardware_irq/irq.c.obj
 .rodata.__func__.4
                0x00000000100049b0        0xf CMakeFiles/pico16470.dir/home/henry/code/pico-sdk/src/rp2_common/hardware_irq/irq.c.obj
 *fill*         0x00000000100049bf        0x1 
 .rodata.__func__.6
                0x00000000100049c0       0x1a CMakeFiles/pico16470.dir/home/henry/code/pico-sdk/src/rp2_common/hardware_irq/irq.c.obj
 *fill*         0x00000000100049da        0x2 
 .rodata.pll_init.str1.4
                0x00000000100049dc       0xd7 CMakeFiles/pico16470.dir/home/henry/code/pico-sdk/src/rp2_common/hardware_pll/pll.c.obj
 *fill*         0x0000000010004ab3        0x1 
 .rodata.__func__.0
                0x0000000010004ab4        0x9 CMakeFiles/pico16470.dir/home/henry/code/pico-sdk/src/rp2_common/hardware_pll/pll.c.obj
 *fill*         0x0000000010004abd        0x3 
 .rodata._ftoa.str1.4
                0x0000000010004ac0       0x15 CMakeFiles/pico16470.dir/home/henry/code/pico-sdk/src/rp2_common/pico_printf/printf.c.obj
 *fill*         0x0000000010004ad5        0x3 
 .rodata._vsnprintf
                0x0000000010004ad8      0x1e0 CMakeFiles/pico16470.dir/home/henry/code/pico-sdk/src/rp2_common/pico_printf/printf.c.obj
 .rodata.pow10.0
                0x0000000010004cb8       0x50 CMakeFiles/pico16470.dir/home/henry/code/pico-sdk/src/rp2_common/pico_printf/printf.c.obj
 .rodata.__aeabi_double_init.str1.4
                0x0000000010004d08       0xa7 CMakeFiles/pico16470.dir/home/henry/code/pico-sdk/src/rp2_common/pico_double/double_init_rom.c.obj
 *fill*         0x0000000010004daf        0x1 
 .rodata.__func__.0
                0x0000000010004db0       0x14 CMakeFiles/pico16470.dir/home/henry/code/pico-sdk/src/rp2_common/pico_double/double_init_rom.c.obj
 .rodata.__aeabi_float_init.str1.4
                0x0000000010004dc4       0x79 CMakeFiles/pico16470.dir/home/henry/code/pico-sdk/src/rp2_common/pico_float/float_init_rom.c.obj
                                         0x7d (size before relaxing)
 *fill*         0x0000000010004e3d        0x3 
 .rodata.__func__.0
                0x0000000010004e40       0x13 CMakeFiles/pico16470.dir/home/henry/code/pico-sdk/src/rp2_common/pico_float/float_init_rom.c.obj
 *fill*         0x0000000010004e53        0x1 
 .rodata.str1.4
                0x0000000010004e54       0x44 CMakeFiles/pico16470.dir/home/henry/code/pico-sdk/src/rp2_common/pico_standard_link/binary_info.c.obj
 .rodata.__bi_44
                0x0000000010004e98        0xc CMakeFiles/pico16470.dir/home/henry/code/pico-sdk/src/rp2_common/pico_standard_link/binary_info.c.obj
 .rodata.__bi_56
                0x0000000010004ea4        0xc CMakeFiles/pico16470.dir/home/henry/code/pico-sdk/src/rp2_common/pico_standard_link/binary_info.c.obj
 .rodata.__bi_75
                0x0000000010004eb0        0xc CMakeFiles/pico16470.dir/home/henry/code/pico-sdk/src/rp2_common/pico_standard_link/binary_info.c.obj
 .rodata.__bi_81
                0x0000000010004ebc        0xc CMakeFiles/pico16470.dir/home/henry/code/pico-sdk/src/rp2_common/pico_standard_link/binary_info.c.obj
 .rodata.crlf_str.3
                0x0000000010004ec8        0x2 CMakeFiles/pico16470.dir/home/henry/code/pico-sdk/src/rp2_common/pico_stdio/stdio.c.obj
                0x0000000010004ecc                . = ALIGN (0x4)
 *fill*         0x0000000010004eca        0x2 
 *(SORT_BY_ALIGNMENT(SORT_BY_NAME(.flashdata*)))
                0x0000000010004ecc                . = ALIGN (0x4)

.rel.dyn        0x0000000010004ecc        0x0
 .rel.iplt      0x0000000010004ecc        0x0 /usr/bin/../lib/gcc/arm-none-eabi/10.2.1/thumb/v6-m/nofp/crtbegin.o

.ARM.extab
 *(.ARM.extab* .gnu.linkonce.armextab.*)
                0x0000000010004ecc                __exidx_start = .

.ARM.exidx
 *(.ARM.exidx* .gnu.linkonce.armexidx.*)
                0x0000000010004ecc                __exidx_end = .
                0x0000000010004ecc                . = ALIGN (0x4)
                0x0000000010004ecc                __binary_info_start = .

.binary_info    0x0000000010004ecc       0x20
 *(.binary_info.keep.*)
 .binary_info.keep.__bi_ptr22
                0x0000000010004ecc        0x4 CMakeFiles/pico16470.dir/home/henry/code/pico-sdk/src/rp2_common/pico_standard_link/binary_info.c.obj
 .binary_info.keep.__bi_ptr30
                0x0000000010004ed0        0x4 CMakeFiles/pico16470.dir/home/henry/code/pico-sdk/src/rp2_common/pico_standard_link/binary_info.c.obj
 .binary_info.keep.__bi_ptr38
                0x0000000010004ed4        0x4 CMakeFiles/pico16470.dir/home/henry/code/pico-sdk/src/rp2_common/pico_standard_link/binary_info.c.obj
 .binary_info.keep.__bi_ptr44
                0x0000000010004ed8        0x4 CMakeFiles/pico16470.dir/home/henry/code/pico-sdk/src/rp2_common/pico_standard_link/binary_info.c.obj
 .binary_info.keep.__bi_ptr50
                0x0000000010004edc        0x4 CMakeFiles/pico16470.dir/home/henry/code/pico-sdk/src/rp2_common/pico_standard_link/binary_info.c.obj
 .binary_info.keep.__bi_ptr56
                0x0000000010004ee0        0x4 CMakeFiles/pico16470.dir/home/henry/code/pico-sdk/src/rp2_common/pico_standard_link/binary_info.c.obj
 .binary_info.keep.__bi_ptr75
                0x0000000010004ee4        0x4 CMakeFiles/pico16470.dir/home/henry/code/pico-sdk/src/rp2_common/pico_standard_link/binary_info.c.obj
 .binary_info.keep.__bi_ptr81
                0x0000000010004ee8        0x4 CMakeFiles/pico16470.dir/home/henry/code/pico-sdk/src/rp2_common/pico_standard_link/binary_info.c.obj
 *(.binary_info.*)
                0x0000000010004eec                __binary_info_end = .
                0x0000000010004eec                . = ALIGN (0x4)
                0x0000000010004eec                __etext = .

.ram_vector_table
                0x0000000020000000       0xc0
 *(.ram_vector_table)
 .ram_vector_table
                0x0000000020000000       0xc0 CMakeFiles/pico16470.dir/home/henry/code/pico-sdk/src/rp2_common/pico_runtime/runtime.c.obj
                0x0000000020000000                ram_vector_table

.data           0x00000000200000c0      0x1ac load address 0x0000000010004eec
                0x00000000200000c0                __data_start__ = .
 *(vtable)
 *(.time_critical*)
 .time_critical.mutex_enter_blocking
                0x00000000200000c0       0x48 CMakeFiles/pico16470.dir/home/henry/code/pico-sdk/src/common/pico_sync/mutex.c.obj
                0x00000000200000c0                mutex_enter_blocking
 .time_critical.mutex_try_enter
                0x0000000020000108       0x46 CMakeFiles/pico16470.dir/home/henry/code/pico-sdk/src/common/pico_sync/mutex.c.obj
                0x0000000020000108                mutex_try_enter
 *fill*         0x000000002000014e        0x2 
 .time_critical.mutex_exit
                0x0000000020000150       0x4c CMakeFiles/pico16470.dir/home/henry/code/pico-sdk/src/common/pico_sync/mutex.c.obj
                0x0000000020000150                mutex_exit
 *(.text*)
 .text          0x000000002000019c        0x4 /usr/bin/../lib/gcc/arm-none-eabi/10.2.1/thumb/v6-m/nofp/libgcc.a(_dvmd_tls.o)
                0x000000002000019c                __aeabi_ldiv0
                0x000000002000019c                __aeabi_idiv0
 .text.__stub   0x00000000200001a0       0x10 linker stubs
                0x00000000200001b0                . = ALIGN (0x4)
 *(.rodata*)
                0x00000000200001b0                . = ALIGN (0x4)
 *(.data*)
 .data.striped_spin_lock_num
                0x00000000200001b0        0x1 CMakeFiles/pico16470.dir/home/henry/code/pico-sdk/src/rp2_common/hardware_sync/sync.c.obj
 *fill*         0x00000000200001b1        0x3 
 .data.default_alarm_pool
                0x00000000200001b4       0x18 CMakeFiles/pico16470.dir/home/henry/code/pico-sdk/src/common/pico_time/time.c.obj
 .data.default_alarm_pool_heap
                0x00000000200001cc       0x10 CMakeFiles/pico16470.dir/home/henry/code/pico-sdk/src/common/pico_time/time.c.obj
 .data          0x00000000200001dc       0x48 CMakeFiles/pico16470.dir/home/henry/code/pico-sdk/src/rp2_common/hardware_irq/irq_handler_chain.S.obj
                0x00000000200001dc                irq_handler_chain_slots
                0x000000002000020c                irq_handler_chain_first_slot
                0x0000000020000216                irq_handler_chain_remove_tail
 *fill*         0x0000000020000224        0xc 
 .data.aeabi_bits_funcs
                0x0000000020000230       0x10 CMakeFiles/pico16470.dir/home/henry/code/pico-sdk/src/rp2_common/pico_bit_ops/bit_ops_aeabi.S.obj
                0x0000000020000230                aeabi_bits_funcs
                0x0000000020000240                aeabi_bits_funcs_end
 .data.aeabi_mem_funcs
                0x0000000020000240       0x10 CMakeFiles/pico16470.dir/home/henry/code/pico-sdk/src/rp2_common/pico_mem_ops/mem_ops_aeabi.S.obj
                0x0000000020000240                aeabi_mem_funcs
                0x0000000020000250                aeabi_mem_funcs_end
                0x0000000020000250                . = ALIGN (0x4)
 *(.after_data.*)
                0x0000000020000250                . = ALIGN (0x4)
                0x0000000020000250                PROVIDE (__mutex_array_start = .)
 *(SORT_BY_NAME(.mutex_array.*))
 *(.mutex_array)
 .mutex_array   0x0000000020000250        0x8 CMakeFiles/pico16470.dir/home/henry/code/pico-sdk/src/rp2_common/pico_stdio/stdio.c.obj
                0x0000000020000258                PROVIDE (__mutex_array_end = .)
                0x0000000020000258                . = ALIGN (0x4)
                0x0000000020000258                PROVIDE (__preinit_array_start = .)
 *(SORT_BY_NAME(.preinit_array.*))
 .preinit_array.00001
                0x0000000020000258        0x4 CMakeFiles/pico16470.dir/home/henry/code/pico-sdk/src/rp2_common/pico_mem_ops/mem_ops_aeabi.S.obj
 .preinit_array.00010
                0x000000002000025c        0x4 CMakeFiles/pico16470.dir/home/henry/code/pico-sdk/src/rp2_common/pico_bit_ops/bit_ops_aeabi.S.obj
 .preinit_array.00020
                0x0000000020000260        0x4 CMakeFiles/pico16470.dir/home/henry/code/pico-sdk/src/rp2_common/pico_double/double_aeabi.S.obj
 .preinit_array.00020
                0x0000000020000264        0x4 CMakeFiles/pico16470.dir/home/henry/code/pico-sdk/src/rp2_common/pico_float/float_aeabi.S.obj
 *(.preinit_array)
                0x0000000020000268                PROVIDE (__preinit_array_end = .)
                0x0000000020000268                . = ALIGN (0x4)
                0x0000000020000268                PROVIDE (__init_array_start = .)
 *(SORT_BY_NAME(.init_array.*))
 *(.init_array)
 .init_array    0x0000000020000268        0x4 /usr/bin/../lib/gcc/arm-none-eabi/10.2.1/thumb/v6-m/nofp/crtbegin.o
                0x000000002000026c                PROVIDE (__init_array_end = .)
                0x000000002000026c                . = ALIGN (0x4)
                [!provide]                        PROVIDE (__fini_array_start = .)
 *(SORT_BY_NAME(.fini_array.*))
 *(.fini_array)
                [!provide]                        PROVIDE (__fini_array_end = .)
 *(.jcr)
                0x000000002000026c                . = ALIGN (0x4)
                0x000000002000026c                __data_end__ = .

.igot.plt       0x000000002000026c        0x0 load address 0x0000000010005098
 .igot.plt      0x000000002000026c        0x0 /usr/bin/../lib/gcc/arm-none-eabi/10.2.1/thumb/v6-m/nofp/crtbegin.o

.uninitialized_data
                0x000000002000026c        0x0 load address 0x0000000010005098
                0x000000002000026c                . = ALIGN (0x4)
 *(.uninitialized_data*)

.scratch_x      0x0000000020040000        0x0 load address 0x0000000010005098
                0x0000000020040000                __scratch_x_start__ = .
 *(.scratch_x.*)
                0x0000000020040000                . = ALIGN (0x4)
                0x0000000020040000                __scratch_x_end__ = .
                0x0000000010005098                __scratch_x_source__ = LOADADDR (.scratch_x)

.scratch_y      0x0000000020041000        0x0 load address 0x0000000010005098
                0x0000000020041000                __scratch_y_start__ = .
 *(.scratch_y.*)
                0x0000000020041000                . = ALIGN (0x4)
                0x0000000020041000                __scratch_y_end__ = .
                0x0000000010005098                __scratch_y_source__ = LOADADDR (.scratch_y)

.bss            0x0000000020000270      0x3c8
                0x0000000020000270                . = ALIGN (0x4)
                0x0000000020000270                __bss_start__ = .
 *(SORT_BY_ALIGNMENT(SORT_BY_NAME(.bss*)))
 .bss.default_alarm_pool_entries
                0x0000000020000270      0x100 CMakeFiles/pico16470.dir/home/henry/code/pico-sdk/src/common/pico_time/time.c.obj
 .bss           0x0000000020000370       0x1c /usr/bin/../lib/gcc/arm-none-eabi/10.2.1/thumb/v6-m/nofp/crtbegin.o
 .bss.alarm_callbacks
                0x000000002000038c       0x10 CMakeFiles/pico16470.dir/home/henry/code/pico-sdk/src/rp2_common/hardware_timer/timer.c.obj
 .bss.configured_freq
                0x000000002000039c       0x28 CMakeFiles/pico16470.dir/home/henry/code/pico-sdk/src/rp2_common/hardware_clocks/clocks.c.obj
 .bss.default_alarm_pool_entry_ids_high
                0x00000000200003c4       0x10 CMakeFiles/pico16470.dir/home/henry/code/pico-sdk/src/common/pico_time/time.c.obj
 .bss.default_alarm_pool_heap_nodes
                0x00000000200003d4       0x30 CMakeFiles/pico16470.dir/home/henry/code/pico-sdk/src/common/pico_time/time.c.obj
 .bss.drivers   0x0000000020000404        0x4 CMakeFiles/pico16470.dir/home/henry/code/pico-sdk/src/rp2_common/pico_stdio/stdio.c.obj
 .bss.filter    0x0000000020000408        0x4 CMakeFiles/pico16470.dir/home/henry/code/pico-sdk/src/rp2_common/pico_stdio/stdio.c.obj
 .bss.pools     0x000000002000040c       0x10 CMakeFiles/pico16470.dir/home/henry/code/pico-sdk/src/common/pico_time/time.c.obj
 .bss.sd_table  0x000000002000041c      0x100 CMakeFiles/pico16470.dir/home/henry/code/pico-sdk/src/rp2_common/pico_double/double_init_rom.c.obj
                0x000000002000041c                sd_table
 .bss.sf_clz_func
                0x000000002000051c        0x4 CMakeFiles/pico16470.dir/home/henry/code/pico-sdk/src/rp2_common/pico_double/double_init_rom.c.obj
                0x000000002000051c                sf_clz_func
 .bss.sf_table  0x0000000020000520      0x100 CMakeFiles/pico16470.dir/home/henry/code/pico-sdk/src/rp2_common/pico_float/float_init_rom.c.obj
                0x0000000020000520                sf_table
 .bss.sleep_notifier
                0x0000000020000620        0x4 CMakeFiles/pico16470.dir/home/henry/code/pico-sdk/src/common/pico_time/time.c.obj
 .bss.target_hi
                0x0000000020000624       0x10 CMakeFiles/pico16470.dir/home/henry/code/pico-sdk/src/rp2_common/hardware_timer/timer.c.obj
 .bss.claimed   0x0000000020000634        0x1 CMakeFiles/pico16470.dir/home/henry/code/pico-sdk/src/rp2_common/hardware_timer/timer.c.obj
 .bss.irq_hander_chain_free_slot_head
                0x0000000020000635        0x1 CMakeFiles/pico16470.dir/home/henry/code/pico-sdk/src/rp2_common/hardware_irq/irq.c.obj
 .bss.timer_callbacks_pending
                0x0000000020000636        0x1 CMakeFiles/pico16470.dir/home/henry/code/pico-sdk/src/rp2_common/hardware_timer/timer.c.obj
 *(COMMON)
                0x0000000020000638                . = ALIGN (0x4)
 *fill*         0x0000000020000637        0x1 
                0x0000000020000638                __bss_end__ = .

.heap           0x0000000020000638      0x800
                0x0000000020000638                __end__ = .
                0x0000000020000638                end = __end__
 *(.heap*)
 .heap          0x0000000020000638      0x800 CMakeFiles/pico16470.dir/home/henry/code/pico-sdk/src/rp2_common/pico_standard_link/crt0.S.obj
                0x0000000020000e38                __HeapLimit = .

.stack1_dummy   0x0000000020040000        0x0
 *(.stack1*)

.stack_dummy    0x0000000020041000      0x800
 *(.stack*)
 .stack         0x0000000020041000      0x800 CMakeFiles/pico16470.dir/home/henry/code/pico-sdk/src/rp2_common/pico_standard_link/crt0.S.obj

.flash_end      0x0000000010005098        0x0
                0x0000000010005098                __flash_binary_end = .
                0x0000000020040000                __StackLimit = (ORIGIN (RAM) + LENGTH (RAM))
                0x0000000020041000                __StackOneTop = (ORIGIN (SCRATCH_X) + LENGTH (SCRATCH_X))
                0x0000000020042000                __StackTop = (ORIGIN (SCRATCH_Y) + LENGTH (SCRATCH_Y))
                0x0000000020041000                __StackOneBottom = (__StackOneTop - SIZEOF (.stack1_dummy))
                0x0000000020041800                __StackBottom = (__StackTop - SIZEOF (.stack_dummy))
                0x0000000020042000                PROVIDE (__stack = __StackTop)
                0x0000000000000001                ASSERT ((__StackLimit >= __HeapLimit), region RAM overflowed)
                0x0000000000000001                ASSERT (((__binary_info_header_end - __logical_binary_start) <= 0x100), Binary info must be in first 256 bytes of the binary)
LOAD CMakeFiles/pico16470.dir/src/main.c.obj
LOAD CMakeFiles/pico16470.dir/src/imu.c.obj
LOAD CMakeFiles/pico16470.dir/home/henry/code/pico-sdk/src/rp2_common/pico_stdlib/stdlib.c.obj
LOAD CMakeFiles/pico16470.dir/home/henry/code/pico-sdk/src/rp2_common/hardware_gpio/gpio.c.obj
LOAD CMakeFiles/pico16470.dir/home/henry/code/pico-sdk/src/rp2_common/hardware_claim/claim.c.obj
LOAD CMakeFiles/pico16470.dir/home/henry/code/pico-sdk/src/rp2_common/pico_platform/platform.c.obj
LOAD CMakeFiles/pico16470.dir/home/henry/code/pico-sdk/src/rp2_common/hardware_sync/sync.c.obj
LOAD CMakeFiles/pico16470.dir/home/henry/code/pico-sdk/src/rp2_common/hardware_uart/uart.c.obj
LOAD CMakeFiles/pico16470.dir/home/henry/code/pico-sdk/src/rp2_common/hardware_divider/divider.S.obj
LOAD CMakeFiles/pico16470.dir/home/henry/code/pico-sdk/src/common/pico_time/time.c.obj
LOAD CMakeFiles/pico16470.dir/home/henry/code/pico-sdk/src/common/pico_time/timeout_helper.c.obj
LOAD CMakeFiles/pico16470.dir/home/henry/code/pico-sdk/src/rp2_common/hardware_timer/timer.c.obj
LOAD CMakeFiles/pico16470.dir/home/henry/code/pico-sdk/src/common/pico_sync/sem.c.obj
LOAD CMakeFiles/pico16470.dir/home/henry/code/pico-sdk/src/common/pico_sync/lock_core.c.obj
LOAD CMakeFiles/pico16470.dir/home/henry/code/pico-sdk/src/common/pico_sync/mutex.c.obj
LOAD CMakeFiles/pico16470.dir/home/henry/code/pico-sdk/src/common/pico_sync/critical_section.c.obj
LOAD CMakeFiles/pico16470.dir/home/henry/code/pico-sdk/src/common/pico_util/datetime.c.obj
LOAD CMakeFiles/pico16470.dir/home/henry/code/pico-sdk/src/common/pico_util/pheap.c.obj
LOAD CMakeFiles/pico16470.dir/home/henry/code/pico-sdk/src/common/pico_util/queue.c.obj
LOAD CMakeFiles/pico16470.dir/home/henry/code/pico-sdk/src/rp2_common/pico_runtime/runtime.c.obj
LOAD CMakeFiles/pico16470.dir/home/henry/code/pico-sdk/src/rp2_common/hardware_clocks/clocks.c.obj
LOAD CMakeFiles/pico16470.dir/home/henry/code/pico-sdk/src/rp2_common/hardware_irq/irq.c.obj
LOAD CMakeFiles/pico16470.dir/home/henry/code/pico-sdk/src/rp2_common/hardware_irq/irq_handler_chain.S.obj
LOAD CMakeFiles/pico16470.dir/home/henry/code/pico-sdk/src/rp2_common/hardware_pll/pll.c.obj
LOAD CMakeFiles/pico16470.dir/home/henry/code/pico-sdk/src/rp2_common/hardware_vreg/vreg.c.obj
LOAD CMakeFiles/pico16470.dir/home/henry/code/pico-sdk/src/rp2_common/hardware_watchdog/watchdog.c.obj
LOAD CMakeFiles/pico16470.dir/home/henry/code/pico-sdk/src/rp2_common/hardware_xosc/xosc.c.obj
LOAD CMakeFiles/pico16470.dir/home/henry/code/pico-sdk/src/rp2_common/pico_printf/printf.c.obj
LOAD CMakeFiles/pico16470.dir/home/henry/code/pico-sdk/src/rp2_common/pico_bit_ops/bit_ops_aeabi.S.obj
LOAD CMakeFiles/pico16470.dir/home/henry/code/pico-sdk/src/rp2_common/pico_bootrom/bootrom.c.obj
LOAD CMakeFiles/pico16470.dir/home/henry/code/pico-sdk/src/rp2_common/pico_divider/divider.S.obj
LOAD CMakeFiles/pico16470.dir/home/henry/code/pico-sdk/src/rp2_common/pico_double/double_aeabi.S.obj
LOAD CMakeFiles/pico16470.dir/home/henry/code/pico-sdk/src/rp2_common/pico_double/double_init_rom.c.obj
LOAD CMakeFiles/pico16470.dir/home/henry/code/pico-sdk/src/rp2_common/pico_double/double_math.c.obj
LOAD CMakeFiles/pico16470.dir/home/henry/code/pico-sdk/src/rp2_common/pico_double/double_v1_rom_shim.S.obj
LOAD CMakeFiles/pico16470.dir/home/henry/code/pico-sdk/src/rp2_common/pico_int64_ops/pico_int64_ops_aeabi.S.obj
LOAD CMakeFiles/pico16470.dir/home/henry/code/pico-sdk/src/rp2_common/pico_float/float_aeabi.S.obj
LOAD CMakeFiles/pico16470.dir/home/henry/code/pico-sdk/src/rp2_common/pico_float/float_init_rom.c.obj
LOAD CMakeFiles/pico16470.dir/home/henry/code/pico-sdk/src/rp2_common/pico_float/float_math.c.obj
LOAD CMakeFiles/pico16470.dir/home/henry/code/pico-sdk/src/rp2_common/pico_float/float_v1_rom_shim.S.obj
LOAD CMakeFiles/pico16470.dir/home/henry/code/pico-sdk/src/rp2_common/pico_malloc/pico_malloc.c.obj
LOAD CMakeFiles/pico16470.dir/home/henry/code/pico-sdk/src/rp2_common/pico_mem_ops/mem_ops_aeabi.S.obj
LOAD CMakeFiles/pico16470.dir/home/henry/code/pico-sdk/src/rp2_common/pico_standard_link/crt0.S.obj
LOAD CMakeFiles/pico16470.dir/home/henry/code/pico-sdk/src/rp2_common/pico_standard_link/new_delete.cpp.obj
LOAD CMakeFiles/pico16470.dir/home/henry/code/pico-sdk/src/rp2_common/pico_standard_link/binary_info.c.obj
LOAD CMakeFiles/pico16470.dir/home/henry/code/pico-sdk/src/rp2_common/pico_stdio/stdio.c.obj
LOAD CMakeFiles/pico16470.dir/home/henry/code/pico-sdk/src/rp2_common/pico_stdio_uart/stdio_uart.c.obj
LOAD CMakeFiles/pico16470.dir/home/henry/code/pico-sdk/src/rp2_common/hardware_spi/spi.c.obj
LOAD CMakeFiles/pico16470.dir/home/henry/code/pico-sdk/src/rp2_common/hardware_dma/dma.c.obj
LOAD CMakeFiles/pico16470.dir/home/henry/code/pico-sdk/src/rp2_common/hardware_pio/pio.c.obj
LOAD /tmp/cc5HSMXM.o
LOAD /usr/bin/../lib/gcc/arm-none-eabi/10.2.1/../../../../arm-none-eabi/lib/thumb/v6-m/nofp/libstdc++.a
LOAD /usr/bin/../lib/gcc/arm-none-eabi/10.2.1/../../../../arm-none-eabi/lib/thumb/v6-m/nofp/libm.a
START GROUP
LOAD /usr/bin/../lib/gcc/arm-none-eabi/10.2.1/thumb/v6-m/nofp/libgcc.a
LOAD /usr/bin/../lib/gcc/arm-none-eabi/10.2.1/../../../../arm-none-eabi/lib/thumb/v6-m/nofp/libg.a
LOAD /usr/bin/../lib/gcc/arm-none-eabi/10.2.1/../../../../arm-none-eabi/lib/thumb/v6-m/nofp/libc.a
END GROUP
START GROUP
LOAD /usr/bin/../lib/gcc/arm-none-eabi/10.2.1/thumb/v6-m/nofp/libgcc.a
LOAD /usr/bin/../lib/gcc/arm-none-eabi/10.2.1/../../../../arm-none-eabi/lib/thumb/v6-m/nofp/libc.a
LOAD /usr/bin/../lib/gcc/arm-none-eabi/10.2.1/../../../../arm-none-eabi/lib/thumb/v6-m/nofp/libnosys.a
END GROUP
LOAD /usr/bin/../lib/gcc/arm-none-eabi/10.2.1/thumb/v6-m/nofp/crtend.o
LOAD /usr/bin/../lib/gcc/arm-none-eabi/10.2.1/thumb/v6-m/nofp/crtn.o
OUTPUT(pico16470.elf elf32-littlearm)
LOAD linker stubs

.ARM.attributes
                0x0000000000000000       0x28
 .ARM.attributes
                0x0000000000000000       0x1e /usr/bin/../lib/gcc/arm-none-eabi/10.2.1/thumb/v6-m/nofp/crti.o
 .ARM.attributes
                0x000000000000001e       0x2c /usr/bin/../lib/gcc/arm-none-eabi/10.2.1/thumb/v6-m/nofp/crtbegin.o
 .ARM.attributes
                0x000000000000004a       0x2c CMakeFiles/pico16470.dir/src/main.c.obj
 .ARM.attributes
                0x0000000000000076       0x2c CMakeFiles/pico16470.dir/home/henry/code/pico-sdk/src/rp2_common/hardware_gpio/gpio.c.obj
 .ARM.attributes
                0x00000000000000a2       0x2c CMakeFiles/pico16470.dir/home/henry/code/pico-sdk/src/rp2_common/hardware_claim/claim.c.obj
 .ARM.attributes
                0x00000000000000ce       0x2c CMakeFiles/pico16470.dir/home/henry/code/pico-sdk/src/rp2_common/pico_platform/platform.c.obj
 .ARM.attributes
                0x00000000000000fa       0x2c CMakeFiles/pico16470.dir/home/henry/code/pico-sdk/src/rp2_common/hardware_sync/sync.c.obj
 .ARM.attributes
                0x0000000000000126       0x2c CMakeFiles/pico16470.dir/home/henry/code/pico-sdk/src/common/pico_time/time.c.obj
 .ARM.attributes
                0x0000000000000152       0x2c CMakeFiles/pico16470.dir/home/henry/code/pico-sdk/src/rp2_common/hardware_timer/timer.c.obj
 .ARM.attributes
                0x000000000000017e       0x2c CMakeFiles/pico16470.dir/home/henry/code/pico-sdk/src/common/pico_sync/lock_core.c.obj
 .ARM.attributes
                0x00000000000001aa       0x2c CMakeFiles/pico16470.dir/home/henry/code/pico-sdk/src/common/pico_sync/mutex.c.obj
 .ARM.attributes
                0x00000000000001d6       0x2c CMakeFiles/pico16470.dir/home/henry/code/pico-sdk/src/common/pico_util/pheap.c.obj
 .ARM.attributes
                0x0000000000000202       0x2c CMakeFiles/pico16470.dir/home/henry/code/pico-sdk/src/rp2_common/pico_runtime/runtime.c.obj
 .ARM.attributes
                0x000000000000022e       0x2c CMakeFiles/pico16470.dir/home/henry/code/pico-sdk/src/rp2_common/hardware_clocks/clocks.c.obj
 .ARM.attributes
                0x000000000000025a       0x2c CMakeFiles/pico16470.dir/home/henry/code/pico-sdk/src/rp2_common/hardware_irq/irq.c.obj
 .ARM.attributes
                0x0000000000000286       0x22 CMakeFiles/pico16470.dir/home/henry/code/pico-sdk/src/rp2_common/hardware_irq/irq_handler_chain.S.obj
 .ARM.attributes
                0x00000000000002a8       0x2c CMakeFiles/pico16470.dir/home/henry/code/pico-sdk/src/rp2_common/hardware_pll/pll.c.obj
 .ARM.attributes
                0x00000000000002d4       0x2c CMakeFiles/pico16470.dir/home/henry/code/pico-sdk/src/rp2_common/hardware_watchdog/watchdog.c.obj
 .ARM.attributes
                0x0000000000000300       0x2c CMakeFiles/pico16470.dir/home/henry/code/pico-sdk/src/rp2_common/hardware_xosc/xosc.c.obj
 .ARM.attributes
                0x000000000000032c       0x2c CMakeFiles/pico16470.dir/home/henry/code/pico-sdk/src/rp2_common/pico_printf/printf.c.obj
 .ARM.attributes
                0x0000000000000358       0x22 CMakeFiles/pico16470.dir/home/henry/code/pico-sdk/src/rp2_common/pico_bit_ops/bit_ops_aeabi.S.obj
 .ARM.attributes
                0x000000000000037a       0x2c CMakeFiles/pico16470.dir/home/henry/code/pico-sdk/src/rp2_common/pico_bootrom/bootrom.c.obj
 .ARM.attributes
                0x00000000000003a6       0x22 CMakeFiles/pico16470.dir/home/henry/code/pico-sdk/src/rp2_common/pico_divider/divider.S.obj
 .ARM.attributes
                0x00000000000003c8       0x22 CMakeFiles/pico16470.dir/home/henry/code/pico-sdk/src/rp2_common/pico_double/double_aeabi.S.obj
 .ARM.attributes
                0x00000000000003ea       0x2c CMakeFiles/pico16470.dir/home/henry/code/pico-sdk/src/rp2_common/pico_double/double_init_rom.c.obj
 .ARM.attributes
                0x0000000000000416       0x22 CMakeFiles/pico16470.dir/home/henry/code/pico-sdk/src/rp2_common/pico_double/double_v1_rom_shim.S.obj
 .ARM.attributes
                0x0000000000000438       0x22 CMakeFiles/pico16470.dir/home/henry/code/pico-sdk/src/rp2_common/pico_int64_ops/pico_int64_ops_aeabi.S.obj
 .ARM.attributes
                0x000000000000045a       0x22 CMakeFiles/pico16470.dir/home/henry/code/pico-sdk/src/rp2_common/pico_float/float_aeabi.S.obj
 .ARM.attributes
                0x000000000000047c       0x2c CMakeFiles/pico16470.dir/home/henry/code/pico-sdk/src/rp2_common/pico_float/float_init_rom.c.obj
 .ARM.attributes
                0x00000000000004a8       0x22 CMakeFiles/pico16470.dir/home/henry/code/pico-sdk/src/rp2_common/pico_float/float_v1_rom_shim.S.obj
 .ARM.attributes
                0x00000000000004ca       0x22 CMakeFiles/pico16470.dir/home/henry/code/pico-sdk/src/rp2_common/pico_mem_ops/mem_ops_aeabi.S.obj
 .ARM.attributes
                0x00000000000004ec       0x22 CMakeFiles/pico16470.dir/home/henry/code/pico-sdk/src/rp2_common/pico_standard_link/crt0.S.obj
 .ARM.attributes
                0x000000000000050e       0x32 CMakeFiles/pico16470.dir/home/henry/code/pico-sdk/src/rp2_common/pico_standard_link/binary_info.c.obj
 .ARM.attributes
                0x0000000000000540       0x2c CMakeFiles/pico16470.dir/home/henry/code/pico-sdk/src/rp2_common/pico_stdio/stdio.c.obj
 .ARM.attributes
                0x000000000000056c       0x22 /tmp/cc5HSMXM.o
 .ARM.attributes
                0x000000000000058e       0x1e /usr/bin/../lib/gcc/arm-none-eabi/10.2.1/thumb/v6-m/nofp/libgcc.a(_dvmd_tls.o)
 .ARM.attributes
                0x00000000000005ac       0x2c /usr/bin/../lib/gcc/arm-none-eabi/10.2.1/../../../../arm-none-eabi/lib/thumb/v6-m/nofp/libg.a(lib_a-strlen-stub.o)

.comment        0x0000000000000000       0x4d
 .comment       0x0000000000000000       0x4d CMakeFiles/pico16470.dir/src/main.c.obj
                                         0x4e (size before relaxing)
 .comment       0x000000000000004d       0x4e CMakeFiles/pico16470.dir/home/henry/code/pico-sdk/src/rp2_common/hardware_gpio/gpio.c.obj
 .comment       0x000000000000004d       0x4e CMakeFiles/pico16470.dir/home/henry/code/pico-sdk/src/rp2_common/hardware_claim/claim.c.obj
 .comment       0x000000000000004d       0x4e CMakeFiles/pico16470.dir/home/henry/code/pico-sdk/src/rp2_common/pico_platform/platform.c.obj
 .comment       0x000000000000004d       0x4e CMakeFiles/pico16470.dir/home/henry/code/pico-sdk/src/rp2_common/hardware_sync/sync.c.obj
 .comment       0x000000000000004d       0x4e CMakeFiles/pico16470.dir/home/henry/code/pico-sdk/src/common/pico_time/time.c.obj
 .comment       0x000000000000004d       0x4e CMakeFiles/pico16470.dir/home/henry/code/pico-sdk/src/rp2_common/hardware_timer/timer.c.obj
 .comment       0x000000000000004d       0x4e CMakeFiles/pico16470.dir/home/henry/code/pico-sdk/src/common/pico_sync/lock_core.c.obj
 .comment       0x000000000000004d       0x4e CMakeFiles/pico16470.dir/home/henry/code/pico-sdk/src/common/pico_sync/mutex.c.obj
 .comment       0x000000000000004d       0x4e CMakeFiles/pico16470.dir/home/henry/code/pico-sdk/src/common/pico_util/pheap.c.obj
 .comment       0x000000000000004d       0x4e CMakeFiles/pico16470.dir/home/henry/code/pico-sdk/src/rp2_common/pico_runtime/runtime.c.obj
 .comment       0x000000000000004d       0x4e CMakeFiles/pico16470.dir/home/henry/code/pico-sdk/src/rp2_common/hardware_clocks/clocks.c.obj
 .comment       0x000000000000004d       0x4e CMakeFiles/pico16470.dir/home/henry/code/pico-sdk/src/rp2_common/hardware_irq/irq.c.obj
 .comment       0x000000000000004d       0x4e CMakeFiles/pico16470.dir/home/henry/code/pico-sdk/src/rp2_common/hardware_pll/pll.c.obj
 .comment       0x000000000000004d       0x4e CMakeFiles/pico16470.dir/home/henry/code/pico-sdk/src/rp2_common/hardware_watchdog/watchdog.c.obj
 .comment       0x000000000000004d       0x4e CMakeFiles/pico16470.dir/home/henry/code/pico-sdk/src/rp2_common/hardware_xosc/xosc.c.obj
 .comment       0x000000000000004d       0x4e CMakeFiles/pico16470.dir/home/henry/code/pico-sdk/src/rp2_common/pico_printf/printf.c.obj
 .comment       0x000000000000004d       0x4e CMakeFiles/pico16470.dir/home/henry/code/pico-sdk/src/rp2_common/pico_bootrom/bootrom.c.obj
 .comment       0x000000000000004d       0x4e CMakeFiles/pico16470.dir/home/henry/code/pico-sdk/src/rp2_common/pico_double/double_init_rom.c.obj
 .comment       0x000000000000004d       0x4e CMakeFiles/pico16470.dir/home/henry/code/pico-sdk/src/rp2_common/pico_float/float_init_rom.c.obj
 .comment       0x000000000000004d       0x4e CMakeFiles/pico16470.dir/home/henry/code/pico-sdk/src/rp2_common/pico_standard_link/binary_info.c.obj
 .comment       0x000000000000004d       0x4e CMakeFiles/pico16470.dir/home/henry/code/pico-sdk/src/rp2_common/pico_stdio/stdio.c.obj

.debug_info     0x0000000000000000    0x12254
 .debug_info    0x0000000000000000      0x613 CMakeFiles/pico16470.dir/src/main.c.obj
 .debug_info    0x0000000000000613     0x1491 CMakeFiles/pico16470.dir/home/henry/code/pico-sdk/src/rp2_common/hardware_gpio/gpio.c.obj
 .debug_info    0x0000000000001aa4      0x6bb CMakeFiles/pico16470.dir/home/henry/code/pico-sdk/src/rp2_common/hardware_claim/claim.c.obj
 .debug_info    0x000000000000215f      0x1e3 CMakeFiles/pico16470.dir/home/henry/code/pico-sdk/src/rp2_common/pico_platform/platform.c.obj
 .debug_info    0x0000000000002342      0x58e CMakeFiles/pico16470.dir/home/henry/code/pico-sdk/src/rp2_common/hardware_sync/sync.c.obj
 .debug_info    0x00000000000028d0     0x3b3b CMakeFiles/pico16470.dir/home/henry/code/pico-sdk/src/common/pico_time/time.c.obj
 .debug_info    0x000000000000640b     0x1134 CMakeFiles/pico16470.dir/home/henry/code/pico-sdk/src/rp2_common/hardware_timer/timer.c.obj
 .debug_info    0x000000000000753f      0x1a4 CMakeFiles/pico16470.dir/home/henry/code/pico-sdk/src/common/pico_sync/lock_core.c.obj
 .debug_info    0x00000000000076e3     0x2022 CMakeFiles/pico16470.dir/home/henry/code/pico-sdk/src/common/pico_sync/mutex.c.obj
 .debug_info    0x0000000000009705     0x120c CMakeFiles/pico16470.dir/home/henry/code/pico-sdk/src/common/pico_util/pheap.c.obj
 .debug_info    0x000000000000a911      0xa87 CMakeFiles/pico16470.dir/home/henry/code/pico-sdk/src/rp2_common/pico_runtime/runtime.c.obj
 .debug_info    0x000000000000b398      0xf6c CMakeFiles/pico16470.dir/home/henry/code/pico-sdk/src/rp2_common/hardware_clocks/clocks.c.obj
 .debug_info    0x000000000000c304     0x1968 CMakeFiles/pico16470.dir/home/henry/code/pico-sdk/src/rp2_common/hardware_irq/irq.c.obj
 .debug_info    0x000000000000dc6c       0x26 CMakeFiles/pico16470.dir/home/henry/code/pico-sdk/src/rp2_common/hardware_irq/irq_handler_chain.S.obj
 .debug_info    0x000000000000dc92      0x51b CMakeFiles/pico16470.dir/home/henry/code/pico-sdk/src/rp2_common/hardware_pll/pll.c.obj
 .debug_info    0x000000000000e1ad      0x4ee CMakeFiles/pico16470.dir/home/henry/code/pico-sdk/src/rp2_common/hardware_watchdog/watchdog.c.obj
 .debug_info    0x000000000000e69b      0x1d8 CMakeFiles/pico16470.dir/home/henry/code/pico-sdk/src/rp2_common/hardware_xosc/xosc.c.obj
 .debug_info    0x000000000000e873     0x1a5f CMakeFiles/pico16470.dir/home/henry/code/pico-sdk/src/rp2_common/pico_printf/printf.c.obj
 .debug_info    0x00000000000102d2       0x22 CMakeFiles/pico16470.dir/home/henry/code/pico-sdk/src/rp2_common/pico_bit_ops/bit_ops_aeabi.S.obj
 .debug_info    0x00000000000102f4      0x27c CMakeFiles/pico16470.dir/home/henry/code/pico-sdk/src/rp2_common/pico_bootrom/bootrom.c.obj
 .debug_info    0x0000000000010570       0x22 CMakeFiles/pico16470.dir/home/henry/code/pico-sdk/src/rp2_common/pico_divider/divider.S.obj
 .debug_info    0x0000000000010592       0x22 CMakeFiles/pico16470.dir/home/henry/code/pico-sdk/src/rp2_common/pico_double/double_aeabi.S.obj
 .debug_info    0x00000000000105b4      0x2d1 CMakeFiles/pico16470.dir/home/henry/code/pico-sdk/src/rp2_common/pico_double/double_init_rom.c.obj
 .debug_info    0x0000000000010885       0x22 CMakeFiles/pico16470.dir/home/henry/code/pico-sdk/src/rp2_common/pico_double/double_v1_rom_shim.S.obj
 .debug_info    0x00000000000108a7       0x26 CMakeFiles/pico16470.dir/home/henry/code/pico-sdk/src/rp2_common/pico_int64_ops/pico_int64_ops_aeabi.S.obj
 .debug_info    0x00000000000108cd       0x22 CMakeFiles/pico16470.dir/home/henry/code/pico-sdk/src/rp2_common/pico_float/float_aeabi.S.obj
 .debug_info    0x00000000000108ef      0x2eb CMakeFiles/pico16470.dir/home/henry/code/pico-sdk/src/rp2_common/pico_float/float_init_rom.c.obj
 .debug_info    0x0000000000010bda       0x22 CMakeFiles/pico16470.dir/home/henry/code/pico-sdk/src/rp2_common/pico_float/float_v1_rom_shim.S.obj
 .debug_info    0x0000000000010bfc       0x22 CMakeFiles/pico16470.dir/home/henry/code/pico-sdk/src/rp2_common/pico_mem_ops/mem_ops_aeabi.S.obj
 .debug_info    0x0000000000010c1e       0x22 CMakeFiles/pico16470.dir/home/henry/code/pico-sdk/src/rp2_common/pico_standard_link/crt0.S.obj
 .debug_info    0x0000000000010c40      0x327 CMakeFiles/pico16470.dir/home/henry/code/pico-sdk/src/rp2_common/pico_standard_link/binary_info.c.obj
 .debug_info    0x0000000000010f67     0x12ed CMakeFiles/pico16470.dir/home/henry/code/pico-sdk/src/rp2_common/pico_stdio/stdio.c.obj

.debug_abbrev   0x0000000000000000     0x3906
 .debug_abbrev  0x0000000000000000      0x1aa CMakeFiles/pico16470.dir/src/main.c.obj
 .debug_abbrev  0x00000000000001aa      0x2c4 CMakeFiles/pico16470.dir/home/henry/code/pico-sdk/src/rp2_common/hardware_gpio/gpio.c.obj
 .debug_abbrev  0x000000000000046e      0x2e9 CMakeFiles/pico16470.dir/home/henry/code/pico-sdk/src/rp2_common/hardware_claim/claim.c.obj
 .debug_abbrev  0x0000000000000757       0xeb CMakeFiles/pico16470.dir/home/henry/code/pico-sdk/src/rp2_common/pico_platform/platform.c.obj
 .debug_abbrev  0x0000000000000842      0x21b CMakeFiles/pico16470.dir/home/henry/code/pico-sdk/src/rp2_common/hardware_sync/sync.c.obj
 .debug_abbrev  0x0000000000000a5d      0x54d CMakeFiles/pico16470.dir/home/henry/code/pico-sdk/src/common/pico_time/time.c.obj
 .debug_abbrev  0x0000000000000faa      0x3a2 CMakeFiles/pico16470.dir/home/henry/code/pico-sdk/src/rp2_common/hardware_timer/timer.c.obj
 .debug_abbrev  0x000000000000134c      0x116 CMakeFiles/pico16470.dir/home/henry/code/pico-sdk/src/common/pico_sync/lock_core.c.obj
 .debug_abbrev  0x0000000000001462      0x386 CMakeFiles/pico16470.dir/home/henry/code/pico-sdk/src/common/pico_sync/mutex.c.obj
 .debug_abbrev  0x00000000000017e8      0x297 CMakeFiles/pico16470.dir/home/henry/code/pico-sdk/src/common/pico_util/pheap.c.obj
 .debug_abbrev  0x0000000000001a7f      0x3aa CMakeFiles/pico16470.dir/home/henry/code/pico-sdk/src/rp2_common/pico_runtime/runtime.c.obj
 .debug_abbrev  0x0000000000001e29      0x3a5 CMakeFiles/pico16470.dir/home/henry/code/pico-sdk/src/rp2_common/hardware_clocks/clocks.c.obj
 .debug_abbrev  0x00000000000021ce      0x4cd CMakeFiles/pico16470.dir/home/henry/code/pico-sdk/src/rp2_common/hardware_irq/irq.c.obj
 .debug_abbrev  0x000000000000269b       0x14 CMakeFiles/pico16470.dir/home/henry/code/pico-sdk/src/rp2_common/hardware_irq/irq_handler_chain.S.obj
 .debug_abbrev  0x00000000000026af      0x1ea CMakeFiles/pico16470.dir/home/henry/code/pico-sdk/src/rp2_common/hardware_pll/pll.c.obj
 .debug_abbrev  0x0000000000002899      0x1a8 CMakeFiles/pico16470.dir/home/henry/code/pico-sdk/src/rp2_common/hardware_watchdog/watchdog.c.obj
 .debug_abbrev  0x0000000000002a41      0x109 CMakeFiles/pico16470.dir/home/henry/code/pico-sdk/src/rp2_common/hardware_xosc/xosc.c.obj
 .debug_abbrev  0x0000000000002b4a      0x384 CMakeFiles/pico16470.dir/home/henry/code/pico-sdk/src/rp2_common/pico_printf/printf.c.obj
 .debug_abbrev  0x0000000000002ece       0x12 CMakeFiles/pico16470.dir/home/henry/code/pico-sdk/src/rp2_common/pico_bit_ops/bit_ops_aeabi.S.obj
 .debug_abbrev  0x0000000000002ee0      0x13b CMakeFiles/pico16470.dir/home/henry/code/pico-sdk/src/rp2_common/pico_bootrom/bootrom.c.obj
 .debug_abbrev  0x000000000000301b       0x12 CMakeFiles/pico16470.dir/home/henry/code/pico-sdk/src/rp2_common/pico_divider/divider.S.obj
 .debug_abbrev  0x000000000000302d       0x12 CMakeFiles/pico16470.dir/home/henry/code/pico-sdk/src/rp2_common/pico_double/double_aeabi.S.obj
 .debug_abbrev  0x000000000000303f      0x179 CMakeFiles/pico16470.dir/home/henry/code/pico-sdk/src/rp2_common/pico_double/double_init_rom.c.obj
 .debug_abbrev  0x00000000000031b8       0x12 CMakeFiles/pico16470.dir/home/henry/code/pico-sdk/src/rp2_common/pico_double/double_v1_rom_shim.S.obj
 .debug_abbrev  0x00000000000031ca       0x14 CMakeFiles/pico16470.dir/home/henry/code/pico-sdk/src/rp2_common/pico_int64_ops/pico_int64_ops_aeabi.S.obj
 .debug_abbrev  0x00000000000031de       0x12 CMakeFiles/pico16470.dir/home/henry/code/pico-sdk/src/rp2_common/pico_float/float_aeabi.S.obj
 .debug_abbrev  0x00000000000031f0      0x18c CMakeFiles/pico16470.dir/home/henry/code/pico-sdk/src/rp2_common/pico_float/float_init_rom.c.obj
 .debug_abbrev  0x000000000000337c       0x12 CMakeFiles/pico16470.dir/home/henry/code/pico-sdk/src/rp2_common/pico_float/float_v1_rom_shim.S.obj
 .debug_abbrev  0x000000000000338e       0x12 CMakeFiles/pico16470.dir/home/henry/code/pico-sdk/src/rp2_common/pico_mem_ops/mem_ops_aeabi.S.obj
 .debug_abbrev  0x00000000000033a0       0x12 CMakeFiles/pico16470.dir/home/henry/code/pico-sdk/src/rp2_common/pico_standard_link/crt0.S.obj
 .debug_abbrev  0x00000000000033b2       0xad CMakeFiles/pico16470.dir/home/henry/code/pico-sdk/src/rp2_common/pico_standard_link/binary_info.c.obj
 .debug_abbrev  0x000000000000345f      0x4a7 CMakeFiles/pico16470.dir/home/henry/code/pico-sdk/src/rp2_common/pico_stdio/stdio.c.obj

.debug_loc      0x0000000000000000     0xcb55
 .debug_loc     0x0000000000000000      0x114 CMakeFiles/pico16470.dir/src/main.c.obj
 .debug_loc     0x0000000000000114      0xede CMakeFiles/pico16470.dir/home/henry/code/pico-sdk/src/rp2_common/hardware_gpio/gpio.c.obj
 .debug_loc     0x0000000000000ff2      0x45f CMakeFiles/pico16470.dir/home/henry/code/pico-sdk/src/rp2_common/hardware_claim/claim.c.obj
 .debug_loc     0x0000000000001451       0xe9 CMakeFiles/pico16470.dir/home/henry/code/pico-sdk/src/rp2_common/pico_platform/platform.c.obj
 .debug_loc     0x000000000000153a      0x233 CMakeFiles/pico16470.dir/home/henry/code/pico-sdk/src/rp2_common/hardware_sync/sync.c.obj
 .debug_loc     0x000000000000176d     0x2e2a CMakeFiles/pico16470.dir/home/henry/code/pico-sdk/src/common/pico_time/time.c.obj
 .debug_loc     0x0000000000004597      0x952 CMakeFiles/pico16470.dir/home/henry/code/pico-sdk/src/rp2_common/hardware_timer/timer.c.obj
 .debug_loc     0x0000000000004ee9       0x60 CMakeFiles/pico16470.dir/home/henry/code/pico-sdk/src/common/pico_sync/lock_core.c.obj
 .debug_loc     0x0000000000004f49     0x1469 CMakeFiles/pico16470.dir/home/henry/code/pico-sdk/src/common/pico_sync/mutex.c.obj
 .debug_loc     0x00000000000063b2     0x1439 CMakeFiles/pico16470.dir/home/henry/code/pico-sdk/src/common/pico_util/pheap.c.obj
 .debug_loc     0x00000000000077eb      0x3ff CMakeFiles/pico16470.dir/home/henry/code/pico-sdk/src/rp2_common/pico_runtime/runtime.c.obj
 .debug_loc     0x0000000000007bea      0x7eb CMakeFiles/pico16470.dir/home/henry/code/pico-sdk/src/rp2_common/hardware_clocks/clocks.c.obj
 .debug_loc     0x00000000000083d5     0x1274 CMakeFiles/pico16470.dir/home/henry/code/pico-sdk/src/rp2_common/hardware_irq/irq.c.obj
 .debug_loc     0x0000000000009649      0x300 CMakeFiles/pico16470.dir/home/henry/code/pico-sdk/src/rp2_common/hardware_pll/pll.c.obj
 .debug_loc     0x0000000000009949      0x2ec CMakeFiles/pico16470.dir/home/henry/code/pico-sdk/src/rp2_common/hardware_watchdog/watchdog.c.obj
 .debug_loc     0x0000000000009c35       0x71 CMakeFiles/pico16470.dir/home/henry/code/pico-sdk/src/rp2_common/hardware_xosc/xosc.c.obj
 .debug_loc     0x0000000000009ca6     0x2095 CMakeFiles/pico16470.dir/home/henry/code/pico-sdk/src/rp2_common/pico_printf/printf.c.obj
 .debug_loc     0x000000000000bd3b      0x1a1 CMakeFiles/pico16470.dir/home/henry/code/pico-sdk/src/rp2_common/pico_bootrom/bootrom.c.obj
 .debug_loc     0x000000000000bedc       0x59 CMakeFiles/pico16470.dir/home/henry/code/pico-sdk/src/rp2_common/pico_double/double_init_rom.c.obj
 .debug_loc     0x000000000000bf35       0x73 CMakeFiles/pico16470.dir/home/henry/code/pico-sdk/src/rp2_common/pico_float/float_init_rom.c.obj
 .debug_loc     0x000000000000bfa8      0xbad CMakeFiles/pico16470.dir/home/henry/code/pico-sdk/src/rp2_common/pico_stdio/stdio.c.obj

.debug_aranges  0x0000000000000000      0xd08
 .debug_aranges
                0x0000000000000000       0x30 CMakeFiles/pico16470.dir/src/main.c.obj
 .debug_aranges
                0x0000000000000030       0xd8 CMakeFiles/pico16470.dir/home/henry/code/pico-sdk/src/rp2_common/hardware_gpio/gpio.c.obj
 .debug_aranges
                0x0000000000000108       0x48 CMakeFiles/pico16470.dir/home/henry/code/pico-sdk/src/rp2_common/hardware_claim/claim.c.obj
 .debug_aranges
                0x0000000000000150       0x28 CMakeFiles/pico16470.dir/home/henry/code/pico-sdk/src/rp2_common/pico_platform/platform.c.obj
 .debug_aranges
                0x0000000000000178       0x58 CMakeFiles/pico16470.dir/home/henry/code/pico-sdk/src/rp2_common/hardware_sync/sync.c.obj
 .debug_aranges
                0x00000000000001d0       0xd0 CMakeFiles/pico16470.dir/home/henry/code/pico-sdk/src/common/pico_time/time.c.obj
 .debug_aranges
                0x00000000000002a0       0x78 CMakeFiles/pico16470.dir/home/henry/code/pico-sdk/src/rp2_common/hardware_timer/timer.c.obj
 .debug_aranges
                0x0000000000000318       0x20 CMakeFiles/pico16470.dir/home/henry/code/pico-sdk/src/common/pico_sync/lock_core.c.obj
 .debug_aranges
                0x0000000000000338       0x88 CMakeFiles/pico16470.dir/home/henry/code/pico-sdk/src/common/pico_sync/mutex.c.obj
 .debug_aranges
                0x00000000000003c0       0x78 CMakeFiles/pico16470.dir/home/henry/code/pico-sdk/src/common/pico_util/pheap.c.obj
 .debug_aranges
                0x0000000000000438       0x60 CMakeFiles/pico16470.dir/home/henry/code/pico-sdk/src/rp2_common/pico_runtime/runtime.c.obj
 .debug_aranges
                0x0000000000000498       0x70 CMakeFiles/pico16470.dir/home/henry/code/pico-sdk/src/rp2_common/hardware_clocks/clocks.c.obj
 .debug_aranges
                0x0000000000000508       0x98 CMakeFiles/pico16470.dir/home/henry/code/pico-sdk/src/rp2_common/hardware_irq/irq.c.obj
 .debug_aranges
                0x00000000000005a0       0x20 CMakeFiles/pico16470.dir/home/henry/code/pico-sdk/src/rp2_common/hardware_irq/irq_handler_chain.S.obj
 .debug_aranges
                0x00000000000005c0       0x28 CMakeFiles/pico16470.dir/home/henry/code/pico-sdk/src/rp2_common/hardware_pll/pll.c.obj
 .debug_aranges
                0x00000000000005e8       0x58 CMakeFiles/pico16470.dir/home/henry/code/pico-sdk/src/rp2_common/hardware_watchdog/watchdog.c.obj
 .debug_aranges
                0x0000000000000640       0x30 CMakeFiles/pico16470.dir/home/henry/code/pico-sdk/src/rp2_common/hardware_xosc/xosc.c.obj
 .debug_aranges
                0x0000000000000670       0x90 CMakeFiles/pico16470.dir/home/henry/code/pico-sdk/src/rp2_common/pico_printf/printf.c.obj
 .debug_aranges
                0x0000000000000700       0x68 CMakeFiles/pico16470.dir/home/henry/code/pico-sdk/src/rp2_common/pico_bit_ops/bit_ops_aeabi.S.obj
 .debug_aranges
                0x0000000000000768       0x30 CMakeFiles/pico16470.dir/home/henry/code/pico-sdk/src/rp2_common/pico_bootrom/bootrom.c.obj
 .debug_aranges
                0x0000000000000798       0x40 CMakeFiles/pico16470.dir/home/henry/code/pico-sdk/src/rp2_common/pico_divider/divider.S.obj
 .debug_aranges
                0x00000000000007d8      0x140 CMakeFiles/pico16470.dir/home/henry/code/pico-sdk/src/rp2_common/pico_double/double_aeabi.S.obj
 .debug_aranges
                0x0000000000000918       0x20 CMakeFiles/pico16470.dir/home/henry/code/pico-sdk/src/rp2_common/pico_double/double_init_rom.c.obj
 .debug_aranges
                0x0000000000000938       0xc8 CMakeFiles/pico16470.dir/home/henry/code/pico-sdk/src/rp2_common/pico_double/double_v1_rom_shim.S.obj
 .debug_aranges
                0x0000000000000a00       0x20 CMakeFiles/pico16470.dir/home/henry/code/pico-sdk/src/rp2_common/pico_int64_ops/pico_int64_ops_aeabi.S.obj
 .debug_aranges
                0x0000000000000a20      0x130 CMakeFiles/pico16470.dir/home/henry/code/pico-sdk/src/rp2_common/pico_float/float_aeabi.S.obj
 .debug_aranges
                0x0000000000000b50       0x20 CMakeFiles/pico16470.dir/home/henry/code/pico-sdk/src/rp2_common/pico_float/float_init_rom.c.obj
 .debug_aranges
                0x0000000000000b70       0x50 CMakeFiles/pico16470.dir/home/henry/code/pico-sdk/src/rp2_common/pico_float/float_v1_rom_shim.S.obj
 .debug_aranges
                0x0000000000000bc0       0x38 CMakeFiles/pico16470.dir/home/henry/code/pico-sdk/src/rp2_common/pico_mem_ops/mem_ops_aeabi.S.obj
 .debug_aranges
                0x0000000000000bf8       0x28 CMakeFiles/pico16470.dir/home/henry/code/pico-sdk/src/rp2_common/pico_standard_link/crt0.S.obj
 .debug_aranges
                0x0000000000000c20       0x18 CMakeFiles/pico16470.dir/home/henry/code/pico-sdk/src/rp2_common/pico_standard_link/binary_info.c.obj
 .debug_aranges
                0x0000000000000c38       0xd0 CMakeFiles/pico16470.dir/home/henry/code/pico-sdk/src/rp2_common/pico_stdio/stdio.c.obj

.debug_ranges   0x0000000000000000     0x2b90
 .debug_ranges  0x0000000000000000       0x20 CMakeFiles/pico16470.dir/src/main.c.obj
 .debug_ranges  0x0000000000000020       0xe0 CMakeFiles/pico16470.dir/home/henry/code/pico-sdk/src/rp2_common/hardware_gpio/gpio.c.obj
 .debug_ranges  0x0000000000000100       0xd8 CMakeFiles/pico16470.dir/home/henry/code/pico-sdk/src/rp2_common/hardware_claim/claim.c.obj
 .debug_ranges  0x00000000000001d8       0x18 CMakeFiles/pico16470.dir/home/henry/code/pico-sdk/src/rp2_common/pico_platform/platform.c.obj
 .debug_ranges  0x00000000000001f0       0xf0 CMakeFiles/pico16470.dir/home/henry/code/pico-sdk/src/rp2_common/hardware_sync/sync.c.obj
 .debug_ranges  0x00000000000002e0      0xba0 CMakeFiles/pico16470.dir/home/henry/code/pico-sdk/src/common/pico_time/time.c.obj
 .debug_ranges  0x0000000000000e80      0x320 CMakeFiles/pico16470.dir/home/henry/code/pico-sdk/src/rp2_common/hardware_timer/timer.c.obj
 .debug_ranges  0x00000000000011a0       0x10 CMakeFiles/pico16470.dir/home/henry/code/pico-sdk/src/common/pico_sync/lock_core.c.obj
 .debug_ranges  0x00000000000011b0      0xab8 CMakeFiles/pico16470.dir/home/henry/code/pico-sdk/src/common/pico_sync/mutex.c.obj
 .debug_ranges  0x0000000000001c68      0x248 CMakeFiles/pico16470.dir/home/henry/code/pico-sdk/src/common/pico_util/pheap.c.obj
 .debug_ranges  0x0000000000001eb0       0x80 CMakeFiles/pico16470.dir/home/henry/code/pico-sdk/src/rp2_common/pico_runtime/runtime.c.obj
 .debug_ranges  0x0000000000001f30       0x60 CMakeFiles/pico16470.dir/home/henry/code/pico-sdk/src/rp2_common/hardware_clocks/clocks.c.obj
 .debug_ranges  0x0000000000001f90      0x3d0 CMakeFiles/pico16470.dir/home/henry/code/pico-sdk/src/rp2_common/hardware_irq/irq.c.obj
 .debug_ranges  0x0000000000002360       0x30 CMakeFiles/pico16470.dir/home/henry/code/pico-sdk/src/rp2_common/hardware_pll/pll.c.obj
 .debug_ranges  0x0000000000002390       0x48 CMakeFiles/pico16470.dir/home/henry/code/pico-sdk/src/rp2_common/hardware_watchdog/watchdog.c.obj
 .debug_ranges  0x00000000000023d8       0x20 CMakeFiles/pico16470.dir/home/henry/code/pico-sdk/src/rp2_common/hardware_xosc/xosc.c.obj
 .debug_ranges  0x00000000000023f8      0x108 CMakeFiles/pico16470.dir/home/henry/code/pico-sdk/src/rp2_common/pico_printf/printf.c.obj
 .debug_ranges  0x0000000000002500       0x60 CMakeFiles/pico16470.dir/home/henry/code/pico-sdk/src/rp2_common/pico_bit_ops/bit_ops_aeabi.S.obj
 .debug_ranges  0x0000000000002560       0x38 CMakeFiles/pico16470.dir/home/henry/code/pico-sdk/src/rp2_common/pico_bootrom/bootrom.c.obj
 .debug_ranges  0x0000000000002598       0x38 CMakeFiles/pico16470.dir/home/henry/code/pico-sdk/src/rp2_common/pico_divider/divider.S.obj
 .debug_ranges  0x00000000000025d0      0x138 CMakeFiles/pico16470.dir/home/henry/code/pico-sdk/src/rp2_common/pico_double/double_aeabi.S.obj
 .debug_ranges  0x0000000000002708       0x30 CMakeFiles/pico16470.dir/home/henry/code/pico-sdk/src/rp2_common/pico_double/double_init_rom.c.obj
 .debug_ranges  0x0000000000002738       0xc0 CMakeFiles/pico16470.dir/home/henry/code/pico-sdk/src/rp2_common/pico_double/double_v1_rom_shim.S.obj
 .debug_ranges  0x00000000000027f8      0x128 CMakeFiles/pico16470.dir/home/henry/code/pico-sdk/src/rp2_common/pico_float/float_aeabi.S.obj
 .debug_ranges  0x0000000000002920       0x28 CMakeFiles/pico16470.dir/home/henry/code/pico-sdk/src/rp2_common/pico_float/float_init_rom.c.obj
 .debug_ranges  0x0000000000002948       0x48 CMakeFiles/pico16470.dir/home/henry/code/pico-sdk/src/rp2_common/pico_float/float_v1_rom_shim.S.obj